Address  Size     Align Out     In      Symbol
00001000 0004f3d6  4096 .text
00001000 00000411    16         C:/llvmMinGW/x86_64-w64-mingw32/lib/crt2.o:(.text)
00001000 00000000     0                 WinMainCRTStartup
00001004 00000000     0                 .l_startw
00001018 00000000     0                 .l_endw
00001020 00000000     0                 __tmainCRTStartup
000013d0 00000000     0                 mainCRTStartup
000013d4 00000000     0                 .l_start
000013e8 00000000     0                 .l_end
000013f0 00000000     0                 atexit
000013f0 00000000     0                 atexit
000013f0 00000000     0                 atexit
000013f0 00000000     0                 atexit
00001400 00000000     0                 safe_flush
00001410 00000000     0                 __mingw_invalidParameterHandler
00001414 00000000     4         C:/llvmMinGW/x86_64-w64-mingw32/lib/crtbegin.o:(.text)
00001420 000033f0    16         fg_callbacks.c.obj:(.text)
000014cb 00000000     0                 glutIdleFuncUcall
000014cb 00000000     0                 glutIdleFuncUcall
00001549 00000000     0                 glutIdleFunc
00001549 00000000     0                 glutIdleFunc
000015b9 00000000     0                 glutTimerFuncUcall
000015b9 00000000     0                 glutTimerFuncUcall
00001714 00000000     0                 glutTimerFunc
00001714 00000000     0                 glutTimerFunc
00001714 00000000     0                 glutTimerFunc
00001714 00000000     0                 glutTimerFunc
000017a2 00000000     0                 glutMenuStateFunc
000017a2 00000000     0                 glutMenuStateFunc
000017ec 00000000     0                 glutMenuStatusFuncUcall
000017ec 00000000     0                 glutMenuStatusFuncUcall
00001889 00000000     0                 glutMenuStatusFunc
00001889 00000000     0                 glutMenuStatusFunc
000018f9 00000000     0                 glutMenuDestroyFuncUcall
000018f9 00000000     0                 glutMenuDestroyFuncUcall
0000198f 00000000     0                 glutMenuDestroyFunc
0000198f 00000000     0                 glutMenuDestroyFunc
00001a32 00000000     0                 glutPositionFuncUcall
00001a32 00000000     0                 glutPositionFuncUcall
00001af1 00000000     0                 glutPositionFunc
00001af1 00000000     0                 glutPositionFunc
00001ba1 00000000     0                 glutKeyboardFuncUcall
00001ba1 00000000     0                 glutKeyboardFuncUcall
00001c60 00000000     0                 glutKeyboardFunc
00001c60 00000000     0                 glutKeyboardFunc
00001c60 00000000     0                 glutKeyboardFunc
00001d10 00000000     0                 glutKeyboardUpFuncUcall
00001d10 00000000     0                 glutKeyboardUpFuncUcall
00001dcf 00000000     0                 glutKeyboardUpFunc
00001dcf 00000000     0                 glutKeyboardUpFunc
00001e7c 00000000     0                 glutSpecialFuncUcall
00001e7c 00000000     0                 glutSpecialFuncUcall
00001f3b 00000000     0                 glutSpecialFunc
00001f3b 00000000     0                 glutSpecialFunc
00001fe8 00000000     0                 glutSpecialUpFuncUcall
00001fe8 00000000     0                 glutSpecialUpFuncUcall
000020a7 00000000     0                 glutSpecialUpFunc
000020a7 00000000     0                 glutSpecialUpFunc
0000215b 00000000     0                 glutMouseFuncUcall
0000215b 00000000     0                 glutMouseFuncUcall
0000221a 00000000     0                 glutMouseFunc
0000221a 00000000     0                 glutMouseFunc
000022ce 00000000     0                 glutMouseWheelFuncUcall
000022ce 00000000     0                 glutMouseWheelFuncUcall
0000238d 00000000     0                 glutMouseWheelFunc
0000238d 00000000     0                 glutMouseWheelFunc
00002430 00000000     0                 glutMotionFuncUcall
00002430 00000000     0                 glutMotionFuncUcall
000024ef 00000000     0                 glutMotionFunc
000024ef 00000000     0                 glutMotionFunc
00002592 00000000     0                 glutPassiveMotionFuncUcall
00002592 00000000     0                 glutPassiveMotionFuncUcall
00002651 00000000     0                 glutPassiveMotionFunc
00002651 00000000     0                 glutPassiveMotionFunc
000026ed 00000000     0                 glutEntryFuncUcall
000026ed 00000000     0                 glutEntryFuncUcall
000027ac 00000000     0                 glutEntryFunc
000027ac 00000000     0                 glutEntryFunc
00002840 00000000     0                 glutCloseFuncUcall
00002840 00000000     0                 glutCloseFuncUcall
000028ff 00000000     0                 glutCloseFunc
000028ff 00000000     0                 glutCloseFunc
00002993 00000000     0                 glutWMCloseFuncUcall
00002993 00000000     0                 glutWMCloseFuncUcall
00002a52 00000000     0                 glutWMCloseFunc
00002a52 00000000     0                 glutWMCloseFunc
00002ae6 00000000     0                 glutOverlayDisplayFuncUcall
00002ae6 00000000     0                 glutOverlayDisplayFuncUcall
00002ba5 00000000     0                 glutOverlayDisplayFunc
00002ba5 00000000     0                 glutOverlayDisplayFunc
00002c41 00000000     0                 glutWindowStatusFuncUcall
00002c41 00000000     0                 glutWindowStatusFuncUcall
00002d00 00000000     0                 glutWindowStatusFunc
00002d00 00000000     0                 glutWindowStatusFunc
00002da3 00000000     0                 glutButtonBoxFuncUcall
00002da3 00000000     0                 glutButtonBoxFuncUcall
00002e62 00000000     0                 glutButtonBoxFunc
00002e62 00000000     0                 glutButtonBoxFunc
00002f05 00000000     0                 glutDialsFuncUcall
00002f05 00000000     0                 glutDialsFuncUcall
00002fc4 00000000     0                 glutDialsFunc
00002fc4 00000000     0                 glutDialsFunc
00003067 00000000     0                 glutTabletMotionFuncUcall
00003067 00000000     0                 glutTabletMotionFuncUcall
00003126 00000000     0                 glutTabletMotionFunc
00003126 00000000     0                 glutTabletMotionFunc
000031da 00000000     0                 glutTabletButtonFuncUcall
000031da 00000000     0                 glutTabletButtonFuncUcall
00003299 00000000     0                 glutTabletButtonFunc
00003299 00000000     0                 glutTabletButtonFunc
0000333c 00000000     0                 glutMultiEntryFuncUcall
0000333c 00000000     0                 glutMultiEntryFuncUcall
000033fb 00000000     0                 glutMultiEntryFunc
000033fb 00000000     0                 glutMultiEntryFunc
000034b1 00000000     0                 glutMultiButtonFuncUcall
000034b1 00000000     0                 glutMultiButtonFuncUcall
00003570 00000000     0                 glutMultiButtonFunc
00003570 00000000     0                 glutMultiButtonFunc
0000361d 00000000     0                 glutMultiMotionFuncUcall
0000361d 00000000     0                 glutMultiMotionFuncUcall
000036dc 00000000     0                 glutMultiMotionFunc
000036dc 00000000     0                 glutMultiMotionFunc
00003789 00000000     0                 glutMultiPassiveFuncUcall
00003789 00000000     0                 glutMultiPassiveFuncUcall
00003848 00000000     0                 glutMultiPassiveFunc
00003848 00000000     0                 glutMultiPassiveFunc
000038dc 00000000     0                 glutInitContextFuncUcall
000038dc 00000000     0                 glutInitContextFuncUcall
0000399b 00000000     0                 glutInitContextFunc
0000399b 00000000     0                 glutInitContextFunc
00003a37 00000000     0                 glutAppStatusFuncUcall
00003a37 00000000     0                 glutAppStatusFuncUcall
00003af6 00000000     0                 glutAppStatusFunc
00003af6 00000000     0                 glutAppStatusFunc
00003b66 00000000     0                 glutDisplayFuncUcall
00003b66 00000000     0                 glutDisplayFuncUcall
00003c5f 00000000     0                 glutDisplayFunc
00003c5f 00000000     0                 glutDisplayFunc
00003c5f 00000000     0                 glutDisplayFunc
00003c5f 00000000     0                 glutDisplayFunc
00003ccf 00000000     0                 fghDefaultReshape
00003ccf 00000000     0                 fghDefaultReshape
00003d07 00000000     0                 glutReshapeFuncUcall
00003d07 00000000     0                 glutReshapeFuncUcall
00003e13 00000000     0                 glutReshapeFunc
00003e13 00000000     0                 glutReshapeFunc
00003e13 00000000     0                 glutReshapeFunc
00003f54 00000000     0                 glutVisibilityFuncUcall
00003f54 00000000     0                 glutVisibilityFuncUcall
0000407f 00000000     0                 glutVisibilityFunc
0000407f 00000000     0                 glutVisibilityFunc
000040ef 00000000     0                 glutJoystickFuncUcall
000040ef 00000000     0                 glutJoystickFuncUcall
0000433c 00000000     0                 glutJoystickFunc
0000433c 00000000     0                 glutJoystickFunc
000043ba 00000000     0                 glutSpaceballMotionFuncUcall
000043ba 00000000     0                 glutSpaceballMotionFuncUcall
000044bb 00000000     0                 glutSpaceballMotionFunc
000044bb 00000000     0                 glutSpaceballMotionFunc
0000452b 00000000     0                 glutSpaceballRotateFuncUcall
0000452b 00000000     0                 glutSpaceballRotateFuncUcall
0000462c 00000000     0                 glutSpaceballRotateFunc
0000462c 00000000     0                 glutSpaceballRotateFunc
0000469c 00000000     0                 glutSpaceballButtonFuncUcall
0000469c 00000000     0                 glutSpaceballButtonFuncUcall
00004793 00000000     0                 glutSpaceballButtonFunc
00004793 00000000     0                 glutSpaceballButtonFunc
00004810 00000400    16         fg_display.c.obj:(.text)
000048bb 00000000     0                 glutPostRedisplay
000048bb 00000000     0                 glutPostRedisplay
000048bb 00000000     0                 glutPostRedisplay
0000493a 00000000     0                 glutSwapBuffers
0000493a 00000000     0                 glutSwapBuffers
0000493a 00000000     0                 glutSwapBuffers
0000493a 00000000     0                 glutSwapBuffers
00004b6a 00000000     0                 glutPostWindowRedisplay
00004b6a 00000000     0                 glutPostWindowRedisplay
00004bce 00000000     0                 glutSwapInterval
00004bce 00000000     0                 glutSwapInterval
00004c10 00001340    16         fg_init.c.obj:(.text)
00004c10 00000000     0                 fghParseCommandLineArguments
000050a7 00000000     0                 fghCloseInputDevices
000050a7 00000000     0                 fghCloseInputDevices
000050d6 00000000     0                 fgDeinitialize
000050d6 00000000     0                 fgDeinitialize
000050d6 00000000     0                 fgDeinitialize
00005475 00000000     0                 parseCriteria
00005632 00000000     0                 glutInit
00005632 00000000     0                 glutInit
000057dc 00000000     0                 glutExit
000057dc 00000000     0                 glutExit
000057f0 00000000     0                 glutInitWindowPosition
000057f0 00000000     0                 glutInitWindowPosition
000057f0 00000000     0                 glutInitWindowPosition
00005837 00000000     0                 glutInitWindowSize
00005837 00000000     0                 glutInitWindowSize
00005837 00000000     0                 glutInitWindowSize
00005873 00000000     0                 glutInitDisplayMode
00005873 00000000     0                 glutInitDisplayMode
00005873 00000000     0                 glutInitDisplayMode
00005886 00000000     0                 glutInitDisplayString
00005886 00000000     0                 glutInitDisplayString
00005db3 00000000     0                 glutInitContextVersion
00005db3 00000000     0                 glutInitContextVersion
00005dd2 00000000     0                 glutInitContextFlags
00005dd2 00000000     0                 glutInitContextFlags
00005de5 00000000     0                 glutInitContextProfile
00005de5 00000000     0                 glutInitContextProfile
00005df8 00000000     0                 glutInitErrorFuncUcall
00005df8 00000000     0                 glutInitErrorFuncUcall
00005e55 00000000     0                 glutInitErrorFunc
00005e55 00000000     0                 glutInitErrorFunc
00005ea0 00000000     0                 glutInitWarningFuncUcall
00005ea0 00000000     0                 glutInitWarningFuncUcall
00005efd 00000000     0                 glutInitWarningFunc
00005efd 00000000     0                 glutInitWarningFunc
00005f50 00000c40    16         fg_main.c.obj:(.text)
00005ffb 00000000     0                 fghOnReshapeNotify
00005ffb 00000000     0                 fghOnReshapeNotify
000060f2 00000000     0                 fghOnPositionNotify
000060f2 00000000     0                 fghOnPositionNotify
000061bd 00000000     0                 fghRedrawWindow
0000623e 00000000     0                 fghRedrawWindowAndChildren
0000623e 00000000     0                 fghRedrawWindowAndChildren
0000645b 00000000     0                 fgSystemTime
0000645b 00000000     0                 fgSystemTime
0000646e 00000000     0                 fgElapsedTime
0000646e 00000000     0                 fgElapsedTime
0000646e 00000000     0                 fgElapsedTime
00006495 00000000     0                 fgError
00006495 00000000     0                 fgError
00006495 00000000     0                 fgError
00006495 00000000     0                 fgError
00006495 00000000     0                 fgError
00006495 00000000     0                 fgError
00006495 00000000     0                 fgError
00006495 00000000     0                 fgError
00006495 00000000     0                 fgError
00006495 00000000     0                 fgError
00006495 00000000     0                 fgError
00006495 00000000     0                 fgError
00006495 00000000     0                 fgError
00006495 00000000     0                 fgError
00006495 00000000     0                 fgError
00006495 00000000     0                 fgError
00006495 00000000     0                 fgError
00006495 00000000     0                 fgError
00006495 00000000     0                 fgError
00006495 00000000     0                 fgError
000065dc 00000000     0                 fgWarning
000065dc 00000000     0                 fgWarning
000065dc 00000000     0                 fgWarning
000065dc 00000000     0                 fgWarning
000065dc 00000000     0                 fgWarning
000065dc 00000000     0                 fgWarning
000065dc 00000000     0                 fgWarning
000065dc 00000000     0                 fgWarning
000065dc 00000000     0                 fgWarning
000065dc 00000000     0                 fgWarning
000065dc 00000000     0                 fgWarning
000065dc 00000000     0                 fgWarning
000065dc 00000000     0                 fgWarning
000065dc 00000000     0                 fgWarning
000065dc 00000000     0                 fgWarning
000065dc 00000000     0                 fgWarning
00006837 00000000     0                 fgProcessWork
00006970 00000000     0                 glutMainLoopEvent
00006970 00000000     0                 glutMainLoopEvent
000069dd 00000000     0                 glutMainLoop
000069dd 00000000     0                 glutMainLoop
000069dd 00000000     0                 glutMainLoop
00006b40 00000000     0                 glutLeaveMainLoop
00006b40 00000000     0                 glutLeaveMainLoop
00006b90 00000e10    16         fg_state.c.obj:(.text)
00006c3b 00000000     0                 glutSetOption
00006c3b 00000000     0                 glutSetOption
00006f4c 00000000     0                 glutGet
00006f4c 00000000     0                 glutGet
00006f4c 00000000     0                 glutGet
00006f4c 00000000     0                 glutGet
00006f4c 00000000     0                 glutGet
00006f4c 00000000     0                 glutGet
00006f4c 00000000     0                 glutGet
0000757c 00000000     0                 glutDeviceGet
0000757c 00000000     0                 glutDeviceGet
00007804 00000000     0                 glutGetModifiers
00007804 00000000     0                 glutGetModifiers
00007866 00000000     0                 glutLayerGet
00007866 00000000     0                 glutLayerGet
00007939 00000000     0                 glutGetModeValues
00007939 00000000     0                 glutGetModeValues
000079a0 00000de0    16         fg_font.c.obj:(.text)
00007a4b 00000000     0                 fghFontByID
00007a4b 00000000     0                 fghFontByID
00007af9 00000000     0                 glutBitmapCharacter
00007af9 00000000     0                 glutBitmapCharacter
00007af9 00000000     0                 glutBitmapCharacter
00007c7c 00000000     0                 glutBitmapString
00007c7c 00000000     0                 glutBitmapString
00007c7c 00000000     0                 glutBitmapString
00007eb2 00000000     0                 glutBitmapWidth
00007eb2 00000000     0                 glutBitmapWidth
00007eb2 00000000     0                 glutBitmapWidth
00007f51 00000000     0                 glutBitmapLength
00007f51 00000000     0                 glutBitmapLength
00007f51 00000000     0                 glutBitmapLength
00008049 00000000     0                 glutBitmapHeight
00008049 00000000     0                 glutBitmapHeight
00008049 00000000     0                 glutBitmapHeight
000080b8 00000000     0                 glutStrokeCharacter
000080b8 00000000     0                 glutStrokeCharacter
000082a1 00000000     0                 glutStrokeString
000082a1 00000000     0                 glutStrokeString
000084ac 00000000     0                 glutStrokeWidthf
000084ac 00000000     0                 glutStrokeWidthf
0000855f 00000000     0                 glutStrokeWidth
0000855f 00000000     0                 glutStrokeWidth
00008593 00000000     0                 glutStrokeLengthf
00008593 00000000     0                 glutStrokeLengthf
000086d0 00000000     0                 glutStrokeLength
000086d0 00000000     0                 glutStrokeLength
00008706 00000000     0                 glutStrokeHeight
00008706 00000000     0                 glutStrokeHeight
00008780 00000430    16         fg_init_mswin.c.obj:(.text)
00008780 00000000     0                 fgPlatformInitialize
00008780 00000000     0                 fgPlatformInitialize
00008ada 00000000     0                 fgPlatformDeinitialiseInputDevices
00008ada 00000000     0                 fgPlatformDeinitialiseInputDevices
00008b0a 00000000     0                 fgPlatformCloseDisplay
00008b0a 00000000     0                 fgPlatformCloseDisplay
00008b62 00000000     0                 fgPlatformDestroyContext
00008b62 00000000     0                 fgPlatformDestroyContext
00008b6d 00000000     0                 __glutInitWithExit
00008b6d 00000000     0                 __glutInitWithExit
00008b6d 00000000     0                 __glutInitWithExit
00008b6d 00000000     0                 __glutInitWithExit
00008b6d 00000000     0                 __glutInitWithExit
00008b6d 00000000     0                 __glutInitWithExit
00008b6d 00000000     0                 __glutInitWithExit
00008b6d 00000000     0                 __glutInitWithExit
00008b6d 00000000     0                 __glutInitWithExit
00008b6d 00000000     0                 __glutInitWithExit
00008b6d 00000000     0                 __glutInitWithExit
00008b6d 00000000     0                 __glutInitWithExit
00008b6d 00000000     0                 __glutInitWithExit
00008b6d 00000000     0                 __glutInitWithExit
00008b6d 00000000     0                 __glutInitWithExit
00008b6d 00000000     0                 __glutInitWithExit
00008b6d 00000000     0                 __glutInitWithExit
00008b6d 00000000     0                 __glutInitWithExit
00008b6d 00000000     0                 __glutInitWithExit
00008b6d 00000000     0                 __glutInitWithExit
00008b6d 00000000     0                 __glutInitWithExit
00008b6d 00000000     0                 __glutInitWithExit
00008b6d 00000000     0                 __glutInitWithExit
00008b6d 00000000     0                 __glutInitWithExit
00008b6d 00000000     0                 __glutInitWithExit
00008b6d 00000000     0                 __glutInitWithExit
00008b6d 00000000     0                 __glutInitWithExit
00008b6d 00000000     0                 __glutInitWithExit
00008b6d 00000000     0                 __glutInitWithExit
00008b6d 00000000     0                 __glutInitWithExit
00008b6d 00000000     0                 __glutInitWithExit
00008b6d 00000000     0                 __glutInitWithExit
00008b6d 00000000     0                 __glutInitWithExit
00008b6d 00000000     0                 __glutInitWithExit
00008bb0 00001bf0    16         fg_window_mswin.c.obj:(.text)
00008bb0 00000000     0                 fghTstrFromStr
00008bb0 00000000     0                 fghTstrFromStr
00008bb0 00000000     0                 fghTstrFromStr
00008e26 00000000     0                 fgNewWGLCreateContext
00008e26 00000000     0                 fgNewWGLCreateContext
000093b3 00000000     0                 fgSetupPixelFormat
000093b3 00000000     0                 fgSetupPixelFormat
000093b3 00000000     0                 fgSetupPixelFormat
00009824 00000000     0                 fgPlatformSetWindow
00009824 00000000     0                 fgPlatformSetWindow
000098c1 00000000     0                 fghGetDefaultWindowStyle
0000991a 00000000     0                 fghGetStyleFromWindow
0000991a 00000000     0                 fghGetStyleFromWindow
000099ae 00000000     0                 fghComputeWindowRectFromClientArea_UseStyle
000099ae 00000000     0                 fghComputeWindowRectFromClientArea_UseStyle
00009a71 00000000     0                 fghComputeWindowRectFromClientArea_QueryWindow
00009a71 00000000     0                 fghComputeWindowRectFromClientArea_QueryWindow
00009acd 00000000     0                 fghGetClientArea
00009acd 00000000     0                 fghGetClientArea
00009acd 00000000     0                 fghGetClientArea
00009ca3 00000000     0                 fgPlatformOpenWindow
00009ca3 00000000     0                 fgPlatformOpenWindow
0000a4f4 00000000     0                 fgPlatformCloseWindow
0000a4f4 00000000     0                 fgPlatformCloseWindow
0000a5ee 00000000     0                 fgPlatformHideWindow
0000a5ee 00000000     0                 fgPlatformHideWindow
0000a61a 00000000     0                 fgPlatformGlutSetWindowTitle
0000a61a 00000000     0                 fgPlatformGlutSetWindowTitle
0000a6c2 00000000     0                 fgPlatformGlutSetIconTitle
0000a6c2 00000000     0                 fgPlatformGlutSetIconTitle
0000a76a 00000000     0                 __glutCreateWindowWithExit
0000a76a 00000000     0                 __glutCreateWindowWithExit
0000a76a 00000000     0                 __glutCreateWindowWithExit
0000a76a 00000000     0                 __glutCreateWindowWithExit
0000a76a 00000000     0                 __glutCreateWindowWithExit
0000a76a 00000000     0                 __glutCreateWindowWithExit
0000a76a 00000000     0                 __glutCreateWindowWithExit
0000a76a 00000000     0                 __glutCreateWindowWithExit
0000a76a 00000000     0                 __glutCreateWindowWithExit
0000a76a 00000000     0                 __glutCreateWindowWithExit
0000a76a 00000000     0                 __glutCreateWindowWithExit
0000a76a 00000000     0                 __glutCreateWindowWithExit
0000a76a 00000000     0                 __glutCreateWindowWithExit
0000a76a 00000000     0                 __glutCreateWindowWithExit
0000a76a 00000000     0                 __glutCreateWindowWithExit
0000a76a 00000000     0                 __glutCreateWindowWithExit
0000a76a 00000000     0                 __glutCreateWindowWithExit
0000a76a 00000000     0                 __glutCreateWindowWithExit
0000a76a 00000000     0                 __glutCreateWindowWithExit
0000a76a 00000000     0                 __glutCreateWindowWithExit
0000a76a 00000000     0                 __glutCreateWindowWithExit
0000a76a 00000000     0                 __glutCreateWindowWithExit
0000a76a 00000000     0                 __glutCreateWindowWithExit
0000a76a 00000000     0                 __glutCreateWindowWithExit
0000a76a 00000000     0                 __glutCreateWindowWithExit
0000a76a 00000000     0                 __glutCreateWindowWithExit
0000a76a 00000000     0                 __glutCreateWindowWithExit
0000a76a 00000000     0                 __glutCreateWindowWithExit
0000a76a 00000000     0                 __glutCreateWindowWithExit
0000a76a 00000000     0                 __glutCreateWindowWithExit
0000a76a 00000000     0                 __glutCreateWindowWithExit
0000a76a 00000000     0                 __glutCreateWindowWithExit
0000a76a 00000000     0                 __glutCreateWindowWithExit
0000a76a 00000000     0                 __glutCreateWindowWithExit
0000a7a0 00000000     4         verbose_abort.cpp.obj:(.text)
0000a7a0 0000000f    16         verbose_abort.cpp.obj:(.text$__clang_call_terminate)
0000a7a0 00000000     0                 __clang_call_terminate
0000a7a0 00000000     0                 __clang_call_terminate
0000a7a0 00000000     0                 __clang_call_terminate
0000a7a0 00000000     0                 __clang_call_terminate
0000a7a0 00000000     0                 __clang_call_terminate
0000a7a0 00000000     0                 __clang_call_terminate
0000a7a0 00000000     0                 __clang_call_terminate
0000a7a0 00000000     0                 __clang_call_terminate
0000a7a0 00000000     0                 __clang_call_terminate
0000a7b0 0000004a    16         verbose_abort.cpp.obj:(.text$_ZNSt3__122__libcpp_verbose_abortEPKcz)
0000a7b0 00000000     0                 std::__1::__libcpp_verbose_abort(char const*, ...)
0000a7b0 00000000     0                 .weak._ZNSt3__122__libcpp_verbose_abortEPKcz.default.__clang_call_terminate
0000a7b0 00000000     0                 std::__1::__libcpp_verbose_abort(char const*, ...)
0000a7fc 00000000     4         stdlib_new_delete.cpp.obj:(.text)
0000a800 0000006f    16         stdlib_new_delete.cpp.obj:(.text$_Znwy)
0000a800 00000000     0                 operator new(unsigned long long)
0000a800 00000000     0                 .weak._Znwy.default.__clang_call_terminate
0000a800 00000000     0                 operator new(unsigned long long)
0000a800 00000000     0                 operator new(unsigned long long)
0000a870 00000005    16         stdlib_new_delete.cpp.obj:(.text$_ZdlPv)
0000a870 00000000     0                 operator delete(void*)
0000a870 00000000     0                 .weak._ZdlPv.default.__clang_call_terminate
0000a870 00000000     0                 operator delete(void*)
0000a880 00000005    16         stdlib_new_delete.cpp.obj:(.text$_ZdlPvy)
0000a880 00000000     0                 operator delete(void*, unsigned long long)
0000a880 00000000     0                 .weak._ZdlPvy.default.__clang_call_terminate
0000a880 00000000     0                 operator delete(void*, unsigned long long)
0000a880 00000000     0                 operator delete(void*, unsigned long long)
0000a880 00000000     0                 operator delete(void*, unsigned long long)
0000a880 00000000     0                 operator delete(void*, unsigned long long)
0000a880 00000000     0                 operator delete(void*, unsigned long long)
0000a888 00000000     4         cxa_virtual.cpp.obj:(.text)
0000a890 00000011    16         cxa_virtual.cpp.obj:(.text$__cxa_pure_virtual)
0000a890 00000000     0                 __cxa_pure_virtual
0000a890 00000000     0                 __cxa_pure_virtual
0000a890 00000000     0                 __cxa_pure_virtual
0000a8b0 00000092    16         lib64_libmingw32_a-tlssup.o:(.text)
0000a8b0 00000000     0                 __dyn_tls_init
0000a920 00000000     0                 __tlregdtor
0000a930 00000000     0                 __dyn_tls_dtor
0000a944 00000000     4         lib64_libmingw32_a-xthdloc.o:(.text)
0000a950 00000136    16         lib64_libmingw32_a-gccmain.o:(.text)
0000a950 00000000     0                 __do_global_dtors
0000a9a0 00000000     0                 __do_global_ctors
0000aa10 00000000     0                 __main
0000aa10 00000000     0                 __main
0000aa10 00000000     0                 __main
0000aa88 00000000     4         lib64_libmingw32_a-mingw_helpers.o:(.text)
0000aa90 000002d5    16         lib64_libmingw32_a-crt_handler.o:(.text)
0000aa90 00000000     0                 __mingw_SEH_error_handler
0000ac00 00000000     0                 _gnu_exception_handler
0000ac00 00000000     0                 _gnu_exception_handler
0000ad70 0000005c    16         lib64_libmingw32_a-usermatherr.o:(.text)
0000ad70 00000000     0                 __mingw_raise_matherr
0000adc0 00000000     0                 __mingw_setusermatherr
0000adc0 00000000     0                 __mingw_setusermatherr
0000adcc 00000000     4         lib64_libmingw32_a-natstart.o:(.text)
0000adcc 00000000     4         lib64_libmingw32_a-cinitexe.o:(.text)
0000adcc 00000000     4         lib64_libmingw32_a-xncommod.o:(.text)
0000adcc 00000000     4         lib64_libmingw32_a-wildcard.o:(.text)
0000adcc 00000000     4         lib64_libmingw32_a-xtxtmode.o:(.text)
0000add0 00000003    16         lib64_libmingw32_a-CRT_fp10.o:(.text)
0000add0 00000000     0                 _fpreset
0000add0 00000000     0                 _fpreset
0000add0 00000000     0                 _fpreset
0000add0 00000000     0                 fpreset
0000add0 00000000     0                 _fpreset
0000ade0 00000068    16         lib64_libmingw32_a-merr.o:(.text)
0000ade0 00000000     0                 _matherr
0000ade0 00000000     0                 _matherr
0000ae48 00000000     4         lib64_libmingw32_a-_newmode.o:(.text)
0000ae50 0000050a    16         lib64_libmingw32_a-pseudo-reloc.o:(.text)
0000ae50 00000000     0                 _pei386_runtime_relocator
0000ae50 00000000     0                 _pei386_runtime_relocator
0000b160 00000000     0                 __write_memory
0000b300 00000000     0                 __report_error
0000b360 00000003    16         lib64_libmingw32_a-dllargv.o:(.text)
0000b360 00000000     0                 _setargv
0000b360 00000000     0                 _setargv
0000b364 00000000     4         lib64_libmingwex_a-mingw_matherr.o:(.text)
0000b370 00000001    16         lib64_libmingwex_a-mingw_cfguard_support.o:(.text)
0000b370 00000000     0                 __guard_check_icall_dummy
0000b380 00000067    16         lib64_libucrt_extra_a-ucrt__getmainargs.o:(.text)
0000b380 00000000     0                 __getmainargs
0000b380 00000000     0                 __getmainargs
0000b3f0 0000000b    16         lib64_libucrt_extra_a-__p___initenv.o:(.text)
0000b3f0 00000000     0                 __p___initenv
0000b3f0 00000000     0                 __p___initenv
0000b400 0000002e    16         lib64_libucrt_extra_a-ucrt_amsg_exit.o:(.text)
0000b400 00000000     0                 _amsg_exit
0000b400 00000000     0                 _amsg_exit
0000b430 00000048    16         lib64_libucrt_extra_a-ucrt_fprintf.o:(.text)
0000b430 00000000     0                 fprintf
0000b430 00000000     0                 fprintf
0000b430 00000000     0                 fprintf
0000b430 00000000     0                 fprintf
0000b430 00000000     0                 fprintf
0000b430 00000000     0                 fprintf
0000b430 00000000     0                 fprintf
0000b430 00000000     0                 fprintf
0000b430 00000000     0                 fprintf
0000b480 00000048    16         lib64_libucrt_extra_a-ucrt_fscanf.o:(.text)
0000b480 00000000     0                 fscanf
0000b480 00000000     0                 fscanf
0000b4d0 00000057    16         lib64_libucrt_extra_a-ucrt_printf.o:(.text)
0000b4d0 00000000     0                 printf
0000b4d0 00000000     0                 printf
0000b530 00000059    16         lib64_libucrt_extra_a-ucrt_sprintf.o:(.text)
0000b530 00000000     0                 sprintf
0000b530 00000000     0                 sprintf
0000b590 00000190    16         fg_menu_mswin.c.obj:(.text)
0000b590 00000000     0                 fgPlatformGetGameModeVMaxExtent
0000b590 00000000     0                 fgPlatformGetGameModeVMaxExtent
0000b61f 00000000     0                 fgPlatformCheckMenuDeactivate
0000b61f 00000000     0                 fgPlatformCheckMenuDeactivate
0000b6af 00000000     0                 __glutCreateMenuWithExit
0000b6af 00000000     0                 __glutCreateMenuWithExit
0000b6af 00000000     0                 __glutCreateMenuWithExit
0000b6af 00000000     0                 __glutCreateMenuWithExit
0000b6af 00000000     0                 __glutCreateMenuWithExit
0000b6af 00000000     0                 __glutCreateMenuWithExit
0000b6af 00000000     0                 __glutCreateMenuWithExit
0000b6af 00000000     0                 __glutCreateMenuWithExit
0000b6af 00000000     0                 __glutCreateMenuWithExit
0000b6af 00000000     0                 __glutCreateMenuWithExit
0000b6af 00000000     0                 __glutCreateMenuWithExit
0000b6af 00000000     0                 __glutCreateMenuWithExit
0000b6af 00000000     0                 __glutCreateMenuWithExit
0000b6af 00000000     0                 __glutCreateMenuWithExit
0000b6af 00000000     0                 __glutCreateMenuWithExit
0000b6af 00000000     0                 __glutCreateMenuWithExit
0000b6af 00000000     0                 __glutCreateMenuWithExit
0000b6af 00000000     0                 __glutCreateMenuWithExit
0000b6af 00000000     0                 __glutCreateMenuWithExit
0000b6af 00000000     0                 __glutCreateMenuWithExit
0000b6af 00000000     0                 __glutCreateMenuWithExit
0000b6af 00000000     0                 __glutCreateMenuWithExit
0000b6af 00000000     0                 __glutCreateMenuWithExit
0000b6af 00000000     0                 __glutCreateMenuWithExit
0000b6af 00000000     0                 __glutCreateMenuWithExit
0000b6af 00000000     0                 __glutCreateMenuWithExit
0000b6af 00000000     0                 __glutCreateMenuWithExit
0000b6af 00000000     0                 __glutCreateMenuWithExit
0000b6af 00000000     0                 __glutCreateMenuWithExit
0000b6af 00000000     0                 __glutCreateMenuWithExit
0000b6af 00000000     0                 __glutCreateMenuWithExit
0000b6af 00000000     0                 __glutCreateMenuWithExit
0000b6af 00000000     0                 __glutCreateMenuWithExit
0000b6df 00000000     0                 __glutCreateMenuUcallWithExit
0000b6df 00000000     0                 __glutCreateMenuUcallWithExit
0000b6df 00000000     0                 __glutCreateMenuUcallWithExit
0000b6df 00000000     0                 __glutCreateMenuUcallWithExit
0000b6df 00000000     0                 __glutCreateMenuUcallWithExit
0000b6df 00000000     0                 __glutCreateMenuUcallWithExit
0000b6df 00000000     0                 __glutCreateMenuUcallWithExit
0000b6df 00000000     0                 __glutCreateMenuUcallWithExit
0000b6df 00000000     0                 __glutCreateMenuUcallWithExit
0000b6df 00000000     0                 __glutCreateMenuUcallWithExit
0000b6df 00000000     0                 __glutCreateMenuUcallWithExit
0000b6df 00000000     0                 __glutCreateMenuUcallWithExit
0000b6df 00000000     0                 __glutCreateMenuUcallWithExit
0000b6df 00000000     0                 __glutCreateMenuUcallWithExit
0000b6df 00000000     0                 __glutCreateMenuUcallWithExit
0000b6df 00000000     0                 __glutCreateMenuUcallWithExit
0000b6df 00000000     0                 __glutCreateMenuUcallWithExit
0000b6df 00000000     0                 __glutCreateMenuUcallWithExit
0000b6df 00000000     0                 __glutCreateMenuUcallWithExit
0000b6df 00000000     0                 __glutCreateMenuUcallWithExit
0000b6df 00000000     0                 __glutCreateMenuUcallWithExit
0000b6df 00000000     0                 __glutCreateMenuUcallWithExit
0000b6df 00000000     0                 __glutCreateMenuUcallWithExit
0000b6df 00000000     0                 __glutCreateMenuUcallWithExit
0000b6df 00000000     0                 __glutCreateMenuUcallWithExit
0000b6df 00000000     0                 __glutCreateMenuUcallWithExit
0000b6df 00000000     0                 __glutCreateMenuUcallWithExit
0000b6df 00000000     0                 __glutCreateMenuUcallWithExit
0000b6df 00000000     0                 __glutCreateMenuUcallWithExit
0000b6df 00000000     0                 __glutCreateMenuUcallWithExit
0000b6df 00000000     0                 __glutCreateMenuUcallWithExit
0000b6df 00000000     0                 __glutCreateMenuUcallWithExit
0000b6df 00000000     0                 __glutCreateMenuUcallWithExit
0000b720 00001000    16         fg_structure.c.obj:(.text)
0000b825 00000000     0                 fgCreateWindow
0000b825 00000000     0                 fgCreateWindow
0000b825 00000000     0                 fgCreateWindow
0000b9d7 00000000     0                 fgCreateMenu
0000b9d7 00000000     0                 fgCreateMenu
0000bb1c 00000000     0                 fgAddToWindowDestroyList
0000bb1c 00000000     0                 fgAddToWindowDestroyList
0000bb1c 00000000     0                 fgAddToWindowDestroyList
0000bbfd 00000000     0                 fgCloseWindows
0000bbfd 00000000     0                 fgCloseWindows
0000bc55 00000000     0                 fgDestroyWindow
0000bc55 00000000     0                 fgDestroyWindow
0000bead 00000000     0                 fgDestroyMenu
0000bead 00000000     0                 fgDestroyMenu
0000c055 00000000     0                 fgCreateStructure
0000c055 00000000     0                 fgCreateStructure
0000c0d1 00000000     0                 fgDestroyStructure
0000c0d1 00000000     0                 fgDestroyStructure
0000c120 00000000     0                 fgEnumWindows
0000c120 00000000     0                 fgEnumWindows
0000c120 00000000     0                 fgEnumWindows
0000c1a3 00000000     0                 fgEnumMenus
0000c1a3 00000000     0                 fgEnumMenus
0000c226 00000000     0                 fgEnumSubWindows
0000c226 00000000     0                 fgEnumSubWindows
0000c226 00000000     0                 fgEnumSubWindows
0000c33e 00000000     0                 fgWindowByHandle
0000c33e 00000000     0                 fgWindowByHandle
0000c33e 00000000     0                 fgWindowByHandle
0000c3ea 00000000     0                 fgWindowByID
0000c3ea 00000000     0                 fgWindowByID
0000c3ea 00000000     0                 fgWindowByID
0000c471 00000000     0                 fgMenuByID
0000c471 00000000     0                 fgMenuByID
0000c4ef 00000000     0                 fgGetActiveMenu
0000c4ef 00000000     0                 fgGetActiveMenu
0000c4ef 00000000     0                 fgGetActiveMenu
0000c4ef 00000000     0                 fgGetActiveMenu
0000c527 00000000     0                 fgListInit
0000c527 00000000     0                 fgListInit
0000c549 00000000     0                 fgListAppend
0000c549 00000000     0                 fgListAppend
0000c549 00000000     0                 fgListAppend
0000c5c0 00000000     0                 fgListRemove
0000c5c0 00000000     0                 fgListRemove
0000c5c0 00000000     0                 fgListRemove
0000c5c0 00000000     0                 fgListRemove
0000c5c0 00000000     0                 fgListRemove
0000c646 00000000     0                 fgListLength
0000c646 00000000     0                 fgListLength
0000c685 00000000     0                 fgListInsert
0000c685 00000000     0                 fgListInsert
0000c720 00001060    16         fg_window.c.obj:(.text)
0000c720 00000000     0                 fghIsLegacyContextRequested
0000c720 00000000     0                 fghIsLegacyContextRequested
0000c77f 00000000     0                 fghNumberOfAuxBuffersRequested
0000c77f 00000000     0                 fghNumberOfAuxBuffersRequested
0000c7fa 00000000     0                 fghMapBit
0000c7fa 00000000     0                 fghMapBit
0000c81e 00000000     0                 fghContextCreationError
0000c81e 00000000     0                 fghContextCreationError
0000c875 00000000     0                 fgSetWindow
0000c875 00000000     0                 fgSetWindow
0000c875 00000000     0                 fgSetWindow
0000c875 00000000     0                 fgSetWindow
0000c875 00000000     0                 fgSetWindow
0000c875 00000000     0                 fgSetWindow
0000c875 00000000     0                 fgSetWindow
0000c875 00000000     0                 fgSetWindow
0000c875 00000000     0                 fgSetWindow
0000c8a3 00000000     0                 fgOpenWindow
0000c8a3 00000000     0                 fgOpenWindow
0000c9b7 00000000     0                 fgCloseWindow
0000c9b7 00000000     0                 fgCloseWindow
0000ca04 00000000     0                 glutCreateWindow
0000ca04 00000000     0                 glutCreateWindow
0000cabe 00000000     0                 glutCreateSubWindow
0000cabe 00000000     0                 glutCreateSubWindow
0000cc47 00000000     0                 glutDestroyWindow
0000cc47 00000000     0                 glutDestroyWindow
0000ccbe 00000000     0                 glutSetWindow
0000ccbe 00000000     0                 glutSetWindow
0000cd56 00000000     0                 glutGetWindow
0000cd56 00000000     0                 glutGetWindow
0000cdc3 00000000     0                 glutShowWindow
0000cdc3 00000000     0                 glutShowWindow
0000cdc3 00000000     0                 glutShowWindow
0000ce8e 00000000     0                 glutHideWindow
0000ce8e 00000000     0                 glutHideWindow
0000cf59 00000000     0                 glutIconifyWindow
0000cf59 00000000     0                 glutIconifyWindow
0000d024 00000000     0                 glutSetWindowTitle
0000d024 00000000     0                 glutSetWindowTitle
0000d0b7 00000000     0                 glutSetIconTitle
0000d0b7 00000000     0                 glutSetIconTitle
0000d14a 00000000     0                 glutReshapeWindow
0000d14a 00000000     0                 glutReshapeWindow
0000d14a 00000000     0                 glutReshapeWindow
0000d21c 00000000     0                 glutPositionWindow
0000d21c 00000000     0                 glutPositionWindow
0000d21c 00000000     0                 glutPositionWindow
0000d2ee 00000000     0                 glutPushWindow
0000d2ee 00000000     0                 glutPushWindow
0000d394 00000000     0                 glutPopWindow
0000d394 00000000     0                 glutPopWindow
0000d394 00000000     0                 glutPopWindow
0000d43a 00000000     0                 glutFullScreen
0000d43a 00000000     0                 glutFullScreen
0000d43a 00000000     0                 glutFullScreen
0000d538 00000000     0                 glutLeaveFullScreen
0000d538 00000000     0                 glutLeaveFullScreen
0000d5df 00000000     0                 glutFullScreenToggle
0000d5df 00000000     0                 glutFullScreenToggle
0000d670 00000000     0                 glutGetWindowData
0000d670 00000000     0                 glutGetWindowData
0000d6ed 00000000     0                 glutSetWindowData
0000d6ed 00000000     0                 glutSetWindowData
0000d780 00000f80    16         fg_joystick.c.obj:(.text)
0000d82b 00000000     0                 fgJoystickRawRead
0000ddc7 00000000     0                 fgInitialiseJoysticks
0000ddc7 00000000     0                 fgInitialiseJoysticks
0000de13 00000000     0                 fgJoystickClose
0000de13 00000000     0                 fgJoystickClose
0000de99 00000000     0                 fgJoystickPollWindow
0000de99 00000000     0                 fgJoystickPollWindow
0000dff6 00000000     0                 fgJoystickDetect
0000dff6 00000000     0                 fgJoystickDetect
0000e081 00000000     0                 glutForceJoystickFunc
0000e081 00000000     0                 glutForceJoystickFunc
0000e0ef 00000000     0                 glutJoystickGetNumAxes
0000e0ef 00000000     0                 glutJoystickGetNumAxes
0000e0ef 00000000     0                 glutJoystickGetNumAxes
0000e143 00000000     0                 glutJoystickGetNumButtons
0000e143 00000000     0                 glutJoystickGetNumButtons
0000e143 00000000     0                 glutJoystickGetNumButtons
0000e197 00000000     0                 glutJoystickNotWorking
0000e197 00000000     0                 glutJoystickNotWorking
0000e1ef 00000000     0                 glutJoystickGetDeadBand
0000e1ef 00000000     0                 glutJoystickGetDeadBand
0000e253 00000000     0                 glutJoystickSetDeadBand
0000e253 00000000     0                 glutJoystickSetDeadBand
0000e2c2 00000000     0                 glutJoystickGetSaturation
0000e2c2 00000000     0                 glutJoystickGetSaturation
0000e326 00000000     0                 glutJoystickSetSaturation
0000e326 00000000     0                 glutJoystickSetSaturation
0000e395 00000000     0                 glutJoystickSetMinRange
0000e395 00000000     0                 glutJoystickSetMinRange
0000e423 00000000     0                 glutJoystickSetMaxRange
0000e423 00000000     0                 glutJoystickSetMaxRange
0000e4b1 00000000     0                 glutJoystickSetCenter
0000e4b1 00000000     0                 glutJoystickSetCenter
0000e53f 00000000     0                 glutJoystickGetMinRange
0000e53f 00000000     0                 glutJoystickGetMinRange
0000e5d0 00000000     0                 glutJoystickGetMaxRange
0000e5d0 00000000     0                 glutJoystickGetMaxRange
0000e661 00000000     0                 glutJoystickGetCenter
0000e661 00000000     0                 glutJoystickGetCenter
0000e700 000001a0    16         fg_spaceball.c.obj:(.text)
0000e7ab 00000000     0                 fgInitialiseSpaceball
0000e7ab 00000000     0                 fgInitialiseSpaceball
0000e7cb 00000000     0                 fgSpaceballClose
0000e7df 00000000     0                 fgHasSpaceball
0000e7df 00000000     0                 fgHasSpaceball
0000e7df 00000000     0                 fgHasSpaceball
0000e822 00000000     0                 fgSpaceballNumButtons
0000e822 00000000     0                 fgSpaceballNumButtons
0000e865 00000000     0                 fgSpaceballSetWindow
0000e8a0 00000055    16         lib64_libmingwex_a-mingw_fprintf.o:(.text)
0000e8a0 00000000     0                 __mingw_fprintf
0000e8a0 00000000     0                 __mingw_fprintf
0000e8a0 00000000     0                 __mingw_fprintf
0000e900 00000230    16         fg_display_mswin.c.obj:(.text)
0000e9ab 00000000     0                 fgPlatformGlutSwapBuffers
0000e9ab 00000000     0                 fgPlatformGlutSwapBuffers
0000e9d6 00000000     0                 fgPlatformInitSwapCtl
0000e9d6 00000000     0                 fgPlatformInitSwapCtl
0000ea63 00000000     0                 fgPlatformSwapInterval
0000ea63 00000000     0                 fgPlatformSwapInterval
0000eab8 00000000     0                 fgPlatformExtSupported
0000eab8 00000000     0                 fgPlatformExtSupported
0000eb30 00000023    16         lib64_libmingwex_a-mingw_sscanf.o:(.text)
0000eb30 00000000     0                 __mingw_sscanf
0000eb30 00000000     0                 __mingw_sscanf
0000eb30 00000000     0                 __mingw_sscanf
0000eb60 00000470    16         fg_input_devices.c.obj:(.text)
0000ec0b 00000000     0                 fgInputDeviceDetect
0000ec0b 00000000     0                 fgInputDeviceDetect
0000ec4f 00000000     0                 fgInitialiseInputDevices
0000ec4f 00000000     0                 fgInitialiseInputDevices
0000ed02 00000000     0                 fgInputDeviceClose
0000ed02 00000000     0                 fgInputDeviceClose
0000efd0 00000510    16         fg_gamemode.c.obj:(.text)
0000f07b 00000000     0                 glutGameModeString
0000f07b 00000000     0                 glutGameModeString
0000f23c 00000000     0                 glutEnterGameMode
0000f23c 00000000     0                 glutEnterGameMode
0000f345 00000000     0                 glutLeaveGameMode
0000f345 00000000     0                 glutLeaveGameMode
0000f345 00000000     0                 glutLeaveGameMode
0000f345 00000000     0                 glutLeaveGameMode
0000f3b5 00000000     0                 glutGameModeGet
0000f3b5 00000000     0                 glutGameModeGet
0000f4e0 000002f0    16         xparsegeometry_repl.c.obj:(.text)
0000f580 00000000     0                 XParseGeometry
0000f580 00000000     0                 XParseGeometry
0000f7d0 00000041    16         lib64_libmingwex_a-mingw_vfprintf.o:(.text)
0000f7d0 00000000     0                 __mingw_vfprintf
0000f7d0 00000000     0                 __mingw_vfprintf
0000f820 00003740    16         fg_main_mswin.c.obj:(.text)
0000f8cb 00000000     0                 fgPlatformInitSystemTime
0000f8cb 00000000     0                 fgPlatformInitSystemTime
0000f8ec 00000000     0                 fgPlatformSystemTime
0000f8ec 00000000     0                 fgPlatformSystemTime
0000f942 00000000     0                 fgPlatformSleepForEvents
0000f942 00000000     0                 fgPlatformSleepForEvents
0000f97d 00000000     0                 fgPlatformProcessSingleEvent
0000f97d 00000000     0                 fgPlatformProcessSingleEvent
0000fbcf 00000000     0                 fgPlatformMainLoopPreliminaryWork
0000fbcf 00000000     0                 fgPlatformMainLoopPreliminaryWork
00010794 00000000     0                 fghWindowUnderCursor
00010856 00000000     0                 fgPlatformWindowProc
00010856 00000000     0                 fgPlatformWindowProc
0001295c 00000000     0                 fgPlatformInitWork
0001295c 00000000     0                 fgPlatformInitWork
000129fe 00000000     0                 fgPlatformPosResZordWork
000129fe 00000000     0                 fgPlatformPosResZordWork
00012e9f 00000000     0                 fgPlatformVisibilityWork
00012e9f 00000000     0                 fgPlatformVisibilityWork
00012f60 000005f0    16         fg_misc.c.obj:(.text)
0001300b 00000000     0                 glutExtensionSupported
0001300b 00000000     0                 glutExtensionSupported
0001300b 00000000     0                 glutExtensionSupported
00013099 00000000     0                 fgMatchExt
00013099 00000000     0                 fgMatchExt
000132eb 00000000     0                 glutReportErrors
000132eb 00000000     0                 glutReportErrors
000132eb 00000000     0                 glutReportErrors
00013350 00000000     0                 glutIgnoreKeyRepeat
00013350 00000000     0                 glutIgnoreKeyRepeat
000133d7 00000000     0                 glutSetKeyRepeat
000133d7 00000000     0                 glutSetKeyRepeat
00013459 00000000     0                 glutSetColor
00013459 00000000     0                 glutSetColor
000134c1 00000000     0                 glutGetColor
000134c1 00000000     0                 glutGetColor
00013507 00000000     0                 glutCopyColormap
00013507 00000000     0                 glutCopyColormap
00013550 00000920    16         fg_state_mswin.c.obj:(.text)
000135fb 00000000     0                 fgPlatformGlutGet
000135fb 00000000     0                 fgPlatformGlutGet
00013ddf 00000000     0                 fgPlatformGlutDeviceGet
00013ddf 00000000     0                 fgPlatformGlutDeviceGet
00013e53 00000000     0                 fgPlatformGlutGetModeValues
00013e53 00000000     0                 fgPlatformGlutGetModeValues
00013e70 000000b0    16         fg_stroke_mono_roman.c.obj:(.text)
00013f20 000000b0    16         fg_stroke_roman.c.obj:(.text)
00013fd0 000000b0    16         fg_font_data.c.obj:(.text)
00014080 00000034    16         lib64_libucrt_extra_a-ucrt_vfprintf.o:(.text)
00014080 00000000     0                 vfprintf
00014080 00000000     0                 vfprintf
00014080 00000000     0                 vfprintf
00014080 00000000     0                 vfprintf
000140b4 00000000     4         cxa_personality.cpp.obj:(.text)
000140c0 0000001b    16         cxa_personality.cpp.obj:(.text$__gxx_personality_seh0)
000140c0 00000000     0                 __gxx_personality_seh0
000140c0 00000000     0                 __gxx_personality_seh0
000140c0 00000000     0                 __gxx_personality_seh0
000140c0 00000000     0                 __gxx_personality_seh0
000140c0 00000000     0                 __gxx_personality_seh0
000140c0 00000000     0                 __gxx_personality_seh0
000140c0 00000000     0                 __gxx_personality_seh0
000140c0 00000000     0                 __gxx_personality_seh0
000140c0 00000000     0                 __gxx_personality_seh0
000140c0 00000000     0                 __gxx_personality_seh0
000140e0 00000783    16         cxa_personality.cpp.obj:(.text$_ZN10__cxxabiv1L21__gxx_personality_impEi14_Unwind_ActionyP17_Unwind_ExceptionP15_Unwind_Context)
000140e0 00000000     0                 __cxxabiv1::__gxx_personality_imp(int, _Unwind_Action, unsigned long long, _Unwind_Exception*, _Unwind_Context*)
00014870 00000176    16         cxa_personality.cpp.obj:(.text$_ZN10__cxxabiv1L18readEncodedPointerEPPKhhy)
00014870 00000000     0                 __cxxabiv1::readEncodedPointer(unsigned char const**, unsigned char, unsigned long long)
000149f0 00000127    16         cxa_personality.cpp.obj:(.text$_ZN10__cxxabiv1L24exception_spec_can_catchExPKhhPKNS_16__shim_type_infoEPvP17_Unwind_Exceptiony)
000149f0 00000000     0                 __cxxabiv1::exception_spec_can_catch(long long, unsigned char const*, unsigned char, __cxxabiv1::__shim_type_info const*, void*, _Unwind_Exception*, unsigned long long)
00014b18 00000000     4         cxa_exception.cpp.obj:(.text)
00014b20 00000004    16         cxa_exception.cpp.obj:(.text$_ZN10__cxxabiv119__getExceptionClassEPK17_Unwind_Exception)
00014b20 00000000     0                 __cxxabiv1::__getExceptionClass(_Unwind_Exception const*)
00014b20 00000000     0                 __cxxabiv1::__getExceptionClass(_Unwind_Exception const*)
00014b20 00000000     0                 __cxxabiv1::__getExceptionClass(_Unwind_Exception const*)
00014b30 00000018    16         cxa_exception.cpp.obj:(.text$_ZN10__cxxabiv121__isOurExceptionClassEPK17_Unwind_Exception)
00014b30 00000000     0                 __cxxabiv1::__isOurExceptionClass(_Unwind_Exception const*)
00014b30 00000000     0                 __cxxabiv1::__isOurExceptionClass(_Unwind_Exception const*)
00014b30 00000000     0                 __cxxabiv1::__isOurExceptionClass(_Unwind_Exception const*)
00014b30 00000000     0                 __cxxabiv1::__isOurExceptionClass(_Unwind_Exception const*)
00014b50 0000004e    16         cxa_exception.cpp.obj:(.text$__cxa_allocate_exception)
00014b50 00000000     0                 __cxa_allocate_exception
00014b50 00000000     0                 __cxa_allocate_exception
00014b50 00000000     0                 __cxa_allocate_exception
00014ba0 00000079    16         cxa_exception.cpp.obj:(.text$__cxa_begin_catch)
00014ba0 00000000     0                 __cxa_begin_catch
00014ba0 00000000     0                 __cxa_begin_catch
00014ba0 00000000     0                 __cxa_begin_catch
00014ba0 00000000     0                 __cxa_begin_catch
00014ba0 00000000     0                 __cxa_begin_catch
00014ba0 00000000     0                 __cxa_begin_catch
00014ba0 00000000     0                 __cxa_begin_catch
00014ba0 00000000     0                 __cxa_begin_catch
00014ba0 00000000     0                 __cxa_begin_catch
00014c20 0000006a    16         cxa_exception.cpp.obj:(.text$__cxa_init_primary_exception)
00014c20 00000000     0                 __cxa_init_primary_exception
00014c90 00000057    16         cxa_exception.cpp.obj:(.text$_ZN10__cxxabiv1L22exception_cleanup_funcE19_Unwind_Reason_CodeP17_Unwind_Exception)
00014c90 00000000     0                 __cxxabiv1::exception_cleanup_func(_Unwind_Reason_Code, _Unwind_Exception*)
00014cf0 00000043    16         cxa_exception.cpp.obj:(.text$__cxa_throw)
00014cf0 00000000     0                 __cxa_throw
00014cf0 00000000     0                 __cxa_throw
00014cf0 00000000     0                 __cxa_throw
00014d40 0000001b    16         cxa_exception.cpp.obj:(.text$_ZN10__cxxabiv1L12failed_throwEPNS_15__cxa_exceptionE)
00014d40 00000000     0                 __cxxabiv1::failed_throw(__cxxabiv1::__cxa_exception*)
00014d5c 00000000     4         cxa_handlers.cpp.obj:(.text)
00014d60 0000000b    16         cxa_handlers.cpp.obj:(.text$_ZSt14get_unexpectedv)
00014d60 00000000     0                 std::get_unexpected()
00014d60 00000000     0                 std::get_unexpected()
00014d60 00000000     0                 std::get_unexpected()
00014d70 00000045    16         cxa_handlers.cpp.obj:(.text$_ZSt9terminatev)
00014d70 00000000     0                 std::terminate()
00014d70 00000000     0                 std::terminate()
00014d70 00000000     0                 std::terminate()
00014d70 00000000     0                 std::terminate()
00014d70 00000000     0                 std::terminate()
00014d70 00000000     0                 std::terminate()
00014d70 00000000     0                 std::terminate()
00014d70 00000000     0                 std::terminate()
00014d70 00000000     0                 std::terminate()
00014d70 00000000     0                 std::terminate()
00014dc0 0000000b    16         cxa_handlers.cpp.obj:(.text$_ZSt13get_terminatev)
00014dc0 00000000     0                 std::get_terminate()
00014dc0 00000000     0                 std::get_terminate()
00014dc0 00000000     0                 std::get_terminate()
00014dd0 00000036    16         cxa_handlers.cpp.obj:(.text$_ZSt11__terminatePFvvE)
00014dd0 00000000     0                 std::__terminate(void (*)())
00014dd0 00000000     0                 std::__terminate(void (*)())
00014dd0 00000000     0                 std::__terminate(void (*)())
00014e10 0000000b    16         cxa_handlers.cpp.obj:(.text$_ZSt15get_new_handlerv)
00014e10 00000000     0                 std::get_new_handler()
00014e10 00000000     0                 std::get_new_handler()
00014e1c 00000000     4         stdlib_exception.cpp.obj:(.text)
00014e20 00000001    16         stdlib_exception.cpp.obj:(.text$_ZNSt9exceptionD2Ev)
00014e20 00000000     0                 std::bad_alloc::~bad_alloc()
00014e20 00000000     0                 std::bad_exception::~bad_exception()
00014e20 00000000     0                 std::exception::~exception()
00014e20 00000000     0                 std::exception::~exception()
00014e20 00000000     0                 std::bad_exception::~bad_exception()
00014e20 00000000     0                 std::bad_exception::~bad_exception()
00014e20 00000000     0                 std::bad_alloc::~bad_alloc()
00014e20 00000000     0                 std::bad_alloc::~bad_alloc()
00014e20 00000000     0                 std::bad_array_new_length::~bad_array_new_length()
00014e20 00000000     0                 std::bad_array_new_length::~bad_array_new_length()
00014e20 00000000     0                 std::exception::~exception()
00014e30 0000000b    16         stdlib_exception.cpp.obj:(.text$_ZNSt9bad_allocC2Ev)
00014e30 00000000     0                 std::bad_alloc::bad_alloc()
00014e30 00000000     0                 std::bad_alloc::bad_alloc()
00014e30 00000000     0                 std::bad_alloc::bad_alloc()
00014e40 0000000a    16         stdlib_exception.cpp.obj:(.text$_ZNSt9bad_allocD0Ev)
00014e40 00000000     0                 std::bad_alloc::~bad_alloc()
00014e50 00000008    16         stdlib_exception.cpp.obj:(.text$_ZNKSt9bad_alloc4whatEv)
00014e50 00000000     0                 std::bad_alloc::what() const
00014e58 00000000     4         private_typeinfo.cpp.obj:(.text)
00014e60 00000005    16         private_typeinfo.cpp.obj:(.text$_ZN10__cxxabiv116__shim_type_infoD2Ev)
00014e60 00000000     0                 __cxxabiv1::__shim_type_info::~__shim_type_info()
00014e60 00000000     0                 __cxxabiv1::__shim_type_info::~__shim_type_info()
00014e60 00000000     0                 __cxxabiv1::__fundamental_type_info::~__fundamental_type_info()
00014e60 00000000     0                 __cxxabiv1::__fundamental_type_info::~__fundamental_type_info()
00014e60 00000000     0                 __cxxabiv1::__array_type_info::~__array_type_info()
00014e60 00000000     0                 __cxxabiv1::__array_type_info::~__array_type_info()
00014e60 00000000     0                 __cxxabiv1::__function_type_info::~__function_type_info()
00014e60 00000000     0                 __cxxabiv1::__function_type_info::~__function_type_info()
00014e60 00000000     0                 __cxxabiv1::__enum_type_info::~__enum_type_info()
00014e60 00000000     0                 __cxxabiv1::__enum_type_info::~__enum_type_info()
00014e60 00000000     0                 __cxxabiv1::__class_type_info::~__class_type_info()
00014e60 00000000     0                 __cxxabiv1::__class_type_info::~__class_type_info()
00014e60 00000000     0                 __cxxabiv1::__si_class_type_info::~__si_class_type_info()
00014e60 00000000     0                 __cxxabiv1::__si_class_type_info::~__si_class_type_info()
00014e60 00000000     0                 __cxxabiv1::__vmi_class_type_info::~__vmi_class_type_info()
00014e60 00000000     0                 __cxxabiv1::__vmi_class_type_info::~__vmi_class_type_info()
00014e60 00000000     0                 __cxxabiv1::__pbase_type_info::~__pbase_type_info()
00014e60 00000000     0                 __cxxabiv1::__pbase_type_info::~__pbase_type_info()
00014e60 00000000     0                 __cxxabiv1::__pointer_type_info::~__pointer_type_info()
00014e60 00000000     0                 __cxxabiv1::__pointer_type_info::~__pointer_type_info()
00014e60 00000000     0                 __cxxabiv1::__pointer_to_member_type_info::~__pointer_to_member_type_info()
00014e60 00000000     0                 __cxxabiv1::__pointer_to_member_type_info::~__pointer_to_member_type_info()
00014e70 00000001    16         private_typeinfo.cpp.obj:(.text$_ZNK10__cxxabiv116__shim_type_info5noop1Ev)
00014e70 00000000     0                 __cxxabiv1::__shim_type_info::noop1() const
00014e80 00000001    16         private_typeinfo.cpp.obj:(.text$_ZNK10__cxxabiv116__shim_type_info5noop2Ev)
00014e80 00000000     0                 __cxxabiv1::__shim_type_info::noop2() const
00014e90 0000001f    16         private_typeinfo.cpp.obj:(.text$_ZN10__cxxabiv117__class_type_infoD0Ev)
00014e90 00000000     0                 __cxxabiv1::__class_type_info::~__class_type_info()
00014eb0 0000001f    16         private_typeinfo.cpp.obj:(.text$_ZN10__cxxabiv120__si_class_type_infoD0Ev)
00014eb0 00000000     0                 __cxxabiv1::__si_class_type_info::~__si_class_type_info()
00014ed0 00000105    16         private_typeinfo.cpp.obj:(.text$_ZNK10__cxxabiv117__class_type_info9can_catchEPKNS_16__shim_type_infoERPv)
00014ed0 00000000     0                 __cxxabiv1::__class_type_info::can_catch(__cxxabiv1::__shim_type_info const*, void*&) const
00014fe0 0000024a    16         private_typeinfo.cpp.obj:(.text$__dynamic_cast)
00014fe0 00000000     0                 __dynamic_cast
00015230 0000007c    16         private_typeinfo.cpp.obj:(.text$_ZNK10__cxxabiv117__class_type_info27has_unambiguous_public_baseEPNS_19__dynamic_cast_infoEPvi)
00015230 00000000     0                 __cxxabiv1::__class_type_info::has_unambiguous_public_base(__cxxabiv1::__dynamic_cast_info*, void*, int) const
000152b0 000000aa    16         private_typeinfo.cpp.obj:(.text$_ZNK10__cxxabiv120__si_class_type_info27has_unambiguous_public_baseEPNS_19__dynamic_cast_infoEPvi)
000152b0 00000000     0                 __cxxabiv1::__si_class_type_info::has_unambiguous_public_base(__cxxabiv1::__dynamic_cast_info*, void*, int) const
00015360 00000157    16         private_typeinfo.cpp.obj:(.text$_ZNK10__cxxabiv120__si_class_type_info16search_below_dstEPNS_19__dynamic_cast_infoEPKvib)
00015360 00000000     0                 __cxxabiv1::__si_class_type_info::search_below_dst(__cxxabiv1::__dynamic_cast_info*, void const*, int, bool) const
000154c0 000000d6    16         private_typeinfo.cpp.obj:(.text$_ZNK10__cxxabiv117__class_type_info16search_below_dstEPNS_19__dynamic_cast_infoEPKvib)
000154c0 00000000     0                 __cxxabiv1::__class_type_info::search_below_dst(__cxxabiv1::__dynamic_cast_info*, void const*, int, bool) const
000155a0 000000cf    16         private_typeinfo.cpp.obj:(.text$_ZNK10__cxxabiv120__si_class_type_info16search_above_dstEPNS_19__dynamic_cast_infoEPKvS4_ib)
000155a0 00000000     0                 __cxxabiv1::__si_class_type_info::search_above_dst(__cxxabiv1::__dynamic_cast_info*, void const*, void const*, int, bool) const
00015670 0000009e    16         private_typeinfo.cpp.obj:(.text$_ZNK10__cxxabiv117__class_type_info16search_above_dstEPNS_19__dynamic_cast_infoEPKvS4_ib)
00015670 00000000     0                 __cxxabiv1::__class_type_info::search_above_dst(__cxxabiv1::__dynamic_cast_info*, void const*, void const*, int, bool) const
00015710 00000000     4         abort_message.cpp.obj:(.text)
00015710 0000007b    16         abort_message.cpp.obj:(.text$unlikely$__abort_message)
00015710 00000000     0                 __abort_message
00015710 00000000     0                 __abort_message
00015710 00000000     0                 __abort_message
00015710 00000000     0                 __abort_message
00015710 00000000     0                 __abort_message
00015710 00000000     0                 __abort_message
00015710 00000000     0                 __abort_message
00015710 00000000     0                 __abort_message
00015790 00000292    16         lib64_libmingw32_a-tlsthrd.o:(.text)
00015790 00000000     0                 ___w64_mingwthr_add_key_dtor
00015800 00000000     0                 ___w64_mingwthr_remove_key_dtor
00015890 00000000     0                 __mingw_TLScallback
00015890 00000000     0                 __mingw_TLScallback
00015a24 00000000     4         lib64_libmingw32_a-tlsmcrt.o:(.text)
00015a30 00000390    16         lib64_libmingw32_a-pesect.o:(.text)
00015a30 00000000     0                 _ValidateImageBase
00015a60 00000000     0                 _FindPESection
00015aa0 00000000     0                 _FindPESectionByName
00015b40 00000000     0                 __mingw_GetSectionForAddress
00015b40 00000000     0                 __mingw_GetSectionForAddress
00015bb0 00000000     0                 __mingw_GetSectionCount
00015bb0 00000000     0                 __mingw_GetSectionCount
00015be0 00000000     0                 _FindPESectionExec
00015c40 00000000     0                 _GetPEImageBase
00015c40 00000000     0                 _GetPEImageBase
00015c70 00000000     0                 _IsNonwritableInCurrentImage
00015d00 00000000     0                 __mingw_enum_import_library_names
00015dc0 00000030     4         chkstk.S.obj:(.text)
00015dc0 00000000     0                 ___chkstk_ms
00015dc0 00000000     0                 ___chkstk_ms
00015dc0 00000000     0                 ___chkstk_ms
00015dc0 00000000     0                 ___chkstk_ms
00015dc0 00000000     0                 ___chkstk_ms
00015df0 00000000     4         lib64_libmingw32_a-pseudo-reloc-list.o:(.text)
00015df0 00000002    16         lib64_libmingwex_a-guard_dispatch.o:(.text)
00015df0 00000000     0                 __guard_dispatch_icall_dummy
00015df0 00000000     0                 __guard_dispatch_icall_dummy
00015df4 00000000     4         lib64_libucrt_extra_a-__initenv.o:(.text)
00015e00 00000008    16         lib64_libucrt_extra_a-ucrt___local_stdio_printf_options.o:(.text)
00015e00 00000000     0                 __local_stdio_printf_options
00015e00 00000000     0                 __local_stdio_printf_options
00015e00 00000000     0                 __local_stdio_printf_options
00015e00 00000000     0                 __local_stdio_printf_options
00015e00 00000000     0                 __local_stdio_printf_options
00015e00 00000000     0                 __local_stdio_printf_options
00015e10 00000008    16         lib64_libucrt_extra_a-ucrt___local_stdio_scanf_options.o:(.text)
00015e10 00000000     0                 __local_stdio_scanf_options
00015e10 00000000     0                 __local_stdio_scanf_options
00015e20 00001f90    16         fg_menu.c.obj:(.text)
00016a87 00000000     0                 fgDisplayMenu
00016a87 00000000     0                 fgDisplayMenu
00016f11 00000000     0                 fgUpdateMenuHighlight
00016f11 00000000     0                 fgUpdateMenuHighlight
00016f30 00000000     0                 fgCheckActiveMenu
00016f30 00000000     0                 fgCheckActiveMenu
00017196 00000000     0                 fgDeactivateMenu
00017196 00000000     0                 fgDeactivateMenu
00017196 00000000     0                 fgDeactivateMenu
00017196 00000000     0                 fgDeactivateMenu
00017391 00000000     0                 fghCalculateMenuBoxSize
000174ab 00000000     0                 glutCreateMenuUcall
000174ab 00000000     0                 glutCreateMenuUcall
00017542 00000000     0                 glutCreateMenu
00017542 00000000     0                 glutCreateMenu
000175b1 00000000     0                 glutDestroyMenu
000175b1 00000000     0                 glutDestroyMenu
00017626 00000000     0                 glutGetMenu
00017626 00000000     0                 glutGetMenu
0001767e 00000000     0                 glutSetMenu
0001767e 00000000     0                 glutSetMenu
000176d8 00000000     0                 glutAddMenuEntry
000176d8 00000000     0                 glutAddMenuEntry
00017794 00000000     0                 glutAddSubMenu
00017794 00000000     0                 glutAddSubMenu
00017876 00000000     0                 glutSetMenuFont
00017876 00000000     0                 glutSetMenuFont
00017927 00000000     0                 glutChangeToMenuEntry
00017927 00000000     0                 glutChangeToMenuEntry
00017a0f 00000000     0                 glutChangeToSubMenu
00017a0f 00000000     0                 glutChangeToSubMenu
00017b0d 00000000     0                 glutRemoveMenuItem
00017b0d 00000000     0                 glutRemoveMenuItem
00017bdf 00000000     0                 glutAttachMenu
00017bdf 00000000     0                 glutAttachMenu
00017c83 00000000     0                 glutDetachMenu
00017c83 00000000     0                 glutDetachMenu
00017d20 00000000     0                 glutGetMenuData
00017d20 00000000     0                 glutGetMenuData
00017d62 00000000     0                 glutSetMenuData
00017d62 00000000     0                 glutSetMenuData
00017db0 000000c0    16         fg_structure_mswin.c.obj:(.text)
00017e5b 00000000     0                 fgPlatformCreateWindow
00017e5b 00000000     0                 fgPlatformCreateWindow
00017e70 00000250    16         fg_gl2.c.obj:(.text)
00017f1b 00000000     0                 glutSetVertexAttribCoord3
00017f1b 00000000     0                 glutSetVertexAttribCoord3
00017f46 00000000     0                 glutSetVertexAttribNormal
00017f46 00000000     0                 glutSetVertexAttribNormal
00017f71 00000000     0                 glutSetVertexAttribTexCoord2
00017f71 00000000     0                 glutSetVertexAttribTexCoord2
00017f9c 00000000     0                 fgInitGL2
00017f9c 00000000     0                 fgInitGL2
000180c0 00000d70    16         fg_joystick_mswin.c.obj:(.text)
0001816b 00000000     0                 fgPlatformJoystickRawRead
0001816b 00000000     0                 fgPlatformJoystickRawRead
00018828 00000000     0                 fgPlatformJoystickOpen
00018828 00000000     0                 fgPlatformJoystickOpen
00018d38 00000000     0                 fgPlatformJoystickInit
00018d38 00000000     0                 fgPlatformJoystickInit
00018e1b 00000000     0                 fgPlatformJoystickClose
00018e1b 00000000     0                 fgPlatformJoystickClose
00018e30 00000660    16         fg_spaceball_mswin.c.obj:(.text)
00018edb 00000000     0                 fgPlatformInitializeSpaceball
00018edb 00000000     0                 fgPlatformInitializeSpaceball
00018ff5 00000000     0                 fgPlatformSpaceballClose
00018ff5 00000000     0                 fgPlatformSpaceballClose
00018ffc 00000000     0                 fgPlatformHasSpaceball
00018ffc 00000000     0                 fgPlatformHasSpaceball
00019012 00000000     0                 fgPlatformSpaceballNumButtons
00019012 00000000     0                 fgPlatformSpaceballNumButtons
0001901d 00000000     0                 fgPlatformSpaceballSetWindow
0001901d 00000000     0                 fgPlatformSpaceballSetWindow
00019028 00000000     0                 fgIsSpaceballWinEvent
0001903f 00000000     0                 fgSpaceballHandleWinEvent
0001903f 00000000     0                 fgSpaceballHandleWinEvent
00019490 00002696    16         lib64_libmingwex_a-mingw_pformat.o:(.text)
00019490 00000000     0                 __mingw_pformat
00019490 00000000     0                 __mingw_pformat
00019490 00000000     0                 __mingw_pformat
00019490 00000000     0                 __mingw_pformat
00019fd0 00000000     0                 __pformat_wputchars
0001a170 00000000     0                 __pformat_putchars
0001a2b0 00000000     0                 __pformat_int
0001a5f0 00000000     0                 __pformat_xint
0001a990 00000000     0                 __pformat_efloat
0001aa90 00000000     0                 __pformat_float
0001abe0 00000000     0                 __pformat_gfloat
0001ada0 00000000     0                 __pformat_emit_efloat
0001aec0 00000000     0                 __pformat_cvt
0001b000 00000000     0                 __pformat_emit_float
0001b490 00000000     0                 __pformat_emit_radix_point
0001b610 00000000     0                 __pformat_emit_xfloat
0001bb30 00001dd0    16         fg_ext.c.obj:(.text)
0001d87d 00000000     0                 glutGetProcAddress
0001d87d 00000000     0                 glutGetProcAddress
0001d87d 00000000     0                 glutGetProcAddress
0001d900 00000057    16         lib64_libmingwex_a-mingw_vsscanf.o:(.text)
0001d900 00000000     0                 __mingw_vsscanf
0001d900 00000000     0                 __mingw_vsscanf
0001d960 00000420    16         fg_input_devices_mswin.c.obj:(.text)
0001da0b 00000000     0                 fgPlatformRegisterDialDevice
0001da0b 00000000     0                 fgPlatformRegisterDialDevice
0001dab4 00000000     0                 fg_serial_open
0001dab4 00000000     0                 fg_serial_open
0001dc25 00000000     0                 fg_serial_close
0001dc25 00000000     0                 fg_serial_close
0001dc94 00000000     0                 fg_serial_getchar
0001dc94 00000000     0                 fg_serial_getchar
0001dd02 00000000     0                 fg_serial_putchar
0001dd02 00000000     0                 fg_serial_putchar
0001dd54 00000000     0                 fg_serial_flush
0001dd54 00000000     0                 fg_serial_flush
0001dd80 000005b0    16         fg_gamemode_mswin.c.obj:(.text)
0001de2b 00000000     0                 fghChangeDisplayMode
0001e187 00000000     0                 fgPlatformRememberState
0001e187 00000000     0                 fgPlatformRememberState
0001e1de 00000000     0                 fgPlatformRestoreState
0001e1de 00000000     0                 fgPlatformRestoreState
0001e205 00000000     0                 fgPlatformChangeDisplayMode
0001e205 00000000     0                 fgPlatformChangeDisplayMode
0001e314 00000000     0                 fgPlatformEnterGameMode
0001e314 00000000     0                 fgPlatformEnterGameMode
0001e31b 00000000     0                 fgPlatformLeaveGameMode
0001e31b 00000000     0                 fgPlatformLeaveGameMode
0001e330 000001f0    16         fg_cursor.c.obj:(.text)
0001e3db 00000000     0                 fgSetCursor
0001e3db 00000000     0                 fgSetCursor
0001e400 00000000     0                 glutSetCursor
0001e400 00000000     0                 glutSetCursor
0001e496 00000000     0                 glutWarpPointer
0001e496 00000000     0                 glutWarpPointer
0001e520 000002d0    16         fg_cmap_mswin.c.obj:(.text)
0001e5cb 00000000     0                 fgPlatformSetColor
0001e5cb 00000000     0                 fgPlatformSetColor
0001e6db 00000000     0                 fgPlatformGetColor
0001e6db 00000000     0                 fgPlatformGetColor
0001e7c6 00000000     0                 fgPlatformCopyColormap
0001e7c6 00000000     0                 fgPlatformCopyColormap
0001e7f0 00000000     4         Unwind-seh.cpp.obj:(.text)
0001e7f0 0000052c    16         Unwind-seh.cpp.obj:(.text$_GCC_specific_handler)
0001e7f0 00000000     0                 _GCC_specific_handler
0001e7f0 00000000     0                 _GCC_specific_handler
0001ed20 00000137    16         Unwind-seh.cpp.obj:(.text$__libunwind_seh_personality)
0001ed20 00000000     0                 __libunwind_seh_personality
0001ed20 00000000     0                 __libunwind_seh_personality
0001ee60 00000079    16         Unwind-seh.cpp.obj:(.text$_Unwind_RaiseException)
0001ee60 00000000     0                 _Unwind_RaiseException
0001ee60 00000000     0                 _Unwind_RaiseException
0001eee0 000001c1    16         Unwind-seh.cpp.obj:(.text$_Unwind_Resume)
0001eee0 00000000     0                 _Unwind_Resume
0001eee0 00000000     0                 _Unwind_Resume
0001eee0 00000000     0                 _Unwind_Resume
0001eee0 00000000     0                 _Unwind_Resume
0001eee0 00000000     0                 _Unwind_Resume
0001f0b0 00000394    16         Unwind-seh.cpp.obj:(.text$_ZL20unwind_phase2_forcedP13unw_context_tP17_Unwind_ExceptionPF19_Unwind_Reason_Codei14_Unwind_ActionyS2_P15_Unwind_ContextPvES7_)
0001f0b0 00000000     0                 unwind_phase2_forced(unw_context_t*, _Unwind_Exception*, _Unwind_Reason_Code (*)(int, _Unwind_Action, unsigned long long, _Unwind_Exception*, _Unwind_Context*, void*), void*)
0001f450 00000057    16         Unwind-seh.cpp.obj:(.text$_Unwind_GetLanguageSpecificData)
0001f450 00000000     0                 _Unwind_GetLanguageSpecificData
0001f450 00000000     0                 _Unwind_GetLanguageSpecificData
0001f4b0 0000005a    16         Unwind-seh.cpp.obj:(.text$_Unwind_GetRegionStart)
0001f4b0 00000000     0                 _Unwind_GetRegionStart
0001f4b0 00000000     0                 _Unwind_GetRegionStart
0001f510 00000001    16         Unwind-seh.cpp.obj:(.text$_ZN9libunwind20AbstractUnwindCursorD2Ev)
0001f510 00000000     0                 libunwind::AbstractUnwindCursor::~AbstractUnwindCursor()
[...]
000e7778 0000000c     4         cxa_demangle.cpp.obj:(.pdata$_ZNK12_GLOBAL__N_116itanium_demangle25TemplateTemplateParamDecl10printRightERNS0_12OutputBufferE)
000e7784 0000000c     4         cxa_demangle.cpp.obj:(.pdata$_ZNK12_GLOBAL__N_116itanium_demangle21TemplateParamPackDecl9printLeftERNS0_12OutputBufferE)
000e7790 0000000c     4         cxa_demangle.cpp.obj:(.pdata$_ZNK12_GLOBAL__N_116itanium_demangle15ClosureTypeName9printLeftERNS0_12OutputBufferE)
000e779c 0000000c     4         cxa_demangle.cpp.obj:(.pdata$_ZNK12_GLOBAL__N_116itanium_demangle15ClosureTypeName15printDeclaratorERNS0_12OutputBufferE)
000e77a8 0000000c     4         cxa_demangle.cpp.obj:(.pdata$_ZNK12_GLOBAL__N_116itanium_demangle10LambdaExpr9printLeftERNS0_12OutputBufferE)
000e77b4 0000000c     4         cxa_demangle.cpp.obj:(.pdata$_ZNK12_GLOBAL__N_116itanium_demangle11EnumLiteral9printLeftERNS0_12OutputBufferE)
000e77c0 0000000c     4         cxa_demangle.cpp.obj:(.pdata$_ZN12_GLOBAL__N_116itanium_demangle22AbstractManglingParserINS0_14ManglingParserINS_16DefaultAllocatorEEES3_E4makeINS0_13FunctionParamEJRNSt3__117basic_string_viewIcNS8_11char_traitsIcEEEEEEEPNS0_4NodeEDpOT0_)
000e77cc 0000000c     4         cxa_demangle.cpp.obj:(.pdata$_ZNK12_GLOBAL__N_116itanium_demangle13FunctionParam9printLeftERNS0_12OutputBufferE)
000e77d8 0000000c     4         cxa_demangle.cpp.obj:(.pdata$_ZNK12_GLOBAL__N_116itanium_demangle8FoldExpr9printLeftERNS0_12OutputBufferE)
000e77e4 0000000c     4         cxa_demangle.cpp.obj:(.pdata$_ZZNK12_GLOBAL__N_116itanium_demangle8FoldExpr9printLeftERNS0_12OutputBufferEENKUlvE_clEv)
000e77f0 0000000c     4         cxa_demangle.cpp.obj:(.pdata$_ZNK12_GLOBAL__N_116itanium_demangle22ParameterPackExpansion9printLeftERNS0_12OutputBufferE)
000e77fc 0000000c     4         cxa_demangle.cpp.obj:(.pdata$_ZNK12_GLOBAL__N_116itanium_demangle10BracedExpr9printLeftERNS0_12OutputBufferE)
000e7808 0000000c     4         cxa_demangle.cpp.obj:(.pdata$_ZNK12_GLOBAL__N_116itanium_demangle15BracedRangeExpr9printLeftERNS0_12OutputBufferE)
000e7814 0000000c     4         cxa_demangle.cpp.obj:(.pdata$_ZNK12_GLOBAL__N_116itanium_demangle12InitListExpr9printLeftERNS0_12OutputBufferE)
000e7820 0000000c     4         cxa_demangle.cpp.obj:(.pdata$_ZNK12_GLOBAL__N_116itanium_demangle29PointerToMemberConversionExpr9printLeftERNS0_12OutputBufferE)
000e782c 0000000c     4         cxa_demangle.cpp.obj:(.pdata$_ZNK12_GLOBAL__N_116itanium_demangle15ExprRequirement9printLeftERNS0_12OutputBufferE)
000e7838 0000000c     4         cxa_demangle.cpp.obj:(.pdata$_ZNK12_GLOBAL__N_116itanium_demangle15TypeRequirement9printLeftERNS0_12OutputBufferE)
000e7844 0000000c     4         cxa_demangle.cpp.obj:(.pdata$_ZNK12_GLOBAL__N_116itanium_demangle17NestedRequirement9printLeftERNS0_12OutputBufferE)
000e7850 0000000c     4         cxa_demangle.cpp.obj:(.pdata$_ZNK12_GLOBAL__N_116itanium_demangle12RequiresExpr9printLeftERNS0_12OutputBufferE)
000e785c 0000000c     4         cxa_demangle.cpp.obj:(.pdata$_ZNK12_GLOBAL__N_116itanium_demangle13SubobjectExpr9printLeftERNS0_12OutputBufferE)
000e7868 0000000c     4         cxa_demangle.cpp.obj:(.pdata$_ZNK12_GLOBAL__N_116itanium_demangle19SizeofParamPackExpr9printLeftERNS0_12OutputBufferE)
000e7874 0000000c     4         cxa_demangle.cpp.obj:(.pdata$_ZNK12_GLOBAL__N_116itanium_demangle9ThrowExpr9printLeftERNS0_12OutputBufferE)
000e7880 0000000c     4         cxa_demangle.cpp.obj:(.pdata$_ZN12_GLOBAL__N_116itanium_demangle22AbstractManglingParserINS0_14ManglingParserINS_16DefaultAllocatorEEES3_E19parseUnresolvedTypeEv)
000e788c 0000000c     4         cxa_demangle.cpp.obj:(.pdata$_ZN12_GLOBAL__N_116itanium_demangle22AbstractManglingParserINS0_14ManglingParserINS_16DefaultAllocatorEEES3_E13parseSimpleIdEv)
000e7898 0000000c     4         cxa_demangle.cpp.obj:(.pdata$_ZN12_GLOBAL__N_116itanium_demangle22AbstractManglingParserINS0_14ManglingParserINS_16DefaultAllocatorEEES3_E23parseBaseUnresolvedNameEv)
000e78a4 0000000c     4         cxa_demangle.cpp.obj:(.pdata$_ZNK12_GLOBAL__N_116itanium_demangle13QualifiedName9printLeftERNS0_12OutputBufferE)
000e78b0 0000000c     4         cxa_demangle.cpp.obj:(.pdata$_ZN12_GLOBAL__N_116itanium_demangle22AbstractManglingParserINS0_14ManglingParserINS_16DefaultAllocatorEEES3_E17parseOperatorNameEPNS5_9NameStateE)
000e78bc 0000000c     4         cxa_demangle.cpp.obj:(.pdata$_ZNK12_GLOBAL__N_116itanium_demangle8DtorName9printLeftERNS0_12OutputBufferE)
000e78c8 0000000c     4         cxa_demangle.cpp.obj:(.pdata$_ZNK12_GLOBAL__N_116itanium_demangle22ConversionOperatorType9printLeftERNS0_12OutputBufferE)
000e78d4 0000000c     4         cxa_demangle.cpp.obj:(.pdata$_ZNK12_GLOBAL__N_116itanium_demangle15LiteralOperator9printLeftERNS0_12OutputBufferE)
000e78e0 0000000c     4         cxa_demangle.cpp.obj:(.pdata$_ZNK12_GLOBAL__N_116itanium_demangle19GlobalQualifiedName9printLeftERNS0_12OutputBufferE)
000e78ec 0000000c     4         cxa_demangle.cpp.obj:(.pdata$_ZN12_GLOBAL__N_116itanium_demangle22AbstractManglingParserINS0_14ManglingParserINS_16DefaultAllocatorEEES3_E12parseAbiTagsEPNS0_4NodeE)
000e78f8 0000000c     4         cxa_demangle.cpp.obj:(.pdata$_ZNK12_GLOBAL__N_116itanium_demangle19SpecialSubstitution11getBaseNameEv)
000e7904 0000000c     4         cxa_demangle.cpp.obj:(.pdata$_ZNK12_GLOBAL__N_116itanium_demangle19SpecialSubstitution9printLeftERNS0_12OutputBufferE)
000e7910 0000000c     4         cxa_demangle.cpp.obj:(.pdata$_ZNK12_GLOBAL__N_116itanium_demangle27ExpandedSpecialSubstitution9printLeftERNS0_12OutputBufferE)
000e791c 0000000c     4         cxa_demangle.cpp.obj:(.pdata$_ZNK12_GLOBAL__N_116itanium_demangle10AbiTagAttr9printLeftERNS0_12OutputBufferE)
000e7928 0000000c     4         cxa_demangle.cpp.obj:(.pdata$_ZNK12_GLOBAL__N_116itanium_demangle21StructuredBindingName9printLeftERNS0_12OutputBufferE)
000e7934 0000000c     4         cxa_demangle.cpp.obj:(.pdata$_ZN12_GLOBAL__N_116itanium_demangle22AbstractManglingParserINS0_14ManglingParserINS_16DefaultAllocatorEEES3_E4makeINS0_27ExpandedSpecialSubstitutionEJPNS0_19SpecialSubstitutionEEEEPNS0_4NodeEDpOT0_)
000e7940 0000000c     4         cxa_demangle.cpp.obj:(.pdata$_ZN12_GLOBAL__N_116itanium_demangle22AbstractManglingParserINS0_14ManglingParserINS_16DefaultAllocatorEEES3_E4makeINS0_12CtorDtorNameEJRPNS0_4NodeEbRiEEES9_DpOT0_)
000e794c 0000000c     4         cxa_demangle.cpp.obj:(.pdata$_ZNK12_GLOBAL__N_116itanium_demangle12CtorDtorName9printLeftERNS0_12OutputBufferE)
000e7958 0000000c     4         cxa_demangle.cpp.obj:(.pdata$_ZNK12_GLOBAL__N_116itanium_demangle12ModuleEntity9printLeftERNS0_12OutputBufferE)
000e7964 0000000c     4         cxa_demangle.cpp.obj:(.pdata$_ZNK12_GLOBAL__N_116itanium_demangle20MemberLikeFriendName9printLeftERNS0_12OutputBufferE)
000e7970 0000000c     4         cxa_demangle.cpp.obj:(.pdata$_ZNK12_GLOBAL__N_116itanium_demangle10NestedName9printLeftERNS0_12OutputBufferE)
000e797c 0000000c     4         cxa_demangle.cpp.obj:(.pdata$_ZN12_GLOBAL__N_116itanium_demangle22AbstractManglingParserINS0_14ManglingParserINS_16DefaultAllocatorEEES3_E4makeINS0_8NameTypeEJRA15_KcEEEPNS0_4NodeEDpOT0_)
000e7988 0000000c     4         cxa_demangle.cpp.obj:(.pdata$_ZN12_GLOBAL__N_116itanium_demangle22AbstractManglingParserINS0_14ManglingParserINS_16DefaultAllocatorEEES3_E4makeINS0_9LocalNameEJRPNS0_4NodeESA_EEES9_DpOT0_)
000e7994 0000000c     4         cxa_demangle.cpp.obj:(.pdata$_ZNK12_GLOBAL__N_116itanium_demangle9LocalName9printLeftERNS0_12OutputBufferE)
000e79a0 0000000c     4         cxa_demangle.cpp.obj:(.pdata$_ZNK12_GLOBAL__N_116itanium_demangle12TemplateArgs9printLeftERNS0_12OutputBufferE)
000e79ac 0000000c     4         cxa_demangle.cpp.obj:(.pdata$_ZNK12_GLOBAL__N_116itanium_demangle20NameWithTemplateArgs9printLeftERNS0_12OutputBufferE)
000e79b8 0000000c     4         cxa_demangle.cpp.obj:(.pdata$_ZNK12_GLOBAL__N_116itanium_demangle25TemplateParamQualifiedArg9printLeftERNS0_12OutputBufferE)
000e79c4 0000000c     4         cxa_demangle.cpp.obj:(.pdata$_ZNK12_GLOBAL__N_116itanium_demangle12EnableIfAttr9printLeftERNS0_12OutputBufferE)
000e79d0 0000000c     4         cxa_demangle.cpp.obj:(.pdata$_ZNK12_GLOBAL__N_116itanium_demangle23ExplicitObjectParameter9printLeftERNS0_12OutputBufferE)
000e79dc 0000000c     4         cxa_demangle.cpp.obj:(.pdata$_ZNK12_GLOBAL__N_116itanium_demangle16FunctionEncoding9printLeftERNS0_12OutputBufferE)
000e79e8 0000000c     4         cxa_demangle.cpp.obj:(.pdata$_ZNK12_GLOBAL__N_116itanium_demangle16FunctionEncoding10printRightERNS0_12OutputBufferE)
000e79f4 0000000c     4         cxa_demangle.cpp.obj:(.pdata$_ZNK12_GLOBAL__N_116itanium_demangle9DotSuffix9printLeftERNS0_12OutputBufferE)
000e7a00 0000000c     4         cxa_demangle.cpp.obj:(.pdata$_ZN12_GLOBAL__N_116itanium_demangle22AbstractManglingParserINS0_14ManglingParserINS_16DefaultAllocatorEEES3_E17parseFunctionTypeEv)
000e7a0c 0000000c     4         cxa_demangle.cpp.obj:(.pdata$_ZN12_GLOBAL__N_116itanium_demangle22AbstractManglingParserINS0_14ManglingParserINS_16DefaultAllocatorEEES3_E18parseQualifiedTypeEv)
000e7a18 0000000c     4         cxa_demangle.cpp.obj:(.pdata$_ZN12_GLOBAL__N_116itanium_demangle22AbstractManglingParserINS0_14ManglingParserINS_16DefaultAllocatorEEES3_E4makeINS0_8NameTypeEJRA12_KcEEEPNS0_4NodeEDpOT0_)
000e7a24 0000000c     4         cxa_demangle.cpp.obj:(.pdata$_ZN12_GLOBAL__N_116itanium_demangle22AbstractManglingParserINS0_14ManglingParserINS_16DefaultAllocatorEEES3_E4makeINS0_8NameTypeEJRA13_KcEEEPNS0_4NodeEDpOT0_)
000e7a30 0000000c     4         cxa_demangle.cpp.obj:(.pdata$_ZN12_GLOBAL__N_116itanium_demangle22AbstractManglingParserINS0_14ManglingParserINS_16DefaultAllocatorEEES3_E4makeINS0_8NameTypeEJRA10_KcEEEPNS0_4NodeEDpOT0_)
000e7a3c 0000000c     4         cxa_demangle.cpp.obj:(.pdata$_ZN12_GLOBAL__N_116itanium_demangle22AbstractManglingParserINS0_14ManglingParserINS_16DefaultAllocatorEEES3_E4makeINS0_8NameTypeEJRA9_KcEEEPNS0_4NodeEDpOT0_)
000e7a48 0000000c     4         cxa_demangle.cpp.obj:(.pdata$_ZN12_GLOBAL__N_116itanium_demangle22AbstractManglingParserINS0_14ManglingParserINS_16DefaultAllocatorEEES3_E4makeINS0_8NameTypeEJRA18_KcEEEPNS0_4NodeEDpOT0_)
000e7a54 0000000c     4         cxa_demangle.cpp.obj:(.pdata$_ZN12_GLOBAL__N_116itanium_demangle22AbstractManglingParserINS0_14ManglingParserINS_16DefaultAllocatorEEES3_E4makeINS0_8NameTypeEJRA7_KcEEEPNS0_4NodeEDpOT0_)
000e7a60 0000000c     4         cxa_demangle.cpp.obj:(.pdata$_ZN12_GLOBAL__N_116itanium_demangle22AbstractManglingParserINS0_14ManglingParserINS_16DefaultAllocatorEEES3_E4makeINS0_8NameTypeEJRA11_KcEEEPNS0_4NodeEDpOT0_)
000e7a6c 0000000c     4         cxa_demangle.cpp.obj:(.pdata$_ZN12_GLOBAL__N_116itanium_demangle22AbstractManglingParserINS0_14ManglingParserINS_16DefaultAllocatorEEES3_E4makeINS0_15TransformedTypeEJRNSt3__117basic_string_viewIcNS8_11char_traitsIcEEEERPNS0_4NodeEEEESF_DpOT0_)
000e7a78 0000000c     4         cxa_demangle.cpp.obj:(.pdata$_ZN12_GLOBAL__N_116itanium_demangle22AbstractManglingParserINS0_14ManglingParserINS_16DefaultAllocatorEEES3_E4makeINS0_12BinaryFPTypeEJRPNS0_4NodeEEEES9_DpOT0_)
000e7a84 0000000c     4         cxa_demangle.cpp.obj:(.pdata$_ZN12_GLOBAL__N_116itanium_demangle22AbstractManglingParserINS0_14ManglingParserINS_16DefaultAllocatorEEES3_E4makeINS0_8NameTypeEJRA21_KcEEEPNS0_4NodeEDpOT0_)
000e7a90 0000000c     4         cxa_demangle.cpp.obj:(.pdata$_ZN12_GLOBAL__N_116itanium_demangle22AbstractManglingParserINS0_14ManglingParserINS_16DefaultAllocatorEEES3_E4makeINS0_8NameTypeEJRA27_KcEEEPNS0_4NodeEDpOT0_)
000e7a9c 0000000c     4         cxa_demangle.cpp.obj:(.pdata$_ZN12_GLOBAL__N_116itanium_demangle22AbstractManglingParserINS0_14ManglingParserINS_16DefaultAllocatorEEES3_E4makeINS0_8NameTypeEJRA17_KcEEEPNS0_4NodeEDpOT0_)
000e7aa8 0000000c     4         cxa_demangle.cpp.obj:(.pdata$_ZN12_GLOBAL__N_116itanium_demangle22AbstractManglingParserINS0_14ManglingParserINS_16DefaultAllocatorEEES3_E4makeINS0_8NameTypeEJRA26_KcEEEPNS0_4NodeEDpOT0_)
000e7ab4 0000000c     4         cxa_demangle.cpp.obj:(.pdata$_ZN12_GLOBAL__N_116itanium_demangle22AbstractManglingParserINS0_14ManglingParserINS_16DefaultAllocatorEEES3_E4makeINS0_10BitIntTypeEJRPNS0_4NodeERbEEES9_DpOT0_)
000e7ac0 0000000c     4         cxa_demangle.cpp.obj:(.pdata$_ZN12_GLOBAL__N_116itanium_demangle22AbstractManglingParserINS0_14ManglingParserINS_16DefaultAllocatorEEES3_E4makeINS0_20PostfixQualifiedTypeEJRPNS0_4NodeERNSt3__117basic_string_viewIcNSB_11char_traitsIcEEEEEEES9_DpOT0_)
000e7acc 0000000c     4         cxa_demangle.cpp.obj:(.pdata$_ZN12_GLOBAL__N_116itanium_demangle22AbstractManglingParserINS0_14ManglingParserINS_16DefaultAllocatorEEES3_E15parseVectorTypeEv)
000e7ad8 0000000c     4         cxa_demangle.cpp.obj:(.pdata$_ZN12_GLOBAL__N_116itanium_demangle22AbstractManglingParserINS0_14ManglingParserINS_16DefaultAllocatorEEES3_E18parseClassEnumTypeEv)
000e7ae4 0000000c     4         cxa_demangle.cpp.obj:(.pdata$_ZN12_GLOBAL__N_116itanium_demangle22AbstractManglingParserINS0_14ManglingParserINS_16DefaultAllocatorEEES3_E4makeINS0_11PointerTypeEJRPNS0_4NodeEEEES9_DpOT0_)
000e7af0 0000000c     4         cxa_demangle.cpp.obj:(.pdata$_ZN12_GLOBAL__N_116itanium_demangle22AbstractManglingParserINS0_14ManglingParserINS_16DefaultAllocatorEEES3_E4makeINS0_13ReferenceTypeEJRPNS0_4NodeENS0_13ReferenceKindEEEES9_DpOT0_)
000e7afc 0000000c     4         cxa_demangle.cpp.obj:(.pdata$_ZN12_GLOBAL__N_116itanium_demangle22AbstractManglingParserINS0_14ManglingParserINS_16DefaultAllocatorEEES3_E4makeINS0_20PostfixQualifiedTypeEJRPNS0_4NodeERA9_KcEEES9_DpOT0_)
000e7b08 0000000c     4         cxa_demangle.cpp.obj:(.pdata$_ZN12_GLOBAL__N_116itanium_demangle22AbstractManglingParserINS0_14ManglingParserINS_16DefaultAllocatorEEES3_E4makeINS0_20PostfixQualifiedTypeEJRPNS0_4NodeERA11_KcEEES9_DpOT0_)
000e7b14 0000000c     4         cxa_demangle.cpp.obj:(.pdata$_ZNK12_GLOBAL__N_116itanium_demangle12NoexceptSpec9printLeftERNS0_12OutputBufferE)
000e7b20 0000000c     4         cxa_demangle.cpp.obj:(.pdata$_ZNK12_GLOBAL__N_116itanium_demangle20DynamicExceptionSpec9printLeftERNS0_12OutputBufferE)
000e7b2c 0000000c     4         cxa_demangle.cpp.obj:(.pdata$_ZNK12_GLOBAL__N_116itanium_demangle12FunctionType9printLeftERNS0_12OutputBufferE)
000e7b38 0000000c     4         cxa_demangle.cpp.obj:(.pdata$_ZNK12_GLOBAL__N_116itanium_demangle12FunctionType10printRightERNS0_12OutputBufferE)
000e7b44 0000000c     4         cxa_demangle.cpp.obj:(.pdata$_ZNK12_GLOBAL__N_116itanium_demangle13ObjCProtoName9printLeftERNS0_12OutputBufferE)
000e7b50 0000000c     4         cxa_demangle.cpp.obj:(.pdata$_ZNK12_GLOBAL__N_116itanium_demangle17VendorExtQualType9printLeftERNS0_12OutputBufferE)
000e7b5c 0000000c     4         cxa_demangle.cpp.obj:(.pdata$_ZNK12_GLOBAL__N_116itanium_demangle8QualType9printLeftERNS0_12OutputBufferE)
000e7b68 0000000c     4         cxa_demangle.cpp.obj:(.pdata$_ZNK12_GLOBAL__N_116itanium_demangle15TransformedType9printLeftERNS0_12OutputBufferE)
000e7b74 0000000c     4         cxa_demangle.cpp.obj:(.pdata$_ZNK12_GLOBAL__N_116itanium_demangle12BinaryFPType9printLeftERNS0_12OutputBufferE)
000e7b80 0000000c     4         cxa_demangle.cpp.obj:(.pdata$_ZNK12_GLOBAL__N_116itanium_demangle10BitIntType9printLeftERNS0_12OutputBufferE)
000e7b8c 0000000c     4         cxa_demangle.cpp.obj:(.pdata$_ZNK12_GLOBAL__N_116itanium_demangle20PostfixQualifiedType9printLeftERNS0_12OutputBufferE)
000e7b98 0000000c     4         cxa_demangle.cpp.obj:(.pdata$_ZN12_GLOBAL__N_116itanium_demangle22AbstractManglingParserINS0_14ManglingParserINS_16DefaultAllocatorEEES3_E4makeINS0_15PixelVectorTypeEJRPNS0_4NodeEEEES9_DpOT0_)
000e7ba4 0000000c     4         cxa_demangle.cpp.obj:(.pdata$_ZN12_GLOBAL__N_116itanium_demangle22AbstractManglingParserINS0_14ManglingParserINS_16DefaultAllocatorEEES3_E4makeINS0_10VectorTypeEJRPNS0_4NodeESA_EEES9_DpOT0_)
000e7bb0 0000000c     4         cxa_demangle.cpp.obj:(.pdata$_ZNK12_GLOBAL__N_116itanium_demangle15PixelVectorType9printLeftERNS0_12OutputBufferE)
000e7bbc 0000000c     4         cxa_demangle.cpp.obj:(.pdata$_ZNK12_GLOBAL__N_116itanium_demangle10VectorType9printLeftERNS0_12OutputBufferE)
000e7bc8 0000000c     4         cxa_demangle.cpp.obj:(.pdata$_ZN12_GLOBAL__N_116itanium_demangle22AbstractManglingParserINS0_14ManglingParserINS_16DefaultAllocatorEEES3_E4makeINS0_9ArrayTypeEJRPNS0_4NodeESA_EEES9_DpOT0_)
000e7bd4 0000000c     4         cxa_demangle.cpp.obj:(.pdata$_ZNK12_GLOBAL__N_116itanium_demangle9ArrayType19printInitListAsTypeERNS0_12OutputBufferERKNS0_9NodeArrayE)
000e7be0 0000000c     4         cxa_demangle.cpp.obj:(.pdata$_ZNK12_GLOBAL__N_116itanium_demangle9ArrayType10printRightERNS0_12OutputBufferE)
000e7bec 0000000c     4         cxa_demangle.cpp.obj:(.pdata$_ZN12_GLOBAL__N_116itanium_demangle22AbstractManglingParserINS0_14ManglingParserINS_16DefaultAllocatorEEES3_E4makeINS0_19PointerToMemberTypeEJRPNS0_4NodeESA_EEES9_DpOT0_)
000e7bf8 0000000c     4         cxa_demangle.cpp.obj:(.pdata$_ZNK12_GLOBAL__N_116itanium_demangle19PointerToMemberType9printLeftERNS0_12OutputBufferE)
000e7c04 0000000c     4         cxa_demangle.cpp.obj:(.pdata$_ZNK12_GLOBAL__N_116itanium_demangle19PointerToMemberType10printRightERNS0_12OutputBufferE)
000e7c10 0000000c     4         cxa_demangle.cpp.obj:(.pdata$_ZNK12_GLOBAL__N_116itanium_demangle22ElaboratedTypeSpefType9printLeftERNS0_12OutputBufferE)
000e7c1c 0000000c     4         cxa_demangle.cpp.obj:(.pdata$_ZNK12_GLOBAL__N_116itanium_demangle11PointerType9printLeftERNS0_12OutputBufferE)
000e7c28 0000000c     4         cxa_demangle.cpp.obj:(.pdata$_ZNK12_GLOBAL__N_116itanium_demangle11PointerType10printRightERNS0_12OutputBufferE)
000e7c34 0000000c     4         cxa_demangle.cpp.obj:(.pdata$_ZNK12_GLOBAL__N_116itanium_demangle13ReferenceType9printLeftERNS0_12OutputBufferE)
000e7c40 0000000c     4         cxa_demangle.cpp.obj:(.pdata$_ZNK12_GLOBAL__N_116itanium_demangle13ReferenceType10printRightERNS0_12OutputBufferE)
000e7c4c 0000000c     4         cxa_demangle.cpp.obj:(.pdata$_ZNK12_GLOBAL__N_116itanium_demangle13ReferenceType8collapseERNS0_12OutputBufferE)
000e7c58 00000090     4         lib64_libmingwex_a-misc.o:(.pdata)
000e7ce8 0000000c     4         lib64_libmingwex_a-gmisc.o:(.pdata)
000e7cf4 0000000c     4         lib64_libmingwex_a-strtof.o:(.pdata)
000e7d00 0000000c     4         lib64_libmingwex_a-strtopx.o:(.pdata)
000e7d0c 0000000c     4         chrono.cpp.obj:(.pdata$_GLOBAL__I_000100)
000e7d18 0000000c     4         lib64_libucrt_extra_a-ucrt_snprintf.o:(.pdata)
000e7d24 00000030     4         lib64_libmingwex_a-strtodg.o:(.pdata)
000e7d54 00000018     4         lib64_libmingwex_a-g__fmt.o:(.pdata)
000e7d6c 0000000c     4         lib64_libmingwex_a-gethex.o:(.pdata)
000e7d78 00000024     4         lib64_libmingwex_a-smisc.o:(.pdata)
000e7d9c 0000000c     4         lib64_libmingwex_a-sum.o:(.pdata)
000e7da8 0000000c     4         lib64_libmingwex_a-hexnan.o:(.pdata)
000e8000 00000020  4096 .tls
000e8000 00000008     8         lib64_libmingw32_a-tlssup.o:(.tls)
000e8000 00000000     0                 _tls_start
000e8008 00000010     8         cxa_exception_storage.cpp.obj:(.tls$$_ZZN10__cxxabiv112_GLOBAL__N_19__globalsEvE10eh_globals)
000e8008 00000000     0                 __cxxabiv1::(anonymous namespace)::__globals()::eh_globals
000e8018 00000008     8         lib64_libmingw32_a-tlssup.o:(.tls$ZZZ)
000e8018 00000000     0                 _tls_end
000e9000 000047c0  4096 .rsrc
000e9000 0000016c    16         resource.res:(.rsrc$01)
000e9170 00004650    16         resource.res:(.rsrc$02)
000e9170 00000000     0                 $R000000
000e9278 00000000     0                 $R000001
000e9290 00000000     0                 $R000002
000e9bb0 00000000     0                 $R000003
000ed188 00000000     0                 $R000004
000ee000 00002274  4096 .reloc
