Address  Size     Align Out     In      Symbol
00001000 00053240  4096 .text
00001000 000005c0    16         C:/MinGWLLVMClang/mingw64/x86_64-w64-mingw32/lib/crt2.o:(.text)
00001017 00000000     0                 pre_c_init
0000109a 00000000     0                 pre_cpp_init
000010f6 00000000     0                 WinMainCRTStartup
00001105 00000000     0                 .l_startw
0000111b 00000000     0                 .l_endw
00001125 00000000     0                 mainCRTStartup
00001134 00000000     0                 .l_start
0000114a 00000000     0                 .l_end
00001154 00000000     0                 __tmainCRTStartup
00001378 00000000     0                 check_managed_app
0000147c 00000000     0                 duplicate_ppstrings
00001583 00000000     0                 atexit
00001583 00000000     0                 atexit
00001583 00000000     0                 atexit
00001583 00000000     0                 atexit
00001583 00000000     0                 atexit
00001583 00000000     0                 atexit
00001583 00000000     0                 atexit
000015c0 00000110    16         C:/MinGWLLVMClang/mingw64/lib/gcc/x86_64-w64-mingw32/14.2.0/crtbegin.o:(.text)
000015c0 00000000     0                 .weak.__register_frame_info.hmod_libgcc
000015c0 00000000     0                 .weak.__register_frame_info.hmod_libgcc
000015d0 00000000     0                 .weak.__deregister_frame_info.hmod_libgcc
000015d0 00000000     0                 .weak.__deregister_frame_info.hmod_libgcc
000015e0 00000000     0                 __gcc_register_frame
000015e0 00000000     0                 __gcc_register_frame
00001690 00000000     0                 __gcc_deregister_frame
000016d0 000033f0    16         fg_callbacks.c.obj:(.text)
0000177b 00000000     0                 glutIdleFuncUcall
0000177b 00000000     0                 glutIdleFuncUcall
000017f9 00000000     0                 glutIdleFunc
000017f9 00000000     0                 glutIdleFunc
00001869 00000000     0                 glutTimerFuncUcall
00001869 00000000     0                 glutTimerFuncUcall
000019c4 00000000     0                 glutTimerFunc
000019c4 00000000     0                 glutTimerFunc
000019c4 00000000     0                 glutTimerFunc
000019c4 00000000     0                 glutTimerFunc
00001a52 00000000     0                 glutMenuStateFunc
00001a52 00000000     0                 glutMenuStateFunc
00001a9c 00000000     0                 glutMenuStatusFuncUcall
00001a9c 00000000     0                 glutMenuStatusFuncUcall
00001b39 00000000     0                 glutMenuStatusFunc
00001b39 00000000     0                 glutMenuStatusFunc
00001ba9 00000000     0                 glutMenuDestroyFuncUcall
00001ba9 00000000     0                 glutMenuDestroyFuncUcall
00001c3f 00000000     0                 glutMenuDestroyFunc
00001c3f 00000000     0                 glutMenuDestroyFunc
00001ce2 00000000     0                 glutPositionFuncUcall
00001ce2 00000000     0                 glutPositionFuncUcall
00001da1 00000000     0                 glutPositionFunc
00001da1 00000000     0                 glutPositionFunc
00001e51 00000000     0                 glutKeyboardFuncUcall
00001e51 00000000     0                 glutKeyboardFuncUcall
00001f10 00000000     0                 glutKeyboardFunc
00001f10 00000000     0                 glutKeyboardFunc
00001f10 00000000     0                 glutKeyboardFunc
00001fc0 00000000     0                 glutKeyboardUpFuncUcall
00001fc0 00000000     0                 glutKeyboardUpFuncUcall
0000207f 00000000     0                 glutKeyboardUpFunc
0000207f 00000000     0                 glutKeyboardUpFunc
0000212c 00000000     0                 glutSpecialFuncUcall
0000212c 00000000     0                 glutSpecialFuncUcall
000021eb 00000000     0                 glutSpecialFunc
000021eb 00000000     0                 glutSpecialFunc
00002298 00000000     0                 glutSpecialUpFuncUcall
00002298 00000000     0                 glutSpecialUpFuncUcall
00002357 00000000     0                 glutSpecialUpFunc
00002357 00000000     0                 glutSpecialUpFunc
0000240b 00000000     0                 glutMouseFuncUcall
0000240b 00000000     0                 glutMouseFuncUcall
000024ca 00000000     0                 glutMouseFunc
000024ca 00000000     0                 glutMouseFunc
0000257e 00000000     0                 glutMouseWheelFuncUcall
0000257e 00000000     0                 glutMouseWheelFuncUcall
0000263d 00000000     0                 glutMouseWheelFunc
0000263d 00000000     0                 glutMouseWheelFunc
000026e0 00000000     0                 glutMotionFuncUcall
000026e0 00000000     0                 glutMotionFuncUcall
0000279f 00000000     0                 glutMotionFunc
0000279f 00000000     0                 glutMotionFunc
00002842 00000000     0                 glutPassiveMotionFuncUcall
00002842 00000000     0                 glutPassiveMotionFuncUcall
00002901 00000000     0                 glutPassiveMotionFunc
00002901 00000000     0                 glutPassiveMotionFunc
0000299d 00000000     0                 glutEntryFuncUcall
0000299d 00000000     0                 glutEntryFuncUcall
00002a5c 00000000     0                 glutEntryFunc
00002a5c 00000000     0                 glutEntryFunc
00002af0 00000000     0                 glutCloseFuncUcall
00002af0 00000000     0                 glutCloseFuncUcall
00002baf 00000000     0                 glutCloseFunc
00002baf 00000000     0                 glutCloseFunc
00002c43 00000000     0                 glutWMCloseFuncUcall
00002c43 00000000     0                 glutWMCloseFuncUcall
00002d02 00000000     0                 glutWMCloseFunc
00002d02 00000000     0                 glutWMCloseFunc
00002d96 00000000     0                 glutOverlayDisplayFuncUcall
00002d96 00000000     0                 glutOverlayDisplayFuncUcall
00002e55 00000000     0                 glutOverlayDisplayFunc
00002e55 00000000     0                 glutOverlayDisplayFunc
00002ef1 00000000     0                 glutWindowStatusFuncUcall
00002ef1 00000000     0                 glutWindowStatusFuncUcall
00002fb0 00000000     0                 glutWindowStatusFunc
00002fb0 00000000     0                 glutWindowStatusFunc
00003053 00000000     0                 glutButtonBoxFuncUcall
00003053 00000000     0                 glutButtonBoxFuncUcall
00003112 00000000     0                 glutButtonBoxFunc
00003112 00000000     0                 glutButtonBoxFunc
000031b5 00000000     0                 glutDialsFuncUcall
000031b5 00000000     0                 glutDialsFuncUcall
00003274 00000000     0                 glutDialsFunc
00003274 00000000     0                 glutDialsFunc
00003317 00000000     0                 glutTabletMotionFuncUcall
00003317 00000000     0                 glutTabletMotionFuncUcall
000033d6 00000000     0                 glutTabletMotionFunc
000033d6 00000000     0                 glutTabletMotionFunc
0000348a 00000000     0                 glutTabletButtonFuncUcall
0000348a 00000000     0                 glutTabletButtonFuncUcall
00003549 00000000     0                 glutTabletButtonFunc
00003549 00000000     0                 glutTabletButtonFunc
000035ec 00000000     0                 glutMultiEntryFuncUcall
000035ec 00000000     0                 glutMultiEntryFuncUcall
000036ab 00000000     0                 glutMultiEntryFunc
000036ab 00000000     0                 glutMultiEntryFunc
00003761 00000000     0                 glutMultiButtonFuncUcall
00003761 00000000     0                 glutMultiButtonFuncUcall
00003820 00000000     0                 glutMultiButtonFunc
00003820 00000000     0                 glutMultiButtonFunc
000038cd 00000000     0                 glutMultiMotionFuncUcall
000038cd 00000000     0                 glutMultiMotionFuncUcall
0000398c 00000000     0                 glutMultiMotionFunc
0000398c 00000000     0                 glutMultiMotionFunc
00003a39 00000000     0                 glutMultiPassiveFuncUcall
00003a39 00000000     0                 glutMultiPassiveFuncUcall
00003af8 00000000     0                 glutMultiPassiveFunc
00003af8 00000000     0                 glutMultiPassiveFunc
00003b8c 00000000     0                 glutInitContextFuncUcall
00003b8c 00000000     0                 glutInitContextFuncUcall
00003c4b 00000000     0                 glutInitContextFunc
00003c4b 00000000     0                 glutInitContextFunc
00003ce7 00000000     0                 glutAppStatusFuncUcall
00003ce7 00000000     0                 glutAppStatusFuncUcall
00003da6 00000000     0                 glutAppStatusFunc
00003da6 00000000     0                 glutAppStatusFunc
00003e16 00000000     0                 glutDisplayFuncUcall
00003e16 00000000     0                 glutDisplayFuncUcall
00003f0f 00000000     0                 glutDisplayFunc
00003f0f 00000000     0                 glutDisplayFunc
00003f0f 00000000     0                 glutDisplayFunc
00003f0f 00000000     0                 glutDisplayFunc
00003f7f 00000000     0                 fghDefaultReshape
00003f7f 00000000     0                 fghDefaultReshape
00003fb7 00000000     0                 glutReshapeFuncUcall
00003fb7 00000000     0                 glutReshapeFuncUcall
000040c3 00000000     0                 glutReshapeFunc
000040c3 00000000     0                 glutReshapeFunc
000040c3 00000000     0                 glutReshapeFunc
00004204 00000000     0                 glutVisibilityFuncUcall
00004204 00000000     0                 glutVisibilityFuncUcall
0000432f 00000000     0                 glutVisibilityFunc
0000432f 00000000     0                 glutVisibilityFunc
0000439f 00000000     0                 glutJoystickFuncUcall
0000439f 00000000     0                 glutJoystickFuncUcall
000045ec 00000000     0                 glutJoystickFunc
000045ec 00000000     0                 glutJoystickFunc
0000466a 00000000     0                 glutSpaceballMotionFuncUcall
0000466a 00000000     0                 glutSpaceballMotionFuncUcall
0000476b 00000000     0                 glutSpaceballMotionFunc
0000476b 00000000     0                 glutSpaceballMotionFunc
000047db 00000000     0                 glutSpaceballRotateFuncUcall
000047db 00000000     0                 glutSpaceballRotateFuncUcall
000048dc 00000000     0                 glutSpaceballRotateFunc
000048dc 00000000     0                 glutSpaceballRotateFunc
0000494c 00000000     0                 glutSpaceballButtonFuncUcall
0000494c 00000000     0                 glutSpaceballButtonFuncUcall
00004a43 00000000     0                 glutSpaceballButtonFunc
00004a43 00000000     0                 glutSpaceballButtonFunc
00004ac0 00000400    16         fg_display.c.obj:(.text)
00004b6b 00000000     0                 glutPostRedisplay
00004b6b 00000000     0                 glutPostRedisplay
00004b6b 00000000     0                 glutPostRedisplay
00004bea 00000000     0                 glutSwapBuffers
00004bea 00000000     0                 glutSwapBuffers
00004bea 00000000     0                 glutSwapBuffers
00004bea 00000000     0                 glutSwapBuffers
00004e1a 00000000     0                 glutPostWindowRedisplay
00004e1a 00000000     0                 glutPostWindowRedisplay
00004e7e 00000000     0                 glutSwapInterval
00004e7e 00000000     0                 glutSwapInterval
00004ec0 00001340    16         fg_init.c.obj:(.text)
00004ec0 00000000     0                 fghParseCommandLineArguments
00005357 00000000     0                 fghCloseInputDevices
00005357 00000000     0                 fghCloseInputDevices
00005386 00000000     0                 fgDeinitialize
00005386 00000000     0                 fgDeinitialize
00005386 00000000     0                 fgDeinitialize
00005725 00000000     0                 parseCriteria
000058e2 00000000     0                 glutInit
000058e2 00000000     0                 glutInit
00005a8c 00000000     0                 glutExit
00005a8c 00000000     0                 glutExit
00005aa0 00000000     0                 glutInitWindowPosition
00005aa0 00000000     0                 glutInitWindowPosition
00005aa0 00000000     0                 glutInitWindowPosition
00005ae7 00000000     0                 glutInitWindowSize
00005ae7 00000000     0                 glutInitWindowSize
00005ae7 00000000     0                 glutInitWindowSize
00005b23 00000000     0                 glutInitDisplayMode
00005b23 00000000     0                 glutInitDisplayMode
00005b23 00000000     0                 glutInitDisplayMode
00005b36 00000000     0                 glutInitDisplayString
00005b36 00000000     0                 glutInitDisplayString
00006063 00000000     0                 glutInitContextVersion
00006063 00000000     0                 glutInitContextVersion
00006082 00000000     0                 glutInitContextFlags
00006082 00000000     0                 glutInitContextFlags
00006095 00000000     0                 glutInitContextProfile
00006095 00000000     0                 glutInitContextProfile
000060a8 00000000     0                 glutInitErrorFuncUcall
000060a8 00000000     0                 glutInitErrorFuncUcall
00006105 00000000     0                 glutInitErrorFunc
00006105 00000000     0                 glutInitErrorFunc
00006150 00000000     0                 glutInitWarningFuncUcall
00006150 00000000     0                 glutInitWarningFuncUcall
000061ad 00000000     0                 glutInitWarningFunc
000061ad 00000000     0                 glutInitWarningFunc
00006200 00000c40    16         fg_main.c.obj:(.text)
000062ab 00000000     0                 fghOnReshapeNotify
000062ab 00000000     0                 fghOnReshapeNotify
000063a2 00000000     0                 fghOnPositionNotify
000063a2 00000000     0                 fghOnPositionNotify
0000646d 00000000     0                 fghRedrawWindow
000064ee 00000000     0                 fghRedrawWindowAndChildren
000064ee 00000000     0                 fghRedrawWindowAndChildren
0000670b 00000000     0                 fgSystemTime
0000670b 00000000     0                 fgSystemTime
0000671e 00000000     0                 fgElapsedTime
0000671e 00000000     0                 fgElapsedTime
0000671e 00000000     0                 fgElapsedTime
00006745 00000000     0                 fgError
00006745 00000000     0                 fgError
00006745 00000000     0                 fgError
00006745 00000000     0                 fgError
00006745 00000000     0                 fgError
00006745 00000000     0                 fgError
00006745 00000000     0                 fgError
00006745 00000000     0                 fgError
00006745 00000000     0                 fgError
00006745 00000000     0                 fgError
00006745 00000000     0                 fgError
00006745 00000000     0                 fgError
00006745 00000000     0                 fgError
00006745 00000000     0                 fgError
00006745 00000000     0                 fgError
00006745 00000000     0                 fgError
00006745 00000000     0                 fgError
00006745 00000000     0                 fgError
00006745 00000000     0                 fgError
00006745 00000000     0                 fgError
0000688c 00000000     0                 fgWarning
0000688c 00000000     0                 fgWarning
0000688c 00000000     0                 fgWarning
0000688c 00000000     0                 fgWarning
0000688c 00000000     0                 fgWarning
0000688c 00000000     0                 fgWarning
0000688c 00000000     0                 fgWarning
0000688c 00000000     0                 fgWarning
0000688c 00000000     0                 fgWarning
0000688c 00000000     0                 fgWarning
0000688c 00000000     0                 fgWarning
0000688c 00000000     0                 fgWarning
0000688c 00000000     0                 fgWarning
0000688c 00000000     0                 fgWarning
0000688c 00000000     0                 fgWarning
0000688c 00000000     0                 fgWarning
00006ae7 00000000     0                 fgProcessWork
00006c20 00000000     0                 glutMainLoopEvent
00006c20 00000000     0                 glutMainLoopEvent
00006c8d 00000000     0                 glutMainLoop
00006c8d 00000000     0                 glutMainLoop
00006c8d 00000000     0                 glutMainLoop
00006df0 00000000     0                 glutLeaveMainLoop
00006df0 00000000     0                 glutLeaveMainLoop
00006e40 00000e10    16         fg_state.c.obj:(.text)
00006eeb 00000000     0                 glutSetOption
00006eeb 00000000     0                 glutSetOption
000071fc 00000000     0                 glutGet
000071fc 00000000     0                 glutGet
000071fc 00000000     0                 glutGet
000071fc 00000000     0                 glutGet
000071fc 00000000     0                 glutGet
000071fc 00000000     0                 glutGet
000071fc 00000000     0                 glutGet
0000782c 00000000     0                 glutDeviceGet
0000782c 00000000     0                 glutDeviceGet
00007ab4 00000000     0                 glutGetModifiers
00007ab4 00000000     0                 glutGetModifiers
00007b16 00000000     0                 glutLayerGet
00007b16 00000000     0                 glutLayerGet
00007be9 00000000     0                 glutGetModeValues
00007be9 00000000     0                 glutGetModeValues
00007c50 00000de0    16         fg_font.c.obj:(.text)
00007cfb 00000000     0                 fghFontByID
00007cfb 00000000     0                 fghFontByID
00007da9 00000000     0                 glutBitmapCharacter
00007da9 00000000     0                 glutBitmapCharacter
00007da9 00000000     0                 glutBitmapCharacter
00007f2c 00000000     0                 glutBitmapString
00007f2c 00000000     0                 glutBitmapString
00007f2c 00000000     0                 glutBitmapString
00008162 00000000     0                 glutBitmapWidth
00008162 00000000     0                 glutBitmapWidth
00008162 00000000     0                 glutBitmapWidth
00008201 00000000     0                 glutBitmapLength
00008201 00000000     0                 glutBitmapLength
00008201 00000000     0                 glutBitmapLength
000082f9 00000000     0                 glutBitmapHeight
000082f9 00000000     0                 glutBitmapHeight
000082f9 00000000     0                 glutBitmapHeight
00008368 00000000     0                 glutStrokeCharacter
00008368 00000000     0                 glutStrokeCharacter
00008551 00000000     0                 glutStrokeString
00008551 00000000     0                 glutStrokeString
0000875c 00000000     0                 glutStrokeWidthf
0000875c 00000000     0                 glutStrokeWidthf
0000880f 00000000     0                 glutStrokeWidth
0000880f 00000000     0                 glutStrokeWidth
00008843 00000000     0                 glutStrokeLengthf
00008843 00000000     0                 glutStrokeLengthf
00008980 00000000     0                 glutStrokeLength
00008980 00000000     0                 glutStrokeLength
000089b6 00000000     0                 glutStrokeHeight
000089b6 00000000     0                 glutStrokeHeight
00008a30 00000430    16         fg_init_mswin.c.obj:(.text)
00008a30 00000000     0                 fgPlatformInitialize
00008a30 00000000     0                 fgPlatformInitialize
00008d8a 00000000     0                 fgPlatformDeinitialiseInputDevices
00008d8a 00000000     0                 fgPlatformDeinitialiseInputDevices
00008dba 00000000     0                 fgPlatformCloseDisplay
00008dba 00000000     0                 fgPlatformCloseDisplay
00008e12 00000000     0                 fgPlatformDestroyContext
00008e12 00000000     0                 fgPlatformDestroyContext
00008e1d 00000000     0                 __glutInitWithExit
00008e1d 00000000     0                 __glutInitWithExit
00008e1d 00000000     0                 __glutInitWithExit
00008e1d 00000000     0                 __glutInitWithExit
00008e1d 00000000     0                 __glutInitWithExit
00008e1d 00000000     0                 __glutInitWithExit
00008e1d 00000000     0                 __glutInitWithExit
00008e1d 00000000     0                 __glutInitWithExit
00008e1d 00000000     0                 __glutInitWithExit
00008e1d 00000000     0                 __glutInitWithExit
00008e1d 00000000     0                 __glutInitWithExit
00008e1d 00000000     0                 __glutInitWithExit
00008e1d 00000000     0                 __glutInitWithExit
00008e1d 00000000     0                 __glutInitWithExit
00008e1d 00000000     0                 __glutInitWithExit
00008e1d 00000000     0                 __glutInitWithExit
00008e1d 00000000     0                 __glutInitWithExit
00008e1d 00000000     0                 __glutInitWithExit
00008e1d 00000000     0                 __glutInitWithExit
00008e1d 00000000     0                 __glutInitWithExit
00008e1d 00000000     0                 __glutInitWithExit
00008e1d 00000000     0                 __glutInitWithExit
00008e1d 00000000     0                 __glutInitWithExit
00008e1d 00000000     0                 __glutInitWithExit
00008e1d 00000000     0                 __glutInitWithExit
00008e1d 00000000     0                 __glutInitWithExit
00008e1d 00000000     0                 __glutInitWithExit
00008e1d 00000000     0                 __glutInitWithExit
00008e1d 00000000     0                 __glutInitWithExit
00008e1d 00000000     0                 __glutInitWithExit
00008e1d 00000000     0                 __glutInitWithExit
00008e1d 00000000     0                 __glutInitWithExit
00008e1d 00000000     0                 __glutInitWithExit
00008e1d 00000000     0                 __glutInitWithExit
00008e60 00001bf0    16         fg_window_mswin.c.obj:(.text)
00008e60 00000000     0                 fghTstrFromStr
00008e60 00000000     0                 fghTstrFromStr
00008e60 00000000     0                 fghTstrFromStr
000090d6 00000000     0                 fgNewWGLCreateContext
000090d6 00000000     0                 fgNewWGLCreateContext
00009663 00000000     0                 fgSetupPixelFormat
00009663 00000000     0                 fgSetupPixelFormat
00009663 00000000     0                 fgSetupPixelFormat
00009ad4 00000000     0                 fgPlatformSetWindow
00009ad4 00000000     0                 fgPlatformSetWindow
00009b71 00000000     0                 fghGetDefaultWindowStyle
00009bca 00000000     0                 fghGetStyleFromWindow
00009bca 00000000     0                 fghGetStyleFromWindow
00009c5e 00000000     0                 fghComputeWindowRectFromClientArea_UseStyle
00009c5e 00000000     0                 fghComputeWindowRectFromClientArea_UseStyle
00009d21 00000000     0                 fghComputeWindowRectFromClientArea_QueryWindow
00009d21 00000000     0                 fghComputeWindowRectFromClientArea_QueryWindow
00009d7d 00000000     0                 fghGetClientArea
00009d7d 00000000     0                 fghGetClientArea
00009d7d 00000000     0                 fghGetClientArea
00009f53 00000000     0                 fgPlatformOpenWindow
00009f53 00000000     0                 fgPlatformOpenWindow
0000a7a4 00000000     0                 fgPlatformCloseWindow
0000a7a4 00000000     0                 fgPlatformCloseWindow
0000a89e 00000000     0                 fgPlatformHideWindow
0000a89e 00000000     0                 fgPlatformHideWindow
0000a8ca 00000000     0                 fgPlatformGlutSetWindowTitle
0000a8ca 00000000     0                 fgPlatformGlutSetWindowTitle
0000a972 00000000     0                 fgPlatformGlutSetIconTitle
0000a972 00000000     0                 fgPlatformGlutSetIconTitle
0000aa1a 00000000     0                 __glutCreateWindowWithExit
0000aa1a 00000000     0                 __glutCreateWindowWithExit
0000aa1a 00000000     0                 __glutCreateWindowWithExit
0000aa1a 00000000     0                 __glutCreateWindowWithExit
0000aa1a 00000000     0                 __glutCreateWindowWithExit
0000aa1a 00000000     0                 __glutCreateWindowWithExit
0000aa1a 00000000     0                 __glutCreateWindowWithExit
0000aa1a 00000000     0                 __glutCreateWindowWithExit
0000aa1a 00000000     0                 __glutCreateWindowWithExit
0000aa1a 00000000     0                 __glutCreateWindowWithExit
0000aa1a 00000000     0                 __glutCreateWindowWithExit
0000aa1a 00000000     0                 __glutCreateWindowWithExit
0000aa1a 00000000     0                 __glutCreateWindowWithExit
0000aa1a 00000000     0                 __glutCreateWindowWithExit
0000aa1a 00000000     0                 __glutCreateWindowWithExit
0000aa1a 00000000     0                 __glutCreateWindowWithExit
0000aa1a 00000000     0                 __glutCreateWindowWithExit
0000aa1a 00000000     0                 __glutCreateWindowWithExit
0000aa1a 00000000     0                 __glutCreateWindowWithExit
0000aa1a 00000000     0                 __glutCreateWindowWithExit
0000aa1a 00000000     0                 __glutCreateWindowWithExit
0000aa1a 00000000     0                 __glutCreateWindowWithExit
0000aa1a 00000000     0                 __glutCreateWindowWithExit
0000aa1a 00000000     0                 __glutCreateWindowWithExit
0000aa1a 00000000     0                 __glutCreateWindowWithExit
0000aa1a 00000000     0                 __glutCreateWindowWithExit
0000aa1a 00000000     0                 __glutCreateWindowWithExit
0000aa1a 00000000     0                 __glutCreateWindowWithExit
0000aa1a 00000000     0                 __glutCreateWindowWithExit
0000aa1a 00000000     0                 __glutCreateWindowWithExit
0000aa1a 00000000     0                 __glutCreateWindowWithExit
0000aa1a 00000000     0                 __glutCreateWindowWithExit
0000aa1a 00000000     0                 __glutCreateWindowWithExit
0000aa1a 00000000     0                 __glutCreateWindowWithExit
0000aa50 00000008     4         libopengl32s00342.o:(.text)
0000aa50 00000000     0                 .text
0000aa50 00000000     0                 glViewport
0000aa58 00000008     4         libopengl32s00327.o:(.text)
0000aa58 00000000     0                 .text
0000aa58 00000000     0                 glVertex3f
0000aa60 00000008     4         libopengl32s00319.o:(.text)
0000aa60 00000000     0                 .text
0000aa60 00000000     0                 glVertex2f
0000aa68 00000008     4         libopengl32s00316.o:(.text)
0000aa68 00000000     0                 .text
0000aa68 00000000     0                 glTranslatef
0000aa70 00000008     4         libopengl32s00257.o:(.text)
0000aa70 00000000     0                 .text
0000aa70 00000000     0                 glScalef
0000aa78 00000008     4         libopengl32s00255.o:(.text)
0000aa78 00000000     0                 .text
0000aa78 00000000     0                 glRotatef
0000aa80 00000008     4         libopengl32s00221.o:(.text)
0000aa80 00000000     0                 .text
0000aa80 00000000     0                 glRasterPos2f
0000aa88 00000008     4         libopengl32s00217.o:(.text)
0000aa88 00000000     0                 .text
0000aa88 00000000     0                 glPushMatrix
0000aa90 00000008     4         libopengl32s00212.o:(.text)
0000aa90 00000000     0                 .text
0000aa90 00000000     0                 glPopMatrix
0000aa98 00000008     4         libopengl32s00196.o:(.text)
0000aa98 00000000     0                 .text
0000aa98 00000000     0                 glOrtho
0000aaa0 00000008     4         libopengl32s00189.o:(.text)
0000aaa0 00000000     0                 .text
0000aaa0 00000000     0                 glNormal3f
0000aaa8 00000008     4         libopengl32s00184.o:(.text)
0000aaa8 00000000     0                 .text
0000aaa8 00000000     0                 glNewList
0000aab0 00000008     4         libopengl32s00183.o:(.text)
0000aab0 00000000     0                 .text
0000aab0 00000000     0                 glMultMatrixf
0000aab8 00000008     4         libopengl32s00181.o:(.text)
0000aab8 00000000     0                 .text
0000aab8 00000000     0                 glMatrixMode
0000aac0 00000008     4         libopengl32s00178.o:(.text)
0000aac0 00000000     0                 .text
0000aac0 00000000     0                 glMaterialfv
0000aac8 00000008     4         libopengl32s00164.o:(.text)
0000aac8 00000000     0                 .text
0000aac8 00000000     0                 glLoadIdentity
0000aad0 00000008     4         libopengl32s00162.o:(.text)
0000aad0 00000000     0                 .text
0000aad0 00000000     0                 glLineWidth
0000aad8 00000008     4         libopengl32s00158.o:(.text)
0000aad8 00000000     0                 .text
0000aad8 00000000     0                 glLightfv
0000aae0 00000008     4         libopengl32s00154.o:(.text)
0000aae0 00000000     0                 .text
0000aae0 00000000     0                 glLightModelfv
0000aae8 00000008     4         libopengl32s00104.o:(.text)
0000aae8 00000000     0                 .text
0000aae8 00000000     0                 glGenLists
0000aaf0 00000008     4         libopengl32s00100.o:(.text)
0000aaf0 00000000     0                 .text
0000aaf0 00000000     0                 glFogi
0000aaf8 00000008     4         libopengl32s00099.o:(.text)
0000aaf8 00000000     0                 .text
0000aaf8 00000000     0                 glFogfv
0000ab00 00000008     4         libopengl32s00098.o:(.text)
0000ab00 00000000     0                 .text
0000ab00 00000000     0                 glFogf
0000ab08 00000008     4         libopengl32s00082.o:(.text)
0000ab08 00000000     0                 .text
0000ab08 00000000     0                 glEndList
0000ab10 00000008     4         libopengl32s00081.o:(.text)
0000ab10 00000000     0                 .text
0000ab10 00000000     0                 glEnd
0000ab18 00000008     4         libopengl32s00079.o:(.text)
0000ab18 00000000     0                 .text
0000ab18 00000000     0                 glEnable
0000ab20 00000008     4         libopengl32s00070.o:(.text)
0000ab20 00000000     0                 .text
0000ab20 00000000     0                 glDisable
0000ab28 00000008     4         libopengl32s00065.o:(.text)
0000ab28 00000000     0                 .text
0000ab28 00000000     0                 glDeleteLists
0000ab30 00000008     4         libopengl32s00043.o:(.text)
0000ab30 00000000     0                 .text
0000ab30 00000000     0                 glColor4f
0000ab38 00000008     4         libopengl32s00027.o:(.text)
0000ab38 00000000     0                 .text
0000ab38 00000000     0                 glColor3f
0000ab40 00000008     4         libopengl32s00018.o:(.text)
0000ab40 00000000     0                 .text
0000ab40 00000000     0                 glClearColor
0000ab48 00000008     4         libopengl32s00016.o:(.text)
0000ab48 00000000     0                 .text
0000ab48 00000000     0                 glClear
0000ab50 00000008     4         libopengl32s00014.o:(.text)
0000ab50 00000000     0                 .text
0000ab50 00000000     0                 glCallList
0000ab58 00000008     4         libopengl32s00013.o:(.text)
0000ab58 00000000     0                 .text
0000ab58 00000000     0                 glBlendFunc
0000ab60 00000008     4         libopengl32s00010.o:(.text)
0000ab60 00000000     0                 .text
0000ab60 00000000     0                 glBegin
0000ab68 00000008     4         libuser32s00748.o:(.text)
0000ab68 00000000     0                 .text
0000ab68 00000000     0                 SendMessageA
0000ab70 00000008     4         libuser32s00576.o:(.text)
0000ab70 00000000     0                 .text
0000ab70 00000000     0                 LoadIconA
0000ab78 00000008     4         libuser32s00269.o:(.text)
0000ab78 00000000     0                 .text
0000ab78 00000000     0                 FindWindowA
0000ab80 00000008     4         libkernel32s01618.o:(.text)
0000ab80 00000000     0                 __C_specific_handler
0000ab80 00000000     0                 .text
0000ab80 00000000     0                 __C_specific_handler
0000ab80 00000000     0                 __C_specific_handler
0000ab88 00000008     4         libkernel32s01443.o:(.text)
0000ab88 00000000     0                 .text
0000ab88 00000000     0                 Sleep
0000ab90 00000008     4         libkernel32s01427.o:(.text)
0000ab90 00000000     0                 .text
0000ab90 00000000     0                 SetUnhandledExceptionFilter
0000ab98 00000008     4         libkernel32s01340.o:(.text)
0000ab98 00000000     0                 .text
0000ab98 00000000     0                 SetFileAttributesA
0000aba0 00000008     4         libkernel32s01039.o:(.text)
0000aba0 00000000     0                 .text
0000aba0 00000000     0                 LockResource
0000aba8 00000008     4         libkernel32s01017.o:(.text)
0000aba8 00000000     0                 .text
0000aba8 00000000     0                 LoadResource
0000abb0 00000008     4         libkernel32s01011.o:(.text)
0000abb0 00000000     0                 .text
0000abb0 00000000     0                 LoadLibraryA
0000abb8 00000008     4         libkernel32s00725.o:(.text)
0000abb8 00000000     0                 .text
0000abb8 00000000     0                 GetProcAddress
0000abc0 00000008     4         libkernel32s00665.o:(.text)
0000abc0 00000000     0                 .text
0000abc0 00000000     0                 GetModuleHandleA
0000abc8 00000008     4         libkernel32s00663.o:(.text)
0000abc8 00000000     0                 .text
0000abc8 00000000     0                 GetModuleFileNameA
0000abd0 00000008     4         libkernel32s00454.o:(.text)
0000abd0 00000000     0                 .text
0000abd0 00000000     0                 FreeLibrary
0000abd8 00000008     4         libkernel32s00430.o:(.text)
0000abd8 00000000     0                 .text
0000abd8 00000000     0                 FindResourceA
0000abe0 00000000    16         del_op.o:(.text)
0000abe0 00000000    16         new_op.o:(.text)
0000abe0 00000000    16         functexcept.o:(.text)
0000abe0 000000e0    16         lib64_libmingw32_a-gccmain.o:(.text)
0000abe0 00000000     0                 __do_global_dtors
0000ac1f 00000000     0                 __do_global_ctors
0000ac97 00000000     0                 __main
0000ac97 00000000     0                 __main
0000ac97 00000000     0                 __main
0000acc0 00000000    16         lib64_libmingw32_a-natstart.o:(.text)
0000acc0 00000000    16         lib64_libmingw32_a-wildcard.o:(.text)
0000acc0 00000010    16         lib64_libmingw32_a-dllargv.o:(.text)
0000acc0 00000000     0                 _setargv
0000acc0 00000000     0                 _setargv
0000acd0 00000000    16         lib64_libmingw32_a-_newmode.o:(.text)
0000acd0 00000110    16         lib64_libmingw32_a-tlssup.o:(.text)
0000acd0 00000000     0                 __dyn_tls_init
0000ad73 00000000     0                 __tlregdtor
0000ad90 00000000     0                 __dyn_tls_dtor
0000ade0 00000000    16         lib64_libmingw32_a-xncommod.o:(.text)
0000ade0 00000000    16         lib64_libmingw32_a-cinitexe.o:(.text)
0000ade0 00000120    16         lib64_libmingw32_a-merr.o:(.text)
0000ade0 00000000     0                 _matherr
0000ade0 00000000     0                 _matherr
0000af00 00000000    16         lib64_libmingw32_a-xthdloc.o:(.text)
0000af00 00000010    16         lib64_libmingw32_a-CRT_fp10.o:(.text)
0000af00 00000000     0                 _fpreset
0000af00 00000000     0                 _fpreset
0000af00 00000000     0                 fpreset
0000af00 00000000     0                 _fpreset
0000af00 00000000     0                 _fpreset
0000af00 00000000     0                 _fpreset
0000af10 00000000    16         lib64_libmingw32_a-mingw_helpers.o:(.text)
0000af10 000008a0    16         lib64_libmingw32_a-pseudo-reloc.o:(.text)
0000af80 00000000     0                 mark_section_writable
0000b25f 00000000     0                 restore_modified_sections
0000b337 00000000     0                 __write_memory
0000b37e 00000000     0                 do_pseudo_reloc
0000b708 00000000     0                 _pei386_runtime_relocator
0000b708 00000000     0                 _pei386_runtime_relocator
0000b7b0 000000a0    16         lib64_libmingw32_a-usermatherr.o:(.text)
0000b7b0 00000000     0                 __mingw_raise_matherr
0000b81a 00000000     0                 __mingw_setusermatherr
0000b81a 00000000     0                 __mingw_setusermatherr
0000b850 00000000    16         lib64_libmingw32_a-xtxtmode.o:(.text)
0000b850 00000230    16         lib64_libmingw32_a-crt_handler.o:(.text)
0000b850 00000000     0                 _gnu_exception_handler
0000b850 00000000     0                 _gnu_exception_handler
0000b850 00000000     0                 _gnu_exception_handler
0000ba80 00000000    16         lib64_libmingwex_a-mingw_matherr.o:(.text)
0000ba80 00000070    16         lib64_libmingwex_a-mingw_vfprintf.o:(.text)
0000ba80 00000000     0                 __mingw_vfprintf
0000ba80 00000000     0                 __mingw_vfprintf
0000ba80 00000000     0                 __mingw_vfprintf
0000baf0 000047f0    16         lib64_libmingwex_a-mingw_vfscanf.o:(.text)
0000bb3f 00000000     0                 optimize_alloc
0000bbb7 00000000     0                 back_ch
0000bc67 00000000     0                 in_ch
0000bdaf 00000000     0                 match_string
0000be7e 00000000     0                 release_ptrs
0000bf5b 00000000     0                 cleanup_return
0000c01e 00000000     0                 resize_gcollect
0000c073 00000000     0                 resize_wbuf
0000c112 00000000     0                 __mingw_sformat
000101df 00000000     0                 __mingw_vfscanf
000101df 00000000     0                 __mingw_vfscanf
00010252 00000000     0                 __mingw_vsscanf
00010252 00000000     0                 __mingw_vsscanf
000102e0 00000060    16         lib64_libmingwex_a-mingw_vsprintf.o:(.text)
000102e0 00000000     0                 __mingw_vsprintf
000102e0 00000000     0                 __mingw_vsprintf
00010340 00000000    16         lib64_libucrt_extra_a-__initenv.o:(.text)
00010340 00000250    16         lib64_libucrt_extra_a-ucrtbase_compat.o:(.text)
00010340 00000000     0                 __getmainargs
00010340 00000000     0                 __getmainargs
000103c0 00000000     0                 __wgetmainargs
00010440 00000000     0                 _onexit
00010440 00000000     0                 _onexit
0001046d 00000000     0                 at_quick_exit
000104a0 00000000     0                 _amsg_exit
000104a0 00000000     0                 _amsg_exit
000104d8 00000000     0                 _get_output_format
000104e3 00000000     0                 _tzset
00010522 00000000     0                 tzset
00010536 00000000     0                 __ms_fwprintf
00010590 00000008     4         libapi-ms-win-crt-utility-l1-1-0s00030.o:(.text)
00010590 00000000     0                 .text
00010590 00000000     0                 rand
00010590 00000000     0                 rand
00010598 00000008     4         libapi-ms-win-crt-string-l1-1-0s00167.o:(.text)
00010598 00000000     0                 strlen
00010598 00000000     0                 strlen
00010598 00000000     0                 strlen
00010598 00000000     0                 strlen
00010598 00000000     0                 .text
00010598 00000000     0                 strlen
00010598 00000000     0                 strlen
00010598 00000000     0                 strlen
00010598 00000000     0                 strlen
00010598 00000000     0                 strlen
00010598 00000000     0                 strlen
00010598 00000000     0                 strlen
00010598 00000000     0                 strlen
00010598 00000000     0                 strlen
00010598 00000000     0                 strlen
00010598 00000000     0                 strlen
00010598 00000000     0                 strlen
000105a0 00000008     4         libapi-ms-win-crt-stdio-l1-1-0s00000.o:(.text)
000105a0 00000000     0                 __acrt_iob_func
000105a0 00000000     0                 __acrt_iob_func
000105a0 00000000     0                 __acrt_iob_func
000105a0 00000000     0                 .text
000105a0 00000000     0                 __acrt_iob_func
000105a0 00000000     0                 __acrt_iob_func
000105a0 00000000     0                 __acrt_iob_func
000105a8 00000008     4         libapi-ms-win-crt-stdio-l1-1-0s00001.o:(.text)
000105a8 00000000     0                 __p__commode
000105a8 00000000     0                 .text
000105a8 00000000     0                 __p__commode
000105b0 00000008     4         libapi-ms-win-crt-stdio-l1-1-0s00002.o:(.text)
000105b0 00000000     0                 __p__fmode
000105b0 00000000     0                 .text
000105b0 00000000     0                 __p__fmode
000105b8 00000008     4         libapi-ms-win-crt-stdio-l1-1-0s00147.o:(.text)
000105b8 00000000     0                 .text
000105b8 00000000     0                 fclose
000105b8 00000000     0                 fclose
000105c0 00000008     4         libapi-ms-win-crt-stdio-l1-1-0s00156.o:(.text)
000105c0 00000000     0                 .text
000105c0 00000000     0                 fopen
000105c0 00000000     0                 fopen
000105c8 00000008     4         libapi-ms-win-crt-runtime-l1-1-0s00022.o:(.text)
000105c8 00000000     0                 _cexit
000105c8 00000000     0                 .text
000105c8 00000000     0                 _cexit
000105d0 00000008     4         libapi-ms-win-crt-runtime-l1-1-0s00056.o:(.text)
000105d0 00000000     0                 _initterm
000105d0 00000000     0                 .text
000105d0 00000000     0                 _initterm
000105d8 00000008     4         libapi-ms-win-crt-runtime-l1-1-0s00068.o:(.text)
000105d8 00000000     0                 __set_app_type
000105d8 00000000     0                 .text
000105d8 00000000     0                 __set_app_type
000105e0 00000008     4         libapi-ms-win-crt-runtime-l1-1-0s00074.o:(.text)
000105e0 00000000     0                 _set_invalid_parameter_handler
000105e0 00000000     0                 .text
000105e0 00000000     0                 _set_invalid_parameter_handler
000105e8 00000008     4         libapi-ms-win-crt-runtime-l1-1-0s00088.o:(.text)
000105e8 00000000     0                 exit
000105e8 00000000     0                 exit
000105e8 00000000     0                 exit
000105e8 00000000     0                 exit
000105e8 00000000     0                 exit
000105e8 00000000     0                 exit
000105e8 00000000     0                 .text
000105e8 00000000     0                 exit
000105e8 00000000     0                 exit
000105e8 00000000     0                 exit
000105e8 00000000     0                 exit
000105e8 00000000     0                 exit
000105e8 00000000     0                 exit
000105e8 00000000     0                 exit
000105e8 00000000     0                 exit
000105e8 00000000     0                 exit
000105e8 00000000     0                 exit
000105e8 00000000     0                 exit
000105e8 00000000     0                 exit
000105e8 00000000     0                 exit
000105e8 00000000     0                 exit
000105e8 00000000     0                 exit
000105e8 00000000     0                 exit
000105e8 00000000     0                 exit
000105e8 00000000     0                 exit
000105e8 00000000     0                 exit
000105e8 00000000     0                 exit
000105e8 00000000     0                 exit
000105e8 00000000     0                 exit
000105e8 00000000     0                 exit
000105e8 00000000     0                 exit
000105e8 00000000     0                 exit
000105e8 00000000     0                 exit
000105e8 00000000     0                 exit
000105e8 00000000     0                 exit
000105e8 00000000     0                 exit
000105e8 00000000     0                 exit
000105f0 00000008     4         libapi-ms-win-crt-private-l1-1-0s01143.o:(.text)
000105f0 00000000     0                 memcpy
000105f0 00000000     0                 memcpy
000105f0 00000000     0                 memcpy
000105f0 00000000     0                 .text
000105f0 00000000     0                 memcpy
000105f0 00000000     0                 memcpy
000105f0 00000000     0                 memcpy
000105f0 00000000     0                 memcpy
000105f0 00000000     0                 memcpy
000105f0 00000000     0                 memcpy
000105f0 00000000     0                 memcpy
000105f0 00000000     0                 memcpy
000105f0 00000000     0                 memcpy
000105f0 00000000     0                 memcpy
000105f0 00000000     0                 memcpy
000105f0 00000000     0                 memcpy
000105f0 00000000     0                 memcpy
000105f0 00000000     0                 memcpy
000105f0 00000000     0                 memcpy
000105f0 00000000     0                 memcpy
000105f0 00000000     0                 memcpy
000105f8 00000008     4         libapi-ms-win-crt-private-l1-1-0s01148.o:(.text)
000105f8 00000000     0                 .text
000105f8 00000000     0                 strrchr
000105f8 00000000     0                 strrchr
00010600 00000008     4         libapi-ms-win-crt-math-l1-1-0s00284.o:(.text)
00010600 00000000     0                 .text
00010600 00000000     0                 sin
00010600 00000000     0                 sin
00010600 00000000     0                 sin
00010600 00000000     0                 sin
00010608 00000008     4         libapi-ms-win-crt-math-l1-1-0s00285.o:(.text)
00010608 00000000     0                 .text
00010608 00000000     0                 sinf
00010608 00000000     0                 sinf
00010610 00000008     4         libapi-ms-win-crt-math-l1-1-0s00291.o:(.text)
00010610 00000000     0                 .text
00010610 00000000     0                 tanf
00010618 00000008     4         libapi-ms-win-crt-heap-l1-1-0s00025.o:(.text)
00010618 00000000     0                 free
00010618 00000000     0                 free
00010618 00000000     0                 free
00010618 00000000     0                 free
00010618 00000000     0                 free
00010618 00000000     0                 .text
00010618 00000000     0                 free
00010618 00000000     0                 free
00010618 00000000     0                 free
00010618 00000000     0                 free
00010618 00000000     0                 free
00010618 00000000     0                 free
00010618 00000000     0                 free
00010618 00000000     0                 free
00010618 00000000     0                 free
00010618 00000000     0                 free
00010618 00000000     0                 free
00010618 00000000     0                 free
00010618 00000000     0                 free
00010618 00000000     0                 free
00010618 00000000     0                 free
00010618 00000000     0                 free
00010618 00000000     0                 free
00010618 00000000     0                 free
00010618 00000000     0                 free
00010620 00000008     4         libapi-ms-win-crt-heap-l1-1-0s00026.o:(.text)
00010620 00000000     0                 malloc
00010620 00000000     0                 malloc
00010620 00000000     0                 malloc
00010620 00000000     0                 malloc
00010620 00000000     0                 malloc
00010620 00000000     0                 .text
00010620 00000000     0                 malloc
00010620 00000000     0                 malloc
00010620 00000000     0                 malloc
00010620 00000000     0                 malloc
00010620 00000000     0                 malloc
00010620 00000000     0                 malloc
00010620 00000000     0                 malloc
00010620 00000000     0                 malloc
00010620 00000000     0                 malloc
00010620 00000000     0                 malloc
00010620 00000000     0                 malloc
00010620 00000000     0                 malloc
00010630 00000190    16         fg_menu_mswin.c.obj:(.text)
00010630 00000000     0                 fgPlatformGetGameModeVMaxExtent
00010630 00000000     0                 fgPlatformGetGameModeVMaxExtent
000106bf 00000000     0                 fgPlatformCheckMenuDeactivate
000106bf 00000000     0                 fgPlatformCheckMenuDeactivate
0001074f 00000000     0                 __glutCreateMenuWithExit
0001074f 00000000     0                 __glutCreateMenuWithExit
0001074f 00000000     0                 __glutCreateMenuWithExit
0001074f 00000000     0                 __glutCreateMenuWithExit
0001074f 00000000     0                 __glutCreateMenuWithExit
0001074f 00000000     0                 __glutCreateMenuWithExit
0001074f 00000000     0                 __glutCreateMenuWithExit
0001074f 00000000     0                 __glutCreateMenuWithExit
0001074f 00000000     0                 __glutCreateMenuWithExit
0001074f 00000000     0                 __glutCreateMenuWithExit
0001074f 00000000     0                 __glutCreateMenuWithExit
0001074f 00000000     0                 __glutCreateMenuWithExit
0001074f 00000000     0                 __glutCreateMenuWithExit
0001074f 00000000     0                 __glutCreateMenuWithExit
0001074f 00000000     0                 __glutCreateMenuWithExit
0001074f 00000000     0                 __glutCreateMenuWithExit
0001074f 00000000     0                 __glutCreateMenuWithExit
0001074f 00000000     0                 __glutCreateMenuWithExit
0001074f 00000000     0                 __glutCreateMenuWithExit
0001074f 00000000     0                 __glutCreateMenuWithExit
0001074f 00000000     0                 __glutCreateMenuWithExit
0001074f 00000000     0                 __glutCreateMenuWithExit
0001074f 00000000     0                 __glutCreateMenuWithExit
0001074f 00000000     0                 __glutCreateMenuWithExit
0001074f 00000000     0                 __glutCreateMenuWithExit
0001074f 00000000     0                 __glutCreateMenuWithExit
0001074f 00000000     0                 __glutCreateMenuWithExit
0001074f 00000000     0                 __glutCreateMenuWithExit
0001074f 00000000     0                 __glutCreateMenuWithExit
0001074f 00000000     0                 __glutCreateMenuWithExit
0001074f 00000000     0                 __glutCreateMenuWithExit
0001074f 00000000     0                 __glutCreateMenuWithExit
0001074f 00000000     0                 __glutCreateMenuWithExit
0001077f 00000000     0                 __glutCreateMenuUcallWithExit
0001077f 00000000     0                 __glutCreateMenuUcallWithExit
0001077f 00000000     0                 __glutCreateMenuUcallWithExit
0001077f 00000000     0                 __glutCreateMenuUcallWithExit
0001077f 00000000     0                 __glutCreateMenuUcallWithExit
0001077f 00000000     0                 __glutCreateMenuUcallWithExit
0001077f 00000000     0                 __glutCreateMenuUcallWithExit
0001077f 00000000     0                 __glutCreateMenuUcallWithExit
0001077f 00000000     0                 __glutCreateMenuUcallWithExit
0001077f 00000000     0                 __glutCreateMenuUcallWithExit
0001077f 00000000     0                 __glutCreateMenuUcallWithExit
0001077f 00000000     0                 __glutCreateMenuUcallWithExit
0001077f 00000000     0                 __glutCreateMenuUcallWithExit
0001077f 00000000     0                 __glutCreateMenuUcallWithExit
0001077f 00000000     0                 __glutCreateMenuUcallWithExit
0001077f 00000000     0                 __glutCreateMenuUcallWithExit
0001077f 00000000     0                 __glutCreateMenuUcallWithExit
0001077f 00000000     0                 __glutCreateMenuUcallWithExit
0001077f 00000000     0                 __glutCreateMenuUcallWithExit
0001077f 00000000     0                 __glutCreateMenuUcallWithExit
0001077f 00000000     0                 __glutCreateMenuUcallWithExit
0001077f 00000000     0                 __glutCreateMenuUcallWithExit
0001077f 00000000     0                 __glutCreateMenuUcallWithExit
0001077f 00000000     0                 __glutCreateMenuUcallWithExit
0001077f 00000000     0                 __glutCreateMenuUcallWithExit
0001077f 00000000     0                 __glutCreateMenuUcallWithExit
0001077f 00000000     0                 __glutCreateMenuUcallWithExit
0001077f 00000000     0                 __glutCreateMenuUcallWithExit
0001077f 00000000     0                 __glutCreateMenuUcallWithExit
0001077f 00000000     0                 __glutCreateMenuUcallWithExit
0001077f 00000000     0                 __glutCreateMenuUcallWithExit
0001077f 00000000     0                 __glutCreateMenuUcallWithExit
0001077f 00000000     0                 __glutCreateMenuUcallWithExit
000107c0 00001000    16         fg_structure.c.obj:(.text)
000108c5 00000000     0                 fgCreateWindow
000108c5 00000000     0                 fgCreateWindow
000108c5 00000000     0                 fgCreateWindow
00010a77 00000000     0                 fgCreateMenu
00010a77 00000000     0                 fgCreateMenu
00010bbc 00000000     0                 fgAddToWindowDestroyList
00010bbc 00000000     0                 fgAddToWindowDestroyList
00010bbc 00000000     0                 fgAddToWindowDestroyList
00010c9d 00000000     0                 fgCloseWindows
00010c9d 00000000     0                 fgCloseWindows
00010cf5 00000000     0                 fgDestroyWindow
00010cf5 00000000     0                 fgDestroyWindow
00010f4d 00000000     0                 fgDestroyMenu
00010f4d 00000000     0                 fgDestroyMenu
000110f5 00000000     0                 fgCreateStructure
000110f5 00000000     0                 fgCreateStructure
00011171 00000000     0                 fgDestroyStructure
00011171 00000000     0                 fgDestroyStructure
000111c0 00000000     0                 fgEnumWindows
000111c0 00000000     0                 fgEnumWindows
000111c0 00000000     0                 fgEnumWindows
00011243 00000000     0                 fgEnumMenus
00011243 00000000     0                 fgEnumMenus
000112c6 00000000     0                 fgEnumSubWindows
000112c6 00000000     0                 fgEnumSubWindows
000112c6 00000000     0                 fgEnumSubWindows
000113de 00000000     0                 fgWindowByHandle
000113de 00000000     0                 fgWindowByHandle
000113de 00000000     0                 fgWindowByHandle
0001148a 00000000     0                 fgWindowByID
0001148a 00000000     0                 fgWindowByID
0001148a 00000000     0                 fgWindowByID
00011511 00000000     0                 fgMenuByID
00011511 00000000     0                 fgMenuByID
0001158f 00000000     0                 fgGetActiveMenu
0001158f 00000000     0                 fgGetActiveMenu
0001158f 00000000     0                 fgGetActiveMenu
0001158f 00000000     0                 fgGetActiveMenu
000115c7 00000000     0                 fgListInit
000115c7 00000000     0                 fgListInit
000115e9 00000000     0                 fgListAppend
000115e9 00000000     0                 fgListAppend
000115e9 00000000     0                 fgListAppend
00011660 00000000     0                 fgListRemove
00011660 00000000     0                 fgListRemove
00011660 00000000     0                 fgListRemove
00011660 00000000     0                 fgListRemove
00011660 00000000     0                 fgListRemove
000116e6 00000000     0                 fgListLength
000116e6 00000000     0                 fgListLength
00011725 00000000     0                 fgListInsert
00011725 00000000     0                 fgListInsert
000117c0 00001060    16         fg_window.c.obj:(.text)
000117c0 00000000     0                 fghIsLegacyContextRequested
000117c0 00000000     0                 fghIsLegacyContextRequested
0001181f 00000000     0                 fghNumberOfAuxBuffersRequested
0001181f 00000000     0                 fghNumberOfAuxBuffersRequested
0001189a 00000000     0                 fghMapBit
0001189a 00000000     0                 fghMapBit
000118be 00000000     0                 fghContextCreationError
000118be 00000000     0                 fghContextCreationError
00011915 00000000     0                 fgSetWindow
00011915 00000000     0                 fgSetWindow
00011915 00000000     0                 fgSetWindow
00011915 00000000     0                 fgSetWindow
00011915 00000000     0                 fgSetWindow
00011915 00000000     0                 fgSetWindow
00011915 00000000     0                 fgSetWindow
00011915 00000000     0                 fgSetWindow
00011915 00000000     0                 fgSetWindow
00011943 00000000     0                 fgOpenWindow
00011943 00000000     0                 fgOpenWindow
00011a57 00000000     0                 fgCloseWindow
00011a57 00000000     0                 fgCloseWindow
00011aa4 00000000     0                 glutCreateWindow
00011aa4 00000000     0                 glutCreateWindow
00011b5e 00000000     0                 glutCreateSubWindow
00011b5e 00000000     0                 glutCreateSubWindow
00011ce7 00000000     0                 glutDestroyWindow
00011ce7 00000000     0                 glutDestroyWindow
00011d5e 00000000     0                 glutSetWindow
00011d5e 00000000     0                 glutSetWindow
00011df6 00000000     0                 glutGetWindow
00011df6 00000000     0                 glutGetWindow
00011e63 00000000     0                 glutShowWindow
00011e63 00000000     0                 glutShowWindow
00011e63 00000000     0                 glutShowWindow
00011f2e 00000000     0                 glutHideWindow
00011f2e 00000000     0                 glutHideWindow
00011ff9 00000000     0                 glutIconifyWindow
00011ff9 00000000     0                 glutIconifyWindow
000120c4 00000000     0                 glutSetWindowTitle
000120c4 00000000     0                 glutSetWindowTitle
00012157 00000000     0                 glutSetIconTitle
00012157 00000000     0                 glutSetIconTitle
000121ea 00000000     0                 glutReshapeWindow
000121ea 00000000     0                 glutReshapeWindow
000121ea 00000000     0                 glutReshapeWindow
000122bc 00000000     0                 glutPositionWindow
000122bc 00000000     0                 glutPositionWindow
000122bc 00000000     0                 glutPositionWindow
0001238e 00000000     0                 glutPushWindow
0001238e 00000000     0                 glutPushWindow
00012434 00000000     0                 glutPopWindow
00012434 00000000     0                 glutPopWindow
00012434 00000000     0                 glutPopWindow
000124da 00000000     0                 glutFullScreen
000124da 00000000     0                 glutFullScreen
000124da 00000000     0                 glutFullScreen
000125d8 00000000     0                 glutLeaveFullScreen
000125d8 00000000     0                 glutLeaveFullScreen
0001267f 00000000     0                 glutFullScreenToggle
0001267f 00000000     0                 glutFullScreenToggle
00012710 00000000     0                 glutGetWindowData
00012710 00000000     0                 glutGetWindowData
0001278d 00000000     0                 glutSetWindowData
0001278d 00000000     0                 glutSetWindowData
00012820 00000f80    16         fg_joystick.c.obj:(.text)
000128cb 00000000     0                 fgJoystickRawRead
00012e67 00000000     0                 fgInitialiseJoysticks
00012e67 00000000     0                 fgInitialiseJoysticks
00012eb3 00000000     0                 fgJoystickClose
00012eb3 00000000     0                 fgJoystickClose
00012f39 00000000     0                 fgJoystickPollWindow
00012f39 00000000     0                 fgJoystickPollWindow
00013096 00000000     0                 fgJoystickDetect
00013096 00000000     0                 fgJoystickDetect
00013121 00000000     0                 glutForceJoystickFunc
00013121 00000000     0                 glutForceJoystickFunc
0001318f 00000000     0                 glutJoystickGetNumAxes
0001318f 00000000     0                 glutJoystickGetNumAxes
0001318f 00000000     0                 glutJoystickGetNumAxes
000131e3 00000000     0                 glutJoystickGetNumButtons
000131e3 00000000     0                 glutJoystickGetNumButtons
000131e3 00000000     0                 glutJoystickGetNumButtons
00013237 00000000     0                 glutJoystickNotWorking
00013237 00000000     0                 glutJoystickNotWorking
0001328f 00000000     0                 glutJoystickGetDeadBand
0001328f 00000000     0                 glutJoystickGetDeadBand
000132f3 00000000     0                 glutJoystickSetDeadBand
000132f3 00000000     0                 glutJoystickSetDeadBand
00013362 00000000     0                 glutJoystickGetSaturation
00013362 00000000     0                 glutJoystickGetSaturation
000133c6 00000000     0                 glutJoystickSetSaturation
000133c6 00000000     0                 glutJoystickSetSaturation
00013435 00000000     0                 glutJoystickSetMinRange
00013435 00000000     0                 glutJoystickSetMinRange
000134c3 00000000     0                 glutJoystickSetMaxRange
000134c3 00000000     0                 glutJoystickSetMaxRange
00013551 00000000     0                 glutJoystickSetCenter
00013551 00000000     0                 glutJoystickSetCenter
000135df 00000000     0                 glutJoystickGetMinRange
000135df 00000000     0                 glutJoystickGetMinRange
00013670 00000000     0                 glutJoystickGetMaxRange
00013670 00000000     0                 glutJoystickGetMaxRange
00013701 00000000     0                 glutJoystickGetCenter
00013701 00000000     0                 glutJoystickGetCenter
000137a0 000001a0    16         fg_spaceball.c.obj:(.text)
0001384b 00000000     0                 fgInitialiseSpaceball
0001384b 00000000     0                 fgInitialiseSpaceball
0001386b 00000000     0                 fgSpaceballClose
0001387f 00000000     0                 fgHasSpaceball
0001387f 00000000     0                 fgHasSpaceball
0001387f 00000000     0                 fgHasSpaceball
000138c2 00000000     0                 fgSpaceballNumButtons
000138c2 00000000     0                 fgSpaceballNumButtons
00013905 00000000     0                 fgSpaceballSetWindow
00013940 00000008     4         libopengl32s00097.o:(.text)
00013940 00000000     0                 .text
00013940 00000000     0                 glFlush
00013950 00000070    16         lib64_libmingwex_a-mingw_fprintf.o:(.text)
00013950 00000000     0                 __mingw_fprintf
00013950 00000000     0                 __mingw_fprintf
00013950 00000000     0                 __mingw_fprintf
000139c0 00000230    16         fg_display_mswin.c.obj:(.text)
00013a6b 00000000     0                 fgPlatformGlutSwapBuffers
00013a6b 00000000     0                 fgPlatformGlutSwapBuffers
00013a96 00000000     0                 fgPlatformInitSwapCtl
00013a96 00000000     0                 fgPlatformInitSwapCtl
00013b23 00000000     0                 fgPlatformSwapInterval
00013b23 00000000     0                 fgPlatformSwapInterval
00013b78 00000000     0                 fgPlatformExtSupported
00013b78 00000000     0                 fgPlatformExtSupported
00013bf0 00000050    16         lib64_libmingwex_a-mingw_sscanf.o:(.text)
00013bf0 00000000     0                 __mingw_sscanf
00013bf0 00000000     0                 __mingw_sscanf
00013bf0 00000000     0                 __mingw_sscanf
00013c40 00000008     4         libapi-ms-win-crt-environment-l1-1-0s00018.o:(.text)
00013c40 00000000     0                 getenv
00013c40 00000000     0                 .text
00013c40 00000000     0                 getenv
00013c40 00000000     0                 getenv
00013c40 00000000     0                 getenv
00013c48 00000008     4         libapi-ms-win-crt-string-l1-1-0s00162.o:(.text)
00013c48 00000000     0                 strcmp
00013c48 00000000     0                 strcmp
00013c48 00000000     0                 .text
00013c48 00000000     0                 strcmp
00013c48 00000000     0                 strcmp
00013c48 00000000     0                 strcmp
00013c48 00000000     0                 strcmp
00013c48 00000000     0                 strcmp
00013c50 00000470    16         fg_input_devices.c.obj:(.text)
00013cfb 00000000     0                 fgInputDeviceDetect
00013cfb 00000000     0                 fgInputDeviceDetect
00013d3f 00000000     0                 fgInitialiseInputDevices
00013d3f 00000000     0                 fgInitialiseInputDevices
00013df2 00000000     0                 fgInputDeviceClose
00013df2 00000000     0                 fgInputDeviceClose
000140c0 00000510    16         fg_gamemode.c.obj:(.text)
0001416b 00000000     0                 glutGameModeString
0001416b 00000000     0                 glutGameModeString
0001432c 00000000     0                 glutEnterGameMode
0001432c 00000000     0                 glutEnterGameMode
00014435 00000000     0                 glutLeaveGameMode
00014435 00000000     0                 glutLeaveGameMode
00014435 00000000     0                 glutLeaveGameMode
00014435 00000000     0                 glutLeaveGameMode
000144a5 00000000     0                 glutGameModeGet
000144a5 00000000     0                 glutGameModeGet
000145d0 00000008     4         libapi-ms-win-crt-string-l1-1-0s00173.o:(.text)
000145d0 00000000     0                 strpbrk
000145d0 00000000     0                 .text
000145d0 00000000     0                 strpbrk
000145d8 00000008     4         libapi-ms-win-crt-convert-l1-1-0s00103.o:(.text)
000145d8 00000000     0                 strtol
000145d8 00000000     0                 strtol
000145d8 00000000     0                 .text
000145d8 00000000     0                 strtol
000145e0 00000008     4         libapi-ms-win-crt-string-l1-1-0s00051.o:(.text)
000145e0 00000000     0                 strdup
000145e0 00000000     0                 strdup
000145e0 00000000     0                 .text
000145e0 00000000     0                 strdup
000145e0 00000000     0                 strdup
000145e0 00000000     0                 strdup
000145f0 000002f0    16         xparsegeometry_repl.c.obj:(.text)
00014690 00000000     0                 XParseGeometry
00014690 00000000     0                 XParseGeometry
000148e0 00000008     4         libapi-ms-win-crt-string-l1-1-0s00175.o:(.text)
000148e0 00000000     0                 strtok
000148e0 00000000     0                 .text
000148e0 00000000     0                 strtok
000148e8 00000008     4         libapi-ms-win-crt-string-l1-1-0s00166.o:(.text)
000148e8 00000000     0                 strcspn
000148e8 00000000     0                 .text
000148e8 00000000     0                 strcspn
000148f0 00000008     4         libapi-ms-win-crt-string-l1-1-0s00170.o:(.text)
000148f0 00000000     0                 strncmp
000148f0 00000000     0                 .text
000148f0 00000000     0                 strncmp
000148f0 00000000     0                 strncmp
000148f0 00000000     0                 strncmp
000148f0 00000000     0                 strncmp
000148f0 00000000     0                 strncmp
00014900 00003740    16         fg_main_mswin.c.obj:(.text)
000149ab 00000000     0                 fgPlatformInitSystemTime
000149ab 00000000     0                 fgPlatformInitSystemTime
000149cc 00000000     0                 fgPlatformSystemTime
000149cc 00000000     0                 fgPlatformSystemTime
00014a22 00000000     0                 fgPlatformSleepForEvents
00014a22 00000000     0                 fgPlatformSleepForEvents
00014a5d 00000000     0                 fgPlatformProcessSingleEvent
00014a5d 00000000     0                 fgPlatformProcessSingleEvent
00014caf 00000000     0                 fgPlatformMainLoopPreliminaryWork
00014caf 00000000     0                 fgPlatformMainLoopPreliminaryWork
00015874 00000000     0                 fghWindowUnderCursor
00015936 00000000     0                 fgPlatformWindowProc
00015936 00000000     0                 fgPlatformWindowProc
00017a3c 00000000     0                 fgPlatformInitWork
00017a3c 00000000     0                 fgPlatformInitWork
00017ade 00000000     0                 fgPlatformPosResZordWork
00017ade 00000000     0                 fgPlatformPosResZordWork
00017f7f 00000000     0                 fgPlatformVisibilityWork
00017f7f 00000000     0                 fgPlatformVisibilityWork
00018040 00000008     4         libapi-ms-win-crt-stdio-l1-1-0s00169.o:(.text)
00018040 00000000     0                 fwrite
00018040 00000000     0                 fwrite
00018040 00000000     0                 .text
00018040 00000000     0                 fwrite
00018040 00000000     0                 fwrite
00018048 00000008     4         libapi-ms-win-crt-stdio-l1-1-0s00158.o:(.text)
00018048 00000000     0                 fputc
00018048 00000000     0                 .text
00018048 00000000     0                 fputc
00018048 00000000     0                 fputc
00018048 00000000     0                 fputc
00018050 000005f0    16         fg_misc.c.obj:(.text)
000180fb 00000000     0                 glutExtensionSupported
000180fb 00000000     0                 glutExtensionSupported
000180fb 00000000     0                 glutExtensionSupported
00018189 00000000     0                 fgMatchExt
00018189 00000000     0                 fgMatchExt
000183db 00000000     0                 glutReportErrors
000183db 00000000     0                 glutReportErrors
000183db 00000000     0                 glutReportErrors
00018440 00000000     0                 glutIgnoreKeyRepeat
00018440 00000000     0                 glutIgnoreKeyRepeat
000184c7 00000000     0                 glutSetKeyRepeat
000184c7 00000000     0                 glutSetKeyRepeat
00018549 00000000     0                 glutSetColor
00018549 00000000     0                 glutSetColor
000185b1 00000000     0                 glutGetColor
000185b1 00000000     0                 glutGetColor
000185f7 00000000     0                 glutCopyColormap
000185f7 00000000     0                 glutCopyColormap
00018640 00000920    16         fg_state_mswin.c.obj:(.text)
000186eb 00000000     0                 fgPlatformGlutGet
000186eb 00000000     0                 fgPlatformGlutGet
00018ecf 00000000     0                 fgPlatformGlutDeviceGet
00018ecf 00000000     0                 fgPlatformGlutDeviceGet
00018f43 00000000     0                 fgPlatformGlutGetModeValues
00018f43 00000000     0                 fgPlatformGlutGetModeValues
00018f60 00000008     4         libopengl32s00216.o:(.text)
00018f60 00000000     0                 .text
00018f60 00000000     0                 glPushClientAttrib
00018f68 00000008     4         libopengl32s00202.o:(.text)
00018f68 00000000     0                 .text
00018f68 00000000     0                 glPixelStorei
00018f70 00000008     4         libopengl32s00012.o:(.text)
00018f70 00000000     0                 .text
00018f70 00000000     0                 glBitmap
00018f78 00000008     4         libopengl32s00211.o:(.text)
00018f78 00000000     0                 .text
00018f78 00000000     0                 glPopClientAttrib
00018f80 000000b0    16         fg_stroke_mono_roman.c.obj:(.text)
00019030 000000b0    16         fg_stroke_roman.c.obj:(.text)
000190e0 000000b0    16         fg_font_data.c.obj:(.text)
00019190 00000008     4         libuser32s00292.o:(.text)
00019190 00000000     0                 .text
00019190 00000000     0                 GetClassInfoA
00019198 00000008     4         libuser32s00572.o:(.text)
00019198 00000000     0                 .text
00019198 00000000     0                 LoadCursorA
000191a0 00000008     4         libuser32s00695.o:(.text)
000191a0 00000000     0                 .text
000191a0 00000000     0                 RegisterClassA
000191a8 00000008     4         libuser32s00439.o:(.text)
000191a8 00000000     0                 .text
000191a8 00000000     0                 GetSystemMetrics
000191b0 00000008     4         libuser32s00321.o:(.text)
000191b0 00000000     0                 .text
000191b0 00000000     0                 GetDesktopWindow
000191b8 00000008     4         libuser32s00318.o:(.text)
000191b8 00000000     0                 .text
000191b8 00000000     0                 GetDC
000191c0 00000008     4         libgdi32s00636.o:(.text)
000191c0 00000000     0                 .text
000191c0 00000000     0                 GetDeviceCaps
000191c8 00000008     4         libuser32s00728.o:(.text)
000191c8 00000000     0                 .text
000191c8 00000000     0                 ReleaseDC
000191d0 00000008     4         libgdi32s00050.o:(.text)
000191d0 00000000     0                 .text
000191d0 00000000     0                 CreateDCA
000191d8 00000008     4         libgdi32s00384.o:(.text)
000191d8 00000000     0                 .text
000191d8 00000000     0                 DeleteDC
000191e0 00000008     4         libwinmms00159.o:(.text)
000191e0 00000000     0                 .text
000191e0 00000000     0                 timeBeginPeriod
000191e8 00000008     4         libwinmms00160.o:(.text)
000191e8 00000000     0                 .text
000191e8 00000000     0                 timeEndPeriod
000191f0 00000008     4         libapi-ms-win-crt-string-l1-1-0s00159.o:(.text)
000191f0 00000000     0                 memset
000191f0 00000000     0                 memset
000191f0 00000000     0                 memset
000191f0 00000000     0                 .text
000191f0 00000000     0                 memset
000191f0 00000000     0                 memset
000191f0 00000000     0                 memset
000191f0 00000000     0                 memset
000191f0 00000000     0                 memset
000191f0 00000000     0                 memset
000191f0 00000000     0                 memset
000191f0 00000000     0                 memset
000191f0 00000000     0                 memset
000191f0 00000000     0                 memset
000191f0 00000000     0                 memset
000191f0 00000000     0                 memset
000191f8 00000008     4         libopengl32s00355.o:(.text)
000191f8 00000000     0                 .text
000191f8 00000000     0                 wglGetProcAddress
00019200 00000008     4         libopengl32s00356.o:(.text)
00019200 00000000     0                 .text
00019200 00000000     0                 wglMakeCurrent
00019208 00000008     4         libopengl32s00347.o:(.text)
00019208 00000000     0                 .text
00019208 00000000     0                 wglDeleteContext
00019210 00000008     4         libgdi32s00025.o:(.text)
00019210 00000000     0                 .text
00019210 00000000     0                 ChoosePixelFormat
00019218 00000008     4         libopengl32s00350.o:(.text)
00019218 00000000     0                 .text
00019218 00000000     0                 wglGetCurrentContext
00019220 00000008     4         libopengl32s00351.o:(.text)
00019220 00000000     0                 .text
00019220 00000000     0                 wglGetCurrentDC
00019228 00000008     4         libuser32s00163.o:(.text)
00019228 00000000     0                 .text
00019228 00000000     0                 DefWindowProcA
00019230 00000008     4         libuser32s00114.o:(.text)
00019230 00000000     0                 .text
00019230 00000000     0                 CreateWindowExA
00019238 00000008     4         libgdi32s00906.o:(.text)
00019238 00000000     0                 .text
00019238 00000000     0                 SetPixelFormat
00019240 00000008     4         libopengl32s00345.o:(.text)
00019240 00000000     0                 .text
00019240 00000000     0                 wglCreateContext
00019248 00000008     4         libuser32s00176.o:(.text)
00019248 00000000     0                 .text
00019248 00000000     0                 DestroyWindow
00019250 00000008     4         libuser32s00905.o:(.text)
00019250 00000000     0                 .text
00019250 00000000     0                 UnregisterClassA
00019258 00000008     4         libgdi32s00388.o:(.text)
00019258 00000000     0                 .text
00019258 00000000     0                 DescribePixelFormat
00019260 00000008     4         libuser32s00468.o:(.text)
00019260 00000000     0                 .text
00019260 00000000     0                 GetWindowLongA
00019268 00000008     4         libuser32s00089.o:(.text)
00019268 00000000     0                 .text
00019268 00000000     0                 CopyRect
00019270 00000008     4         libuser32s00003.o:(.text)
00019270 00000000     0                 .text
00019270 00000000     0                 AdjustWindowRectEx
00019278 00000008     4         libuser32s00303.o:(.text)
00019278 00000000     0                 .text
00019278 00000000     0                 GetClientRect
00019280 00000008     4         libuser32s00477.o:(.text)
00019280 00000000     0                 .text
00019280 00000000     0                 GetWindowRect
00019288 00000008     4         libuser32s00635.o:(.text)
00019288 00000000     0                 .text
00019288 00000000     0                 OffsetRect
00019290 00000008     4         libuser32s00075.o:(.text)
00019290 00000000     0                 .text
00019290 00000000     0                 ClientToScreen
00019298 00000008     4         libuser32s00384.o:(.text)
00019298 00000000     0                 .text
00019298 00000000     0                 GetMonitorInfoA
000192a0 00000008     4         libuser32s00250.o:(.text)
000192a0 00000000     0                 .text
000192a0 00000000     0                 EnumDisplayMonitors
000192a8 00000008     4         libuser32s00842.o:(.text)
000192a8 00000000     0                 .text
000192a8 00000000     0                 SetWindowLongA
000192b0 00000008     4         libuser32s00847.o:(.text)
000192b0 00000000     0                 .text
000192b0 00000000     0                 SetWindowPos
000192b8 00000008     4         libgdi32s00708.o:(.text)
000192b8 00000000     0                 .text
000192b8 00000000     0                 GetSystemPaletteEntries
000192c0 00000008     4         libgdi32s00077.o:(.text)
000192c0 00000000     0                 .text
000192c0 00000000     0                 CreatePalette
000192c8 00000008     4         libgdi32s00870.o:(.text)
000192c8 00000000     0                 .text
000192c8 00000000     0                 SelectPalette
000192d0 00000008     4         libgdi32s00800.o:(.text)
000192d0 00000000     0                 .text
000192d0 00000000     0                 RealizePalette
000192d8 00000008     4         libuser32s00864.o:(.text)
000192d8 00000000     0                 .text
000192d8 00000000     0                 ShowWindow
000192e0 00000008     4         libuser32s00859.o:(.text)
000192e0 00000000     0                 .text
000192e0 00000000     0                 ShowCursor
000192e8 00000008     4         libuser32s00540.o:(.text)
000192e8 00000000     0                 .text
000192e8 00000000     0                 IsIconic
[...]
000ed75c 0000000c     4         stdexcept.o:(.pdata$_ZNSt11logic_errorD2Ev)
000ed768 0000000c     4         cow-stdexcept.o:(.pdata$_ZNSt11logic_erroraSEOS_)
000ed774 0000000c     4         cow-stdexcept.o:(.pdata$_ZNSt11logic_erroraSERKS_)
000ed780 0000000c     4         cow-stdexcept.o:(.pdata$_ZNSt11range_errorC2EPKc)
000ed78c 0000000c     4         cxx11-stdexcept.o:(.pdata$_ZNSt11range_errorC2ERKNSt7__cxx1112basic_stringIcSt11char_traitsIcESaIcEEE)
000ed798 0000000c     4         stdexcept.o:(.pdata$_ZNSt11range_errorC2ERKSs)
000ed7a4 0000000c     4         stdexcept.o:(.pdata$_ZNSt11range_errorD0Ev)
000ed7b0 0000000c     4         stdexcept.o:(.pdata$_ZNSt11range_errorD2Ev)
000ed7bc 0000000c     4         random.o:(.pdata$_ZNSt12_GLOBAL__N_112__x86_rdrandEPv)
000ed7c8 0000000c     4         random.o:(.pdata$_ZNSt12_GLOBAL__N_112__x86_rdseedEPv)
000ed7d4 0000000c     4         random.o:(.pdata$_ZNSt12_GLOBAL__N_114__winxp_rand_sEPv)
000ed7e0 0000000c     4         random.o:(.pdata$_ZNSt12_GLOBAL__N_119__x86_rdseed_rdrandEPv)
000ed7ec 0000000c     4         cow-stdexcept.o:(.pdata$_ZNSt12__cow_stringC2EOS_)
000ed7f8 0000000c     4         cow-stdexcept.o:(.pdata$_ZNSt12__cow_stringC2EPKcy)
000ed804 0000000c     4         cxx11-stdexcept.o:(.pdata$_ZNSt12__cow_stringC2ERKNSt7__cxx1112basic_stringIcSt11char_traitsIcESaIcEEE)
000ed810 0000000c     4         cow-stdexcept.o:(.pdata$_ZNSt12__cow_stringC2ERKS_)
000ed81c 0000000c     4         cow-stdexcept.o:(.pdata$_ZNSt12__cow_stringC2ERKSs)
000ed828 0000000c     4         cow-stdexcept.o:(.pdata$_ZNSt12__cow_stringC2Ev)
000ed834 0000000c     4         cow-stdexcept.o:(.pdata$_ZNSt12__cow_stringD2Ev)
000ed840 0000000c     4         cow-stdexcept.o:(.pdata$_ZNSt12__cow_stringaSEOS_)
000ed84c 0000000c     4         cow-stdexcept.o:(.pdata$_ZNSt12__cow_stringaSERKS_)
000ed858 0000000c     4         sso_string.o:(.pdata$_ZNSt12__sso_stringC2EOS_)
000ed864 0000000c     4         sso_string.o:(.pdata$_ZNSt12__sso_stringC2EPKcy)
000ed870 0000000c     4         sso_string.o:(.pdata$_ZNSt12__sso_stringC2ERKNSt7__cxx1112basic_stringIcSt11char_traitsIcESaIcEEE)
000ed87c 0000000c     4         sso_string.o:(.pdata$_ZNSt12__sso_stringC2ERKS_)
000ed888 0000000c     4         cow-stdexcept.o:(.pdata$_ZNSt12__sso_stringC2ERKSs)
000ed894 0000000c     4         sso_string.o:(.pdata$_ZNSt12__sso_stringC2Ev)
000ed8a0 0000000c     4         sso_string.o:(.pdata$_ZNSt12__sso_stringD2Ev)
000ed8ac 0000000c     4         sso_string.o:(.pdata$_ZNSt12__sso_stringaSEOS_)
000ed8b8 0000000c     4         sso_string.o:(.pdata$_ZNSt12__sso_stringaSERKS_)
000ed8c4 0000000c     4         cow-stdexcept.o:(.pdata$_ZNSt12domain_errorC2EPKc)
000ed8d0 0000000c     4         cxx11-stdexcept.o:(.pdata$_ZNSt12domain_errorC2ERKNSt7__cxx1112basic_stringIcSt11char_traitsIcESaIcEEE)
000ed8dc 0000000c     4         stdexcept.o:(.pdata$_ZNSt12domain_errorC2ERKSs)
000ed8e8 0000000c     4         stdexcept.o:(.pdata$_ZNSt12domain_errorD0Ev)
000ed8f4 0000000c     4         stdexcept.o:(.pdata$_ZNSt12domain_errorD2Ev)
000ed900 0000000c     4         cow-stdexcept.o:(.pdata$_ZNSt12length_errorC2EPKc)
000ed90c 0000000c     4         cxx11-stdexcept.o:(.pdata$_ZNSt12length_errorC2ERKNSt7__cxx1112basic_stringIcSt11char_traitsIcESaIcEEE)
000ed918 0000000c     4         stdexcept.o:(.pdata$_ZNSt12length_errorC2ERKSs)
000ed924 0000000c     4         stdexcept.o:(.pdata$_ZNSt12length_errorD0Ev)
000ed930 0000000c     4         stdexcept.o:(.pdata$_ZNSt12length_errorD2Ev)
000ed93c 0000000c     4         cow-stdexcept.o:(.pdata$_ZNSt12out_of_rangeC2EPKc)
000ed948 0000000c     4         cxx11-stdexcept.o:(.pdata$_ZNSt12out_of_rangeC2ERKNSt7__cxx1112basic_stringIcSt11char_traitsIcESaIcEEE)
000ed954 0000000c     4         stdexcept.o:(.pdata$_ZNSt12out_of_rangeC2ERKSs)
000ed960 0000000c     4         stdexcept.o:(.pdata$_ZNSt12out_of_rangeD0Ev)
000ed96c 0000000c     4         stdexcept.o:(.pdata$_ZNSt12out_of_rangeD2Ev)
000ed978 0000000c     4         system_error.o:(.pdata$_ZNSt12system_errorD0Ev)
000ed984 0000000c     4         system_error.o:(.pdata$_ZNSt12system_errorD2Ev)
000ed990 0000000c     4         eh_exception.o:(.pdata$_ZNSt13bad_exceptionD0Ev)
000ed99c 0000000c     4         eh_exception.o:(.pdata$_ZNSt13bad_exceptionD2Ev)
000ed9a8 0000000c     4         random.o:(.pdata$_ZNSt13random_device14_M_init_pretr1ERKNSt7__cxx1112basic_stringIcSt11char_traitsIcESaIcEEE)
000ed9b4 0000000c     4         cow-string-inst.o:(.pdata$_ZNSt13random_device14_M_init_pretr1ERKSs)
000ed9c0 0000000c     4         random.o:(.pdata$_ZNSt13random_device16_M_getval_pretr1Ev)
000ed9cc 0000000c     4         random.o:(.pdata$_ZNSt13random_device7_M_finiEv)
000ed9d8 0000000c     4         random.o:(.pdata$_ZNSt13random_device7_M_initEPKcy)
000ed9e4 0000000c     4         random.o:(.pdata$_ZNSt13random_device7_M_initERKNSt7__cxx1112basic_stringIcSt11char_traitsIcESaIcEEE)
000ed9f0 0000000c     4         cow-string-inst.o:(.pdata$_ZNSt13random_device7_M_initERKSs)
000ed9fc 0000000c     4         random.o:(.pdata$_ZNSt13random_device9_M_getvalEv)
000eda08 0000000c     4         cow-stdexcept.o:(.pdata$_ZNSt13runtime_errorC2EOS_)
000eda14 0000000c     4         cow-stdexcept.o:(.pdata$_ZNSt13runtime_errorC2EPKc)
000eda20 0000000c     4         cxx11-stdexcept.o:(.pdata$_ZNSt13runtime_errorC2ERKNSt7__cxx1112basic_stringIcSt11char_traitsIcESaIcEEE)
000eda2c 0000000c     4         cow-stdexcept.o:(.pdata$_ZNSt13runtime_errorC2ERKS_)
000eda38 0000000c     4         stdexcept.o:(.pdata$_ZNSt13runtime_errorC2ERKSs)
000eda44 0000000c     4         stdexcept.o:(.pdata$_ZNSt13runtime_errorD0Ev)
000eda50 0000000c     4         stdexcept.o:(.pdata$_ZNSt13runtime_errorD2Ev)
000eda5c 0000000c     4         cow-stdexcept.o:(.pdata$_ZNSt13runtime_erroraSEOS_)
000eda68 0000000c     4         cow-stdexcept.o:(.pdata$_ZNSt13runtime_erroraSERKS_)
000eda74 0000000c     4         cow-stdexcept.o:(.pdata$_ZNSt14overflow_errorC2EPKc)
000eda80 0000000c     4         cxx11-stdexcept.o:(.pdata$_ZNSt14overflow_errorC2ERKNSt7__cxx1112basic_stringIcSt11char_traitsIcESaIcEEE)
000eda8c 0000000c     4         stdexcept.o:(.pdata$_ZNSt14overflow_errorC2ERKSs)
000eda98 0000000c     4         stdexcept.o:(.pdata$_ZNSt14overflow_errorD0Ev)
000edaa4 0000000c     4         stdexcept.o:(.pdata$_ZNSt14overflow_errorD2Ev)
000edab0 0000000c     4         cow-stdexcept.o:(.pdata$_ZNSt15underflow_errorC2EPKc)
000edabc 0000000c     4         cxx11-stdexcept.o:(.pdata$_ZNSt15underflow_errorC2ERKNSt7__cxx1112basic_stringIcSt11char_traitsIcESaIcEEE)
000edac8 0000000c     4         stdexcept.o:(.pdata$_ZNSt15underflow_errorC2ERKSs)
000edad4 0000000c     4         stdexcept.o:(.pdata$_ZNSt15underflow_errorD0Ev)
000edae0 0000000c     4         stdexcept.o:(.pdata$_ZNSt15underflow_errorD2Ev)
000edaec 0000000c     4         cow-stdexcept.o:(.pdata$_ZNSt16invalid_argumentC2EPKc)
000edaf8 0000000c     4         cxx11-stdexcept.o:(.pdata$_ZNSt16invalid_argumentC2ERKNSt7__cxx1112basic_stringIcSt11char_traitsIcESaIcEEE)
000edb04 0000000c     4         stdexcept.o:(.pdata$_ZNSt16invalid_argumentC2ERKSs)
000edb10 0000000c     4         stdexcept.o:(.pdata$_ZNSt16invalid_argumentD0Ev)
000edb1c 0000000c     4         stdexcept.o:(.pdata$_ZNSt16invalid_argumentD2Ev)
000edb28 0000000c     4         bad_array_new.o:(.pdata$_ZNSt20bad_array_new_lengthD0Ev)
000edb34 0000000c     4         bad_array_new.o:(.pdata$_ZNSt20bad_array_new_lengthD2Ev)
000edb40 0000000c     4         system_error.o:(.pdata$_ZNSt3_V214error_categoryD0Ev)
000edb4c 0000000c     4         system_error.o:(.pdata$_ZNSt3_V214error_categoryD2Ev)
000edb58 0000000c     4         system_error.o:(.pdata$_ZNSt3_V215system_categoryEv)
000edb64 0000000c     4         system_error.o:(.pdata$_ZNSt3_V216generic_categoryEv)
000edb70 0000000c     4         random.o:(.pdata$_ZNSt7__cxx1112basic_stringIcSt11char_traitsIcESaIcEE12_M_constructIPKcEEvT_S8_St20forward_iterator_tag.isra.0)
000edb7c 0000000c     4         system_error.o:(.pdata$_ZNSt7__cxx1112basic_stringIcSt11char_traitsIcESaIcEE12_M_constructIPKcEEvT_S8_St20forward_iterator_tag.isra.0)
000edb88 0000000c     4         bad_cast.o:(.pdata$_ZNSt8bad_castD0Ev)
000edb94 0000000c     4         bad_cast.o:(.pdata$_ZNSt8bad_castD2Ev)
000edba0 0000000c     4         bad_alloc.o:(.pdata$_ZNSt9bad_allocD0Ev)
000edbac 0000000c     4         bad_alloc.o:(.pdata$_ZNSt9bad_allocD2Ev)
000edbb8 0000000c     4         eh_exception.o:(.pdata$_ZNSt9exceptionD0Ev)
000edbc4 0000000c     4         eh_exception.o:(.pdata$_ZNSt9exceptionD2Ev)
000edbd0 0000000c     4         tinfo.o:(.pdata$_ZNSt9type_infoD0Ev)
000edbdc 0000000c     4         tinfo.o:(.pdata$_ZNSt9type_infoD2Ev)
000edbe8 0000000c     4         eh_terminate.o:(.pdata$_ZSt13get_terminatev)
000edbf4 0000000c     4         eh_terminate.o:(.pdata$_ZSt13set_terminatePFvvE)
000edc00 0000000c     4         eh_terminate.o:(.pdata$_ZSt14get_unexpectedv)
000edc0c 0000000c     4         eh_terminate.o:(.pdata$_ZSt14set_unexpectedPFvvE)
000edc18 0000000c     4         new_handler.o:(.pdata$_ZSt15get_new_handlerv)
000edc24 0000000c     4         new_handler.o:(.pdata$_ZSt15set_new_handlerPFvvE)
000edc30 0000000c     4         eh_catch.o:(.pdata$_ZSt18uncaught_exceptionv)
000edc3c 0000000c     4         eh_catch.o:(.pdata$_ZSt19uncaught_exceptionsv)
000edc48 0000000c     4         del_op.o:(.pdata$_ZdlPv)
000edc54 0000000c     4         del_ops.o:(.pdata$_ZdlPvy)
000edc60 0000000c     4         new_op.o:(.pdata$_Znwy)
000edc6c 0000000c     4         eh_alloc.o:(.pdata$__cxa_allocate_dependent_exception)
000edc78 0000000c     4         eh_alloc.o:(.pdata$__cxa_allocate_exception)
000edc84 0000000c     4         eh_catch.o:(.pdata$__cxa_begin_catch)
000edc90 0000000c     4         eh_personality.o:(.pdata$__cxa_call_unexpected)
000edc9c 0000000c     4         eh_type.o:(.pdata$__cxa_current_exception_type)
000edca8 0000000c     4         eh_catch.o:(.pdata$__cxa_end_catch)
000edcb4 0000000c     4         eh_alloc.o:(.pdata$__cxa_free_dependent_exception)
000edcc0 0000000c     4         eh_alloc.o:(.pdata$__cxa_free_exception)
000edccc 0000000c     4         eh_catch.o:(.pdata$__cxa_get_exception_ptr)
000edcd8 0000000c     4         eh_globals.o:(.pdata$__cxa_get_globals)
000edce4 0000000c     4         eh_globals.o:(.pdata$__cxa_get_globals_fast)
000edcf0 0000000c     4         eh_throw.o:(.pdata$__cxa_init_primary_exception)
000edcfc 0000000c     4         eh_throw.o:(.pdata$__cxa_rethrow)
000edd08 0000000c     4         eh_throw.o:(.pdata$__cxa_throw)
000edd14 0000000c     4         eh_personality.o:(.pdata$__gxx_personality_seh0)
000edd20 0000000c     4         eh_alloc.o:(.pdata$__tcf_0)
000edd2c 0000000c     4         system_error.o:(.pdata$__tcf_0)
000edd38 0000000c     4         system_error.o:(.pdata$__tcf_1)
000edd44 0000000c     4         C:/MinGWLLVMClang/mingw64/lib/gcc/x86_64-w64-mingw32/14.2.0/crtend.o:(.pdata.startup)
000edd50 0000000c     4         eh_alloc.o:(.pdata.startup._GLOBAL__sub_I__ZN9__gnu_cxx9__freeresEv)
000edd5c 0000000c     4         system_error.o:(.pdata.startup._GLOBAL__sub_I__ZSt20__throw_system_errori)
000edd68 00000018     4         unwind-seh.o:(.pdata.unlikely)
000edd80 00000018     4         emutls.o:(.pdata.unlikely)
000edd98 0000000c     4         cp-demangle.o:(.pdata.unlikely)
000edda4 0000000c     4         eh_personality.o:(.pdata.unlikely._ZL20check_exception_specP16lsda_header_infoPKSt9type_infoPvx)
000eddb0 0000000c     4         eh_personality.o:(.pdata.unlikely._ZL21base_of_encoded_valuehP15_Unwind_Context)
000eddbc 0000000c     4         eh_personality.o:(.pdata.unlikely._ZL28read_encoded_value_with_basehyPKhPy)
000eddc8 0000000c     4         eh_terminate.o:(.pdata.unlikely._ZN10__cxxabiv111__terminateEPFvvE)
000eddd4 0000000c     4         eh_personality.o:(.pdata.unlikely._ZN10__cxxabiv1L21__gxx_personality_impEiiyP17_Unwind_ExceptionP15_Unwind_Context)
000edde0 0000000c     4         eh_alloc.o:(.pdata.unlikely._ZN12_GLOBAL__N_14pool4freeEPv.constprop.0)
000eddec 0000000c     4         eh_alloc.o:(.pdata.unlikely._ZN12_GLOBAL__N_14pool8allocateEy.constprop.0)
000eddf8 0000000c     4         snprintf_lite.o:(.pdata.unlikely._ZN9__gnu_cxx15__snprintf_liteEPcyPKcS0_)
000ede04 0000000c     4         snprintf_lite.o:(.pdata.unlikely._ZN9__gnu_cxx26__throw_insufficient_spaceEPKcS1_)
000ede10 0000000c     4         vterminate.o:(.pdata.unlikely._ZN9__gnu_cxx27__verbose_terminate_handlerEv)
000ede1c 0000000c     4         eh_alloc.o:(.pdata.unlikely._ZN9__gnu_cxx9__freeresEv)
000ede28 0000000c     4         system_error.o:(.pdata.unlikely._ZNK12_GLOBAL__N_121system_error_category7messageB5cxx11Ei)
000ede34 0000000c     4         system_error.o:(.pdata.unlikely._ZNK12_GLOBAL__N_122generic_error_category7messageB5cxx11Ei)
000ede40 0000000c     4         system_error.o:(.pdata.unlikely._ZNKSt3_V214error_category10_M_messageB5cxx11Ei)
000ede4c 0000000c     4         cow-stdexcept.o:(.pdata.unlikely._ZNKSt3_V214error_category10_M_messageEi)
000ede58 0000000c     4         cow-stdexcept.o:(.pdata.unlikely._ZNSs12_S_constructIPKcEEPcT_S3_RKSaIcESt20forward_iterator_tag.isra.0)
000ede64 0000000c     4         cow-stdexcept.o:(.pdata.unlikely._ZNSt11logic_errorC2EPKc)
000ede70 0000000c     4         cxx11-stdexcept.o:(.pdata.unlikely._ZNSt11logic_errorC2ERKNSt7__cxx1112basic_stringIcSt11char_traitsIcESaIcEEE)
000ede7c 0000000c     4         stdexcept.o:(.pdata.unlikely._ZNSt11logic_errorC2ERKSs)
000ede88 0000000c     4         cow-stdexcept.o:(.pdata.unlikely._ZNSt11range_errorC2EPKc)
000ede94 0000000c     4         cxx11-stdexcept.o:(.pdata.unlikely._ZNSt11range_errorC2ERKNSt7__cxx1112basic_stringIcSt11char_traitsIcESaIcEEE)
000edea0 0000000c     4         random.o:(.pdata.unlikely._ZNSt12_GLOBAL__N_112__x86_rdrandEPv)
000edeac 0000000c     4         random.o:(.pdata.unlikely._ZNSt12_GLOBAL__N_112__x86_rdseedEPv)
000edeb8 0000000c     4         random.o:(.pdata.unlikely._ZNSt12_GLOBAL__N_114__throw_syserrEiPKc)
000edec4 0000000c     4         random.o:(.pdata.unlikely._ZNSt12_GLOBAL__N_114__winxp_rand_sEPv)
000eded0 0000000c     4         cow-stdexcept.o:(.pdata.unlikely._ZNSt12__cow_stringC2EPKcy)
000ededc 0000000c     4         sso_string.o:(.pdata.unlikely._ZNSt12__sso_stringC2EPKcy)
000edee8 0000000c     4         cow-stdexcept.o:(.pdata.unlikely._ZNSt12domain_errorC2EPKc)
000edef4 0000000c     4         cxx11-stdexcept.o:(.pdata.unlikely._ZNSt12domain_errorC2ERKNSt7__cxx1112basic_stringIcSt11char_traitsIcESaIcEEE)
000edf00 0000000c     4         cow-stdexcept.o:(.pdata.unlikely._ZNSt12length_errorC2EPKc)
000edf0c 0000000c     4         cxx11-stdexcept.o:(.pdata.unlikely._ZNSt12length_errorC2ERKNSt7__cxx1112basic_stringIcSt11char_traitsIcESaIcEEE)
000edf18 0000000c     4         cow-stdexcept.o:(.pdata.unlikely._ZNSt12out_of_rangeC2EPKc)
000edf24 0000000c     4         cxx11-stdexcept.o:(.pdata.unlikely._ZNSt12out_of_rangeC2ERKNSt7__cxx1112basic_stringIcSt11char_traitsIcESaIcEEE)
000edf30 0000000c     4         random.o:(.pdata.unlikely._ZNSt13random_device14_M_init_pretr1ERKNSt7__cxx1112basic_stringIcSt11char_traitsIcESaIcEEE)
000edf3c 0000000c     4         random.o:(.pdata.unlikely._ZNSt13random_device7_M_initEPKcy)
000edf48 0000000c     4         random.o:(.pdata.unlikely._ZNSt13random_device7_M_initERKNSt7__cxx1112basic_stringIcSt11char_traitsIcESaIcEEE)
000edf54 0000000c     4         cow-stdexcept.o:(.pdata.unlikely._ZNSt13runtime_errorC2EPKc)
000edf60 0000000c     4         cxx11-stdexcept.o:(.pdata.unlikely._ZNSt13runtime_errorC2ERKNSt7__cxx1112basic_stringIcSt11char_traitsIcESaIcEEE)
000edf6c 0000000c     4         stdexcept.o:(.pdata.unlikely._ZNSt13runtime_errorC2ERKSs)
000edf78 0000000c     4         cow-stdexcept.o:(.pdata.unlikely._ZNSt14overflow_errorC2EPKc)
000edf84 0000000c     4         cxx11-stdexcept.o:(.pdata.unlikely._ZNSt14overflow_errorC2ERKNSt7__cxx1112basic_stringIcSt11char_traitsIcESaIcEEE)
000edf90 0000000c     4         cow-stdexcept.o:(.pdata.unlikely._ZNSt15underflow_errorC2EPKc)
000edf9c 0000000c     4         cxx11-stdexcept.o:(.pdata.unlikely._ZNSt15underflow_errorC2ERKNSt7__cxx1112basic_stringIcSt11char_traitsIcESaIcEEE)
000edfa8 0000000c     4         cow-stdexcept.o:(.pdata.unlikely._ZNSt16invalid_argumentC2EPKc)
000edfb4 0000000c     4         cxx11-stdexcept.o:(.pdata.unlikely._ZNSt16invalid_argumentC2ERKNSt7__cxx1112basic_stringIcSt11char_traitsIcESaIcEEE)
000edfc0 0000000c     4         eh_terminate.o:(.pdata.unlikely._ZSt10unexpectedv)
000edfcc 0000000c     4         functexcept.o:(.pdata.unlikely._ZSt16__throw_bad_castv)
000edfd8 0000000c     4         functexcept.o:(.pdata.unlikely._ZSt17__throw_bad_allocv)
000edfe4 0000000c     4         functexcept.o:(.pdata.unlikely._ZSt18__throw_bad_typeidv)
000edff0 0000000c     4         functexcept.o:(.pdata.unlikely._ZSt19__throw_logic_errorPKc)
000edffc 0000000c     4         functexcept.o:(.pdata.unlikely._ZSt19__throw_range_errorPKc)
000ee008 0000000c     4         functexcept.o:(.pdata.unlikely._ZSt20__throw_domain_errorPKc)
000ee014 0000000c     4         functexcept.o:(.pdata.unlikely._ZSt20__throw_length_errorPKc)
000ee020 0000000c     4         functexcept.o:(.pdata.unlikely._ZSt20__throw_out_of_rangePKc)
000ee02c 0000000c     4         system_error.o:(.pdata.unlikely._ZSt20__throw_system_errori)
000ee038 0000000c     4         functexcept.o:(.pdata.unlikely._ZSt21__throw_bad_exceptionv)
000ee044 0000000c     4         functexcept.o:(.pdata.unlikely._ZSt21__throw_runtime_errorPKc)
000ee050 0000000c     4         functexcept.o:(.pdata.unlikely._ZSt22__throw_overflow_errorPKc)
000ee05c 0000000c     4         functexcept.o:(.pdata.unlikely._ZSt23__throw_underflow_errorPKc)
000ee068 0000000c     4         functexcept.o:(.pdata.unlikely._ZSt24__throw_invalid_argumentPKc)
000ee074 0000000c     4         functexcept.o:(.pdata.unlikely._ZSt24__throw_out_of_range_fmtPKcz)
000ee080 0000000c     4         functexcept.o:(.pdata.unlikely._ZSt28__throw_bad_array_new_lengthv)
000ee08c 0000000c     4         eh_terminate.o:(.pdata.unlikely._ZSt9terminatev)
000ee098 0000000c     4         new_op.o:(.pdata.unlikely._Znwy)
000ee0a4 0000000c     4         eh_alloc.o:(.pdata.unlikely.__cxa_allocate_dependent_exception)
000ee0b0 0000000c     4         eh_alloc.o:(.pdata.unlikely.__cxa_allocate_exception)
000ee0bc 0000000c     4         eh_catch.o:(.pdata.unlikely.__cxa_begin_catch)
000ee0c8 0000000c     4         eh_call.o:(.pdata.unlikely.__cxa_call_terminate)
000ee0d4 0000000c     4         eh_personality.o:(.pdata.unlikely.__cxa_call_unexpected)
000ee0e0 0000000c     4         eh_catch.o:(.pdata.unlikely.__cxa_end_catch)
000ee0ec 0000000c     4         eh_throw.o:(.pdata.unlikely.__cxa_rethrow)
000ef000 00000004  4096 .eh_frame
000ef000 00000000     4         C:/MinGWLLVMClang/mingw64/lib/gcc/x86_64-w64-mingw32/14.2.0/crtbegin.o:(.eh_frame)
000ef000 00000000     0                 __EH_FRAME_BEGIN__
000ef000 00000000     0                 .eh_frame
000ef000 00000004     4         C:/MinGWLLVMClang/mingw64/lib/gcc/x86_64-w64-mingw32/14.2.0/crtend.o:(.eh_frame)
000ef000 00000000     0                 __FRAME_END__
000f0000 00000010  4096 .tls
000f0000 00000008     8         lib64_libmingw32_a-tlssup.o:(.tls)
000f0000 00000000     0                 _tls_start
000f0008 00000008     8         lib64_libmingw32_a-tlssup.o:(.tls$ZZZ)
000f0008 00000000     0                 _tls_end
000f1000 000047c0  4096 .rsrc
000f1000 0000016c    16         resource.res:(.rsrc$01)
000f1170 00004650    16         resource.res:(.rsrc$02)
000f1170 00000000     0                 $R000000
000f1278 00000000     0                 $R000001
000f1290 00000000     0                 $R000002
000f1bb0 00000000     0                 $R000003
000f5188 00000000     0                 $R000004
000f6000 00001b34  4096 .reloc
